Product: MDK-ARM Professional 5.10
Component: ARM Compiler 5.04 update 1 (build 49)
Tool: armlink [5040049]

==============================================================================

Section Cross References

    fitcpu.o(.emb_text) refers to ostask.o(.text) for OSTaskSwitchContext
    fitcpu.o(.emb_text) refers to ostask.o(.data) for gptCurrentTCB
    fitcpu.o(.text) refers to fitcpu.o(.emb_text) for FitSetInterruptMask
    fitcpu.o(.text) refers to ostask.o(.text) for OSTaskIncrementTick
    fitcpu.o(.text) refers to fitcpu.o(.data) for uxCriticalNesting
    osmemory.o(.text) refers to fitcpu.o(.text) for FitEnterCritical
    osmemory.o(.text) refers to rt_memclr.o(.text) for __aeabi_memclr
    osmemory.o(.text) refers to osmemory.o(.data) for gpOSMemBegin
    osmemory.o(.text) refers to osmemory.o(.bss) for OSRamHeap
    osmsgq.o(.text) refers to osqueue.o(.text) for OSQCreate
    osmsgq.o(.text) refers to ostask.o(.text) for OSTaskGetSchedulerState
    osmutex.o(.text) refers to osmemory.o(.text) for OSMemMalloc
    osmutex.o(.text) refers to oslist.o(.text) for OSListInitialise
    osmutex.o(.text) refers to osqueue.o(.text) for OSQSend
    osmutex.o(.text) refers to ossemaphore.o(.text) for OSSemPend
    osqueue.o(.text) refers to fitcpu.o(.text) for FitEnterCritical
    osqueue.o(.text) refers to ostask.o(.text) for OSTaskDeleteFromEventList
    osqueue.o(.text) refers to oslist.o(.text) for OSListInitialise
    osqueue.o(.text) refers to osmemory.o(.text) for OSMemMalloc
    osqueue.o(.text) refers to rt_memcpy_v6.o(.text) for __aeabi_memcpy
    osqueue.o(.text) refers to fitcpu.o(.emb_text) for FitSetInterruptMask
    ossemaphore.o(.text) refers to osqueue.o(.text) for OSQCreate
    ossemaphore.o(.text) refers to ostask.o(.text) for OSTaskGetSchedulerState
    ostask.o(.text) refers to oslist.o(.text) for OSListInitialise
    ostask.o(.text) refers to osmemory.o(.text) for OSMemMalloc
    ostask.o(.text) refers to aeabi_memset.o(.text) for __aeabi_memset
    ostask.o(.text) refers to fitcpu.o(.text) for FitInitializeStack
    ostask.o(.text) refers to ostimer.o(.text) for OSTimerIncrementTick
    ostask.o(.text) refers to ostask.o(.data) for guxTopReadyPriority
    ostask.o(.text) refers to ostask.o(.bss) for gtOSTaskListReadyArray
    ostask.o(.text) refers to fitcpu.o(.emb_text) for FitSetInterruptMask
    ostimer.o(.text) refers to osmsgq.o(.text) for OSMsgQReceive
    ostimer.o(.text) refers to fitcpu.o(.text) for FitEnterCritical
    ostimer.o(.text) refers to osmemory.o(.text) for OSMemMalloc
    ostimer.o(.text) refers to ostask.o(.text) for OSTaskCreate
    ostimer.o(.text) refers to ostimer.o(.data) for gOSTimerMsgQHandle
    stm32f10x_adc.o(.text) refers to stm32f10x_rcc.o(.text) for RCC_APB2PeriphResetCmd
    stm32f10x_bkp.o(.text) refers to stm32f10x_rcc.o(.text) for RCC_BackupResetCmd
    stm32f10x_can.o(.text) refers to stm32f10x_rcc.o(.text) for RCC_APB1PeriphResetCmd
    stm32f10x_cec.o(.text) refers to stm32f10x_rcc.o(.text) for RCC_APB1PeriphResetCmd
    stm32f10x_dac.o(.text) refers to stm32f10x_rcc.o(.text) for RCC_APB1PeriphResetCmd
    stm32f10x_gpio.o(.text) refers to stm32f10x_rcc.o(.text) for RCC_APB2PeriphResetCmd
    stm32f10x_i2c.o(.text) refers to stm32f10x_rcc.o(.text) for RCC_APB1PeriphResetCmd
    stm32f10x_pwr.o(.text) refers to stm32f10x_rcc.o(.text) for RCC_APB1PeriphResetCmd
    stm32f10x_rcc.o(.text) refers to stm32f10x_rcc.o(.data) for APBAHBPrescTable
    stm32f10x_spi.o(.text) refers to stm32f10x_rcc.o(.text) for RCC_APB2PeriphResetCmd
    stm32f10x_tim.o(.text) refers to stm32f10x_rcc.o(.text) for RCC_APB2PeriphResetCmd
    stm32f10x_usart.o(.text) refers to stm32f10x_rcc.o(.text) for RCC_APB2PeriphResetCmd
    stm32f10x_wwdg.o(.text) refers to stm32f10x_rcc.o(.text) for RCC_APB1PeriphResetCmd
    system_stm32f10x.o(.text) refers to system_stm32f10x.o(.data) for SystemCoreClock
    startup_stm32f10x_md.o(STACK) refers (Special) to heapauxi.o(.text) for __use_two_region_memory
    startup_stm32f10x_md.o(HEAP) refers (Special) to heapauxi.o(.text) for __use_two_region_memory
    startup_stm32f10x_md.o(RESET) refers (Special) to heapauxi.o(.text) for __use_two_region_memory
    startup_stm32f10x_md.o(RESET) refers to startup_stm32f10x_md.o(STACK) for __initial_sp
    startup_stm32f10x_md.o(RESET) refers to startup_stm32f10x_md.o(.text) for Reset_Handler
    startup_stm32f10x_md.o(RESET) refers to stm32f10x_it.o(.text) for NMI_Handler
    startup_stm32f10x_md.o(RESET) refers to fitcpu.o(.emb_text) for SVC_Handler
    startup_stm32f10x_md.o(RESET) refers to fitcpu.o(.text) for SysTick_Handler
    startup_stm32f10x_md.o(.text) refers (Special) to heapauxi.o(.text) for __use_two_region_memory
    startup_stm32f10x_md.o(.text) refers to system_stm32f10x.o(.text) for SystemInit
    startup_stm32f10x_md.o(.text) refers to __main.o(!!!main) for __main
    startup_stm32f10x_md.o(.text) refers to startup_stm32f10x_md.o(HEAP) for Heap_Mem
    startup_stm32f10x_md.o(.text) refers to startup_stm32f10x_md.o(STACK) for Stack_Mem
    main.o(.text) refers to ossemaphore.o(.text) for OSSemPost
    main.o(.text) refers to ostask.o(.text) for OSTaskSleep
    main.o(.text) refers to stm32f10x_rcc.o(.text) for RCC_APB2PeriphClockCmd
    main.o(.text) refers to stm32f10x_gpio.o(.text) for GPIO_Init
    main.o(.text) refers to misc.o(.text) for NVIC_SetVectorTable
    main.o(.text) refers to ostimer.o(.text) for OSTimerCreate
    main.o(.text) refers to main.o(.data) for LedSemHandle
    rt_memcpy_v6.o(.text) refers to rt_memcpy_w.o(.text) for __aeabi_memcpy4
    aeabi_memset.o(.text) refers to rt_memclr.o(.text) for _memset
    rt_memclr.o(.text) refers to rt_memclr_w.o(.text) for _memset_w
    __main.o(!!!main) refers to rtentry.o(.ARM.Collect$$rtentry$$00000000) for __rt_entry
    rtentry.o(.ARM.Collect$$rtentry$$00000000) refers (Special) to rtentry2.o(.ARM.Collect$$rtentry$$0000000A) for __rt_entry_li
    rtentry.o(.ARM.Collect$$rtentry$$00000000) refers (Special) to rtentry2.o(.ARM.Collect$$rtentry$$0000000D) for __rt_entry_main
    rtentry.o(.ARM.Collect$$rtentry$$00000000) refers (Special) to rtentry2.o(.ARM.Collect$$rtentry$$0000000C) for __rt_entry_postli_1
    rtentry.o(.ARM.Collect$$rtentry$$00000000) refers (Special) to rtentry2.o(.ARM.Collect$$rtentry$$00000009) for __rt_entry_postsh_1
    rtentry.o(.ARM.Collect$$rtentry$$00000000) refers (Special) to rtentry2.o(.ARM.Collect$$rtentry$$00000002) for __rt_entry_presh_1
    rtentry.o(.ARM.Collect$$rtentry$$00000000) refers (Special) to rtentry4.o(.ARM.Collect$$rtentry$$00000004) for __rt_entry_sh
    rtentry2.o(.ARM.Collect$$rtentry$$00000008) refers to boardinit2.o(.text) for _platform_post_stackheap_init
    rtentry2.o(.ARM.Collect$$rtentry$$0000000A) refers to libinit.o(.ARM.Collect$$libinit$$00000000) for __rt_lib_init
    rtentry2.o(.ARM.Collect$$rtentry$$0000000B) refers to boardinit3.o(.text) for _platform_post_lib_init
    rtentry2.o(.ARM.Collect$$rtentry$$0000000D) refers to main.o(.text) for main
    rtentry2.o(.ARM.Collect$$rtentry$$0000000D) refers to exit.o(.text) for exit
    rtentry2.o(.ARM.exidx) refers to rtentry2.o(.ARM.Collect$$rtentry$$00000001) for .ARM.Collect$$rtentry$$00000001
    rtentry2.o(.ARM.exidx) refers to rtentry2.o(.ARM.Collect$$rtentry$$00000008) for .ARM.Collect$$rtentry$$00000008
    rtentry2.o(.ARM.exidx) refers to rtentry2.o(.ARM.Collect$$rtentry$$0000000A) for .ARM.Collect$$rtentry$$0000000A
    rtentry2.o(.ARM.exidx) refers to rtentry2.o(.ARM.Collect$$rtentry$$0000000B) for .ARM.Collect$$rtentry$$0000000B
    rtentry2.o(.ARM.exidx) refers to rtentry2.o(.ARM.Collect$$rtentry$$0000000D) for .ARM.Collect$$rtentry$$0000000D
    rtentry4.o(.ARM.Collect$$rtentry$$00000004) refers to sys_stackheap_outer.o(.text) for __user_setup_stackheap
    rtentry4.o(.ARM.exidx) refers to rtentry4.o(.ARM.Collect$$rtentry$$00000004) for .ARM.Collect$$rtentry$$00000004
    sys_stackheap_outer.o(.text) refers to libspace.o(.text) for __user_perproc_libspace
    sys_stackheap_outer.o(.text) refers to startup_stm32f10x_md.o(.text) for __user_initial_stackheap
    exit.o(.text) refers to rtexit.o(.ARM.Collect$$rtexit$$00000000) for __rt_exit
    libinit.o(.ARM.Collect$$libinit$$00000000) refers (Special) to libinit2.o(.ARM.Collect$$libinit$$0000002C) for __rt_lib_init_alloca_1
    libinit.o(.ARM.Collect$$libinit$$00000000) refers (Special) to libinit2.o(.ARM.Collect$$libinit$$0000002A) for __rt_lib_init_argv_1
    libinit.o(.ARM.Collect$$libinit$$00000000) refers (Special) to libinit2.o(.ARM.Collect$$libinit$$00000019) for __rt_lib_init_atexit_1
    libinit.o(.ARM.Collect$$libinit$$00000000) refers (Special) to libinit2.o(.ARM.Collect$$libinit$$0000001F) for __rt_lib_init_clock_1
    libinit.o(.ARM.Collect$$libinit$$00000000) refers (Special) to libinit2.o(.ARM.Collect$$libinit$$00000030) for __rt_lib_init_cpp_1
    libinit.o(.ARM.Collect$$libinit$$00000000) refers (Special) to libinit2.o(.ARM.Collect$$libinit$$0000002E) for __rt_lib_init_exceptions_1
    libinit.o(.ARM.Collect$$libinit$$00000000) refers (Special) to libinit2.o(.ARM.Collect$$libinit$$00000002) for __rt_lib_init_fp_1
    libinit.o(.ARM.Collect$$libinit$$00000000) refers (Special) to libinit2.o(.ARM.Collect$$libinit$$0000001D) for __rt_lib_init_fp_trap_1
    libinit.o(.ARM.Collect$$libinit$$00000000) refers (Special) to libinit2.o(.ARM.Collect$$libinit$$00000021) for __rt_lib_init_getenv_1
    libinit.o(.ARM.Collect$$libinit$$00000000) refers (Special) to libinit2.o(.ARM.Collect$$libinit$$00000008) for __rt_lib_init_heap_1
    libinit.o(.ARM.Collect$$libinit$$00000000) refers (Special) to libinit2.o(.ARM.Collect$$libinit$$0000000F) for __rt_lib_init_lc_collate_1
    libinit.o(.ARM.Collect$$libinit$$00000000) refers (Special) to libinit2.o(.ARM.Collect$$libinit$$00000011) for __rt_lib_init_lc_ctype_1
    libinit.o(.ARM.Collect$$libinit$$00000000) refers (Special) to libinit2.o(.ARM.Collect$$libinit$$00000013) for __rt_lib_init_lc_monetary_1
    libinit.o(.ARM.Collect$$libinit$$00000000) refers (Special) to libinit2.o(.ARM.Collect$$libinit$$00000015) for __rt_lib_init_lc_numeric_1
    libinit.o(.ARM.Collect$$libinit$$00000000) refers (Special) to libinit2.o(.ARM.Collect$$libinit$$00000017) for __rt_lib_init_lc_time_1
    libinit.o(.ARM.Collect$$libinit$$00000000) refers (Special) to libinit2.o(.ARM.Collect$$libinit$$0000000C) for __rt_lib_init_rand_1
    libinit.o(.ARM.Collect$$libinit$$00000000) refers (Special) to libinit2.o(.ARM.Collect$$libinit$$00000031) for __rt_lib_init_return
    libinit.o(.ARM.Collect$$libinit$$00000000) refers (Special) to libinit2.o(.ARM.Collect$$libinit$$0000001B) for __rt_lib_init_signal_1
    libinit.o(.ARM.Collect$$libinit$$00000000) refers (Special) to libinit2.o(.ARM.Collect$$libinit$$00000023) for __rt_lib_init_stdio_1
    libinit.o(.ARM.Collect$$libinit$$00000000) refers (Special) to libinit2.o(.ARM.Collect$$libinit$$0000000A) for __rt_lib_init_user_alloc_1
    libspace.o(.text) refers to libspace.o(.bss) for __libspace_start
    rtexit.o(.ARM.Collect$$rtexit$$00000000) refers (Special) to rtexit2.o(.ARM.Collect$$rtexit$$00000004) for __rt_exit_exit
    rtexit.o(.ARM.Collect$$rtexit$$00000000) refers (Special) to rtexit2.o(.ARM.Collect$$rtexit$$00000003) for __rt_exit_ls
    rtexit.o(.ARM.Collect$$rtexit$$00000000) refers (Special) to rtexit2.o(.ARM.Collect$$rtexit$$00000002) for __rt_exit_prels_1
    rtexit.o(.ARM.exidx) refers (Special) to rtexit2.o(.ARM.Collect$$rtexit$$00000004) for __rt_exit_exit
    rtexit.o(.ARM.exidx) refers (Special) to rtexit2.o(.ARM.Collect$$rtexit$$00000003) for __rt_exit_ls
    rtexit.o(.ARM.exidx) refers (Special) to rtexit2.o(.ARM.Collect$$rtexit$$00000002) for __rt_exit_prels_1
    rtexit.o(.ARM.exidx) refers to rtexit.o(.ARM.Collect$$rtexit$$00000000) for .ARM.Collect$$rtexit$$00000000
    libinit2.o(.ARM.Collect$$libinit$$0000000E) refers to libinit2.o(.ARM.Collect$$libinit$$0000000D) for .ARM.Collect$$libinit$$0000000D
    libinit2.o(.ARM.Collect$$libinit$$00000010) refers to libinit2.o(.ARM.Collect$$libinit$$0000000D) for .ARM.Collect$$libinit$$0000000D
    libinit2.o(.ARM.Collect$$libinit$$00000012) refers to libinit2.o(.ARM.Collect$$libinit$$0000000D) for .ARM.Collect$$libinit$$0000000D
    libinit2.o(.ARM.Collect$$libinit$$00000014) refers to libinit2.o(.ARM.Collect$$libinit$$0000000D) for .ARM.Collect$$libinit$$0000000D
    libinit2.o(.ARM.Collect$$libinit$$00000016) refers to libinit2.o(.ARM.Collect$$libinit$$0000000D) for .ARM.Collect$$libinit$$0000000D
    libinit2.o(.ARM.Collect$$libinit$$00000024) refers to argv_veneer.o(.emb_text) for __ARM_argv_veneer
    libinit2.o(.ARM.Collect$$libinit$$00000025) refers to argv_veneer.o(.emb_text) for __ARM_argv_veneer
    rtexit2.o(.ARM.Collect$$rtexit$$00000003) refers to libshutdown.o(.ARM.Collect$$libshutdown$$00000000) for __rt_lib_shutdown
    rtexit2.o(.ARM.Collect$$rtexit$$00000004) refers to sys_exit.o(.text) for _sys_exit
    rtexit2.o(.ARM.exidx) refers to rtexit2.o(.ARM.Collect$$rtexit$$00000001) for .ARM.Collect$$rtexit$$00000001
    rtexit2.o(.ARM.exidx) refers to rtexit2.o(.ARM.Collect$$rtexit$$00000003) for .ARM.Collect$$rtexit$$00000003
    rtexit2.o(.ARM.exidx) refers to rtexit2.o(.ARM.Collect$$rtexit$$00000004) for .ARM.Collect$$rtexit$$00000004
    argv_veneer.o(.emb_text) refers to no_argv.o(.text) for __ARM_get_argv
    sys_exit.o(.text) refers (Special) to use_no_semi.o(.text) for __I$use$semihosting
    sys_exit.o(.text) refers (Special) to indicate_semi.o(.text) for __semihosting_library_function
    _get_argv_nomalloc.o(.text) refers (Special) to hrguard.o(.text) for __heap_region$guard
    _get_argv_nomalloc.o(.text) refers to defsig_rtmem_outer.o(.text) for __rt_SIGRTMEM
    _get_argv_nomalloc.o(.text) refers to sys_command.o(.text) for _sys_command_string
    libshutdown.o(.ARM.Collect$$libshutdown$$00000000) refers (Special) to libshutdown2.o(.ARM.Collect$$libshutdown$$00000006) for __rt_lib_shutdown_fp_trap_1
    libshutdown.o(.ARM.Collect$$libshutdown$$00000000) refers (Special) to libshutdown2.o(.ARM.Collect$$libshutdown$$0000000E) for __rt_lib_shutdown_heap_1
    libshutdown.o(.ARM.Collect$$libshutdown$$00000000) refers (Special) to libshutdown2.o(.ARM.Collect$$libshutdown$$0000000F) for __rt_lib_shutdown_return
    libshutdown.o(.ARM.Collect$$libshutdown$$00000000) refers (Special) to libshutdown2.o(.ARM.Collect$$libshutdown$$00000009) for __rt_lib_shutdown_signal_1
    libshutdown.o(.ARM.Collect$$libshutdown$$00000000) refers (Special) to libshutdown2.o(.ARM.Collect$$libshutdown$$00000003) for __rt_lib_shutdown_stdio_1
    libshutdown.o(.ARM.Collect$$libshutdown$$00000000) refers (Special) to libshutdown2.o(.ARM.Collect$$libshutdown$$0000000B) for __rt_lib_shutdown_user_alloc_1
    sys_command.o(.text) refers (Special) to use_no_semi.o(.text) for __I$use$semihosting
    sys_command.o(.text) refers (Special) to indicate_semi.o(.text) for __semihosting_library_function
    defsig_rtmem_outer.o(.text) refers to defsig_rtmem_inner.o(.text) for __rt_SIGRTMEM_inner
    defsig_rtmem_outer.o(.text) refers to defsig_exit.o(.text) for __sig_exit
    defsig_rtmem_formal.o(.text) refers to rt_raise.o(.text) for __rt_raise
    rt_raise.o(.text) refers to __raise.o(.text) for __raise
    rt_raise.o(.text) refers to sys_exit.o(.text) for _sys_exit
    defsig_exit.o(.text) refers to sys_exit.o(.text) for _sys_exit
    defsig_rtmem_inner.o(.text) refers to defsig_general.o(.text) for __default_signal_display
    __raise.o(.text) refers to defsig.o(CL$$defsig) for __default_signal_handler
    defsig_general.o(.text) refers to sys_wrch.o(.text) for _ttywrch
    sys_wrch.o(.text) refers (Special) to use_no_semi.o(.text) for __I$use$semihosting
    sys_wrch.o(.text) refers (Special) to indicate_semi.o(.text) for __semihosting_library_function
    defsig.o(CL$$defsig) refers to defsig_rtmem_inner.o(.text) for __rt_SIGRTMEM_inner
    defsig_abrt_inner.o(.text) refers to defsig_general.o(.text) for __default_signal_display
    defsig_fpe_inner.o(.text) refers to defsig_general.o(.text) for __default_signal_display
    defsig_rtred_inner.o(.text) refers to defsig_general.o(.text) for __default_signal_display
    defsig_stak_inner.o(.text) refers to defsig_general.o(.text) for __default_signal_display
    defsig_pvfn_inner.o(.text) refers to defsig_general.o(.text) for __default_signal_display
    defsig_cppl_inner.o(.text) refers to defsig_general.o(.text) for __default_signal_display
    defsig_segv_inner.o(.text) refers to defsig_general.o(.text) for __default_signal_display
    defsig_other.o(.text) refers to defsig_general.o(.text) for __default_signal_display


==============================================================================

Removing Unused input sections from the image.

    Removing osmutex.o(.text), (126 bytes).
    Removing stm32f10x_adc.o(.text), (1102 bytes).
    Removing stm32f10x_bkp.o(.text), (196 bytes).
    Removing stm32f10x_can.o(.text), (2544 bytes).
    Removing stm32f10x_cec.o(.text), (288 bytes).
    Removing stm32f10x_crc.o(.text), (72 bytes).
    Removing stm32f10x_dac.o(.text), (396 bytes).
    Removing stm32f10x_dbgmcu.o(.text), (48 bytes).
    Removing stm32f10x_dma.o(.text), (596 bytes).
    Removing stm32f10x_exti.o(.text), (284 bytes).
    Removing stm32f10x_flash.o(.text), (1468 bytes).
    Removing stm32f10x_fsmc.o(.text), (1548 bytes).
    Removing stm32f10x_i2c.o(.text), (1028 bytes).
    Removing stm32f10x_iwdg.o(.text), (64 bytes).
    Removing stm32f10x_pwr.o(.text), (204 bytes).
    Removing stm32f10x_rtc.o(.text), (328 bytes).
    Removing stm32f10x_sdio.o(.text), (468 bytes).
    Removing stm32f10x_spi.o(.text), (780 bytes).
    Removing stm32f10x_tim.o(.text), (3610 bytes).
    Removing stm32f10x_usart.o(.text), (1032 bytes).
    Removing stm32f10x_wwdg.o(.text), (136 bytes).
    Removing core_cm3.o(.emb_text), (32 bytes).

22 unused section(s) (total 16350 bytes) removed from the image.

==============================================================================

Image Symbol Table

    Local Symbols

    Symbol Name                              Value     Ov Type        Size  Object(Section)

    ../clib/angel/boardlib.s                 0x00000000   Number         0  boardinit2.o ABSOLUTE
    ../clib/angel/boardlib.s                 0x00000000   Number         0  boardshut.o ABSOLUTE
    ../clib/angel/boardlib.s                 0x00000000   Number         0  boardinit3.o ABSOLUTE
    ../clib/angel/boardlib.s                 0x00000000   Number         0  boardinit1.o ABSOLUTE
    ../clib/angel/handlers.s                 0x00000000   Number         0  __scatter_copy.o ABSOLUTE
    ../clib/angel/handlers.s                 0x00000000   Number         0  __scatter_zi.o ABSOLUTE
    ../clib/angel/kernel.s                   0x00000000   Number         0  rtexit2.o ABSOLUTE
    ../clib/angel/kernel.s                   0x00000000   Number         0  rtexit.o ABSOLUTE
    ../clib/angel/kernel.s                   0x00000000   Number         0  rtentry.o ABSOLUTE
    ../clib/angel/kernel.s                   0x00000000   Number         0  rtentry4.o ABSOLUTE
    ../clib/angel/kernel.s                   0x00000000   Number         0  rtentry2.o ABSOLUTE
    ../clib/angel/rt.s                       0x00000000   Number         0  rt_raise.o ABSOLUTE
    ../clib/angel/scatter.s                  0x00000000   Number         0  __scatter.o ABSOLUTE
    ../clib/angel/startup.s                  0x00000000   Number         0  __main.o ABSOLUTE
    ../clib/angel/sys.s                      0x00000000   Number         0  libspace.o ABSOLUTE
    ../clib/angel/sys.s                      0x00000000   Number         0  use_no_semi.o ABSOLUTE
    ../clib/angel/sys.s                      0x00000000   Number         0  indicate_semi.o ABSOLUTE
    ../clib/angel/sys.s                      0x00000000   Number         0  sys_stackheap_outer.o ABSOLUTE
    ../clib/angel/sysapp.c                   0x00000000   Number         0  sys_wrch.o ABSOLUTE
    ../clib/angel/sysapp.c                   0x00000000   Number         0  sys_exit.o ABSOLUTE
    ../clib/angel/sysapp.c                   0x00000000   Number         0  sys_command.o ABSOLUTE
    ../clib/armsys.c                         0x00000000   Number         0  no_argv.o ABSOLUTE
    ../clib/armsys.c                         0x00000000   Number         0  argv_veneer.o ABSOLUTE
    ../clib/armsys.c                         0x00000000   Number         0  argv_veneer.o ABSOLUTE
    ../clib/armsys.c                         0x00000000   Number         0  _get_argv_nomalloc.o ABSOLUTE
    ../clib/heapalloc.c                      0x00000000   Number         0  hrguard.o ABSOLUTE
    ../clib/heapaux.c                        0x00000000   Number         0  heapauxi.o ABSOLUTE
    ../clib/libinit.s                        0x00000000   Number         0  libinit.o ABSOLUTE
    ../clib/libinit.s                        0x00000000   Number         0  libinit2.o ABSOLUTE
    ../clib/libinit.s                        0x00000000   Number         0  libshutdown.o ABSOLUTE
    ../clib/libinit.s                        0x00000000   Number         0  libshutdown2.o ABSOLUTE
    ../clib/memcpset.s                       0x00000000   Number         0  rt_memclr_w.o ABSOLUTE
    ../clib/memcpset.s                       0x00000000   Number         0  rt_memcpy_w.o ABSOLUTE
    ../clib/memcpset.s                       0x00000000   Number         0  rt_memclr.o ABSOLUTE
    ../clib/memcpset.s                       0x00000000   Number         0  aeabi_memset.o ABSOLUTE
    ../clib/memcpset.s                       0x00000000   Number         0  rt_memcpy_v6.o ABSOLUTE
    ../clib/signal.c                         0x00000000   Number         0  defsig_cppl_inner.o ABSOLUTE
    ../clib/signal.c                         0x00000000   Number         0  defsig_pvfn_inner.o ABSOLUTE
    ../clib/signal.c                         0x00000000   Number         0  defsig_stak_inner.o ABSOLUTE
    ../clib/signal.c                         0x00000000   Number         0  defsig_rtred_inner.o ABSOLUTE
    ../clib/signal.c                         0x00000000   Number         0  defsig_fpe_inner.o ABSOLUTE
    ../clib/signal.c                         0x00000000   Number         0  defsig_abrt_inner.o ABSOLUTE
    ../clib/signal.c                         0x00000000   Number         0  defsig_segv_inner.o ABSOLUTE
    ../clib/signal.c                         0x00000000   Number         0  __raise.o ABSOLUTE
    ../clib/signal.c                         0x00000000   Number         0  defsig_rtmem_inner.o ABSOLUTE
    ../clib/signal.c                         0x00000000   Number         0  defsig_exit.o ABSOLUTE
    ../clib/signal.c                         0x00000000   Number         0  defsig_rtmem_formal.o ABSOLUTE
    ../clib/signal.c                         0x00000000   Number         0  defsig_rtmem_outer.o ABSOLUTE
    ../clib/signal.c                         0x00000000   Number         0  defsig_other.o ABSOLUTE
    ../clib/signal.c                         0x00000000   Number         0  defsig_general.o ABSOLUTE
    ../clib/signal.s                         0x00000000   Number         0  defsig.o ABSOLUTE
    ../clib/stdlib.c                         0x00000000   Number         0  exit.o ABSOLUTE
    ../fplib/fpinit.s                        0x00000000   Number         0  fpinit.o ABSOLUTE
    ..\..\Kernel\CPU\KEIL\ARM_CM3\FitCPU.c   0x00000000   Number         0  fitcpu.o ABSOLUTE
    ..\..\Kernel\OS\OSList.c                 0x00000000   Number         0  oslist.o ABSOLUTE
    ..\..\Kernel\OS\OSMemory.c               0x00000000   Number         0  osmemory.o ABSOLUTE
    ..\..\Kernel\OS\OSMsgQ.c                 0x00000000   Number         0  osmsgq.o ABSOLUTE
    ..\..\Kernel\OS\OSMutex.c                0x00000000   Number         0  osmutex.o ABSOLUTE
    ..\..\Kernel\OS\OSQueue.c                0x00000000   Number         0  osqueue.o ABSOLUTE
    ..\..\Kernel\OS\OSSemaphore.c            0x00000000   Number         0  ossemaphore.o ABSOLUTE
    ..\..\Kernel\OS\OSTask.c                 0x00000000   Number         0  ostask.o ABSOLUTE
    ..\..\Kernel\OS\OSTimer.c                0x00000000   Number         0  ostimer.o ABSOLUTE
    ..\\..\\Kernel\\CPU\\KEIL\\ARM_CM3\\FitCPU.c 0x00000000   Number         0  fitcpu.o ABSOLUTE
    core\CMSIS\CM3\CoreSupport\core_cm3.c    0x00000000   Number         0  core_cm3.o ABSOLUTE
    core\CMSIS\CM3\DeviceSupport\ST\STM32F10x\startup\arm\startup_stm32f10x_md.s 0x00000000   Number         0  startup_stm32f10x_md.o ABSOLUTE
    core\CMSIS\CM3\DeviceSupport\ST\STM32F10x\system_stm32f10x.c 0x00000000   Number         0  system_stm32f10x.o ABSOLUTE
    core\\CMSIS\\CM3\\CoreSupport\\core_cm3.c 0x00000000   Number         0  core_cm3.o ABSOLUTE
    dc.s                                     0x00000000   Number         0  dc.o ABSOLUTE
    library\STM32F10x_StdPeriph_Driver\src\misc.c 0x00000000   Number         0  misc.o ABSOLUTE
    library\STM32F10x_StdPeriph_Driver\src\stm32f10x_adc.c 0x00000000   Number         0  stm32f10x_adc.o ABSOLUTE
    library\STM32F10x_StdPeriph_Driver\src\stm32f10x_bkp.c 0x00000000   Number         0  stm32f10x_bkp.o ABSOLUTE
    library\STM32F10x_StdPeriph_Driver\src\stm32f10x_can.c 0x00000000   Number         0  stm32f10x_can.o ABSOLUTE
    library\STM32F10x_StdPeriph_Driver\src\stm32f10x_cec.c 0x00000000   Number         0  stm32f10x_cec.o ABSOLUTE
    library\STM32F10x_StdPeriph_Driver\src\stm32f10x_crc.c 0x00000000   Number         0  stm32f10x_crc.o ABSOLUTE
    library\STM32F10x_StdPeriph_Driver\src\stm32f10x_dac.c 0x00000000   Number         0  stm32f10x_dac.o ABSOLUTE
    library\STM32F10x_StdPeriph_Driver\src\stm32f10x_dbgmcu.c 0x00000000   Number         0  stm32f10x_dbgmcu.o ABSOLUTE
    library\STM32F10x_StdPeriph_Driver\src\stm32f10x_dma.c 0x00000000   Number         0  stm32f10x_dma.o ABSOLUTE
    library\STM32F10x_StdPeriph_Driver\src\stm32f10x_exti.c 0x00000000   Number         0  stm32f10x_exti.o ABSOLUTE
    library\STM32F10x_StdPeriph_Driver\src\stm32f10x_flash.c 0x00000000   Number         0  stm32f10x_flash.o ABSOLUTE
    library\STM32F10x_StdPeriph_Driver\src\stm32f10x_fsmc.c 0x00000000   Number         0  stm32f10x_fsmc.o ABSOLUTE
    library\STM32F10x_StdPeriph_Driver\src\stm32f10x_gpio.c 0x00000000   Number         0  stm32f10x_gpio.o ABSOLUTE
    library\STM32F10x_StdPeriph_Driver\src\stm32f10x_i2c.c 0x00000000   Number         0  stm32f10x_i2c.o ABSOLUTE
    library\STM32F10x_StdPeriph_Driver\src\stm32f10x_iwdg.c 0x00000000   Number         0  stm32f10x_iwdg.o ABSOLUTE
    library\STM32F10x_StdPeriph_Driver\src\stm32f10x_pwr.c 0x00000000   Number         0  stm32f10x_pwr.o ABSOLUTE
    library\STM32F10x_StdPeriph_Driver\src\stm32f10x_rcc.c 0x00000000   Number         0  stm32f10x_rcc.o ABSOLUTE
    library\STM32F10x_StdPeriph_Driver\src\stm32f10x_rtc.c 0x00000000   Number         0  stm32f10x_rtc.o ABSOLUTE
    library\STM32F10x_StdPeriph_Driver\src\stm32f10x_sdio.c 0x00000000   Number         0  stm32f10x_sdio.o ABSOLUTE
    library\STM32F10x_StdPeriph_Driver\src\stm32f10x_spi.c 0x00000000   Number         0  stm32f10x_spi.o ABSOLUTE
    library\STM32F10x_StdPeriph_Driver\src\stm32f10x_tim.c 0x00000000   Number         0  stm32f10x_tim.o ABSOLUTE
    library\STM32F10x_StdPeriph_Driver\src\stm32f10x_usart.c 0x00000000   Number         0  stm32f10x_usart.o ABSOLUTE
    library\STM32F10x_StdPeriph_Driver\src\stm32f10x_wwdg.c 0x00000000   Number         0  stm32f10x_wwdg.o ABSOLUTE
    user\main.c                              0x00000000   Number         0  main.o ABSOLUTE
    user\stm32f10x_it.c                      0x00000000   Number         0  stm32f10x_it.o ABSOLUTE
    RESET                                    0x08000000   Section      236  startup_stm32f10x_md.o(RESET)
    !!!main                                  0x080000ec   Section        8  __main.o(!!!main)
    !!!scatter                               0x080000f4   Section       52  __scatter.o(!!!scatter)
    !!handler_copy                           0x08000128   Section       26  __scatter_copy.o(!!handler_copy)
    !!handler_zi                             0x08000144   Section       28  __scatter_zi.o(!!handler_zi)
    .ARM.Collect$$libinit$$00000000          0x08000160   Section        2  libinit.o(.ARM.Collect$$libinit$$00000000)
    .ARM.Collect$$libinit$$00000002          0x08000162   Section        0  libinit2.o(.ARM.Collect$$libinit$$00000002)
    .ARM.Collect$$libinit$$00000008          0x08000162   Section        0  libinit2.o(.ARM.Collect$$libinit$$00000008)
    .ARM.Collect$$libinit$$0000000A          0x08000162   Section        0  libinit2.o(.ARM.Collect$$libinit$$0000000A)
    .ARM.Collect$$libinit$$0000000C          0x08000162   Section        0  libinit2.o(.ARM.Collect$$libinit$$0000000C)
    .ARM.Collect$$libinit$$0000000F          0x08000162   Section        0  libinit2.o(.ARM.Collect$$libinit$$0000000F)
    .ARM.Collect$$libinit$$00000011          0x08000162   Section        0  libinit2.o(.ARM.Collect$$libinit$$00000011)
    .ARM.Collect$$libinit$$00000013          0x08000162   Section        0  libinit2.o(.ARM.Collect$$libinit$$00000013)
    .ARM.Collect$$libinit$$00000015          0x08000162   Section        0  libinit2.o(.ARM.Collect$$libinit$$00000015)
    .ARM.Collect$$libinit$$00000017          0x08000162   Section        0  libinit2.o(.ARM.Collect$$libinit$$00000017)
    .ARM.Collect$$libinit$$00000019          0x08000162   Section        0  libinit2.o(.ARM.Collect$$libinit$$00000019)
    .ARM.Collect$$libinit$$0000001B          0x08000162   Section        0  libinit2.o(.ARM.Collect$$libinit$$0000001B)
    .ARM.Collect$$libinit$$0000001D          0x08000162   Section        0  libinit2.o(.ARM.Collect$$libinit$$0000001D)
    .ARM.Collect$$libinit$$0000001F          0x08000162   Section        0  libinit2.o(.ARM.Collect$$libinit$$0000001F)
    .ARM.Collect$$libinit$$00000021          0x08000162   Section        0  libinit2.o(.ARM.Collect$$libinit$$00000021)
    .ARM.Collect$$libinit$$00000023          0x08000162   Section        0  libinit2.o(.ARM.Collect$$libinit$$00000023)
    .ARM.Collect$$libinit$$0000002A          0x08000162   Section        0  libinit2.o(.ARM.Collect$$libinit$$0000002A)
    .ARM.Collect$$libinit$$0000002C          0x08000162   Section        0  libinit2.o(.ARM.Collect$$libinit$$0000002C)
    .ARM.Collect$$libinit$$0000002E          0x08000162   Section        0  libinit2.o(.ARM.Collect$$libinit$$0000002E)
    .ARM.Collect$$libinit$$00000030          0x08000162   Section        0  libinit2.o(.ARM.Collect$$libinit$$00000030)
    .ARM.Collect$$libinit$$00000031          0x08000162   Section        2  libinit2.o(.ARM.Collect$$libinit$$00000031)
    .ARM.Collect$$libshutdown$$00000000      0x08000164   Section        2  libshutdown.o(.ARM.Collect$$libshutdown$$00000000)
    .ARM.Collect$$libshutdown$$00000003      0x08000166   Section        0  libshutdown2.o(.ARM.Collect$$libshutdown$$00000003)
    .ARM.Collect$$libshutdown$$00000006      0x08000166   Section        0  libshutdown2.o(.ARM.Collect$$libshutdown$$00000006)
    .ARM.Collect$$libshutdown$$00000009      0x08000166   Section        0  libshutdown2.o(.ARM.Collect$$libshutdown$$00000009)
    .ARM.Collect$$libshutdown$$0000000B      0x08000166   Section        0  libshutdown2.o(.ARM.Collect$$libshutdown$$0000000B)
    .ARM.Collect$$libshutdown$$0000000E      0x08000166   Section        0  libshutdown2.o(.ARM.Collect$$libshutdown$$0000000E)
    .ARM.Collect$$libshutdown$$0000000F      0x08000166   Section        2  libshutdown2.o(.ARM.Collect$$libshutdown$$0000000F)
    .ARM.Collect$$rtentry$$00000000          0x08000168   Section        0  rtentry.o(.ARM.Collect$$rtentry$$00000000)
    .ARM.Collect$$rtentry$$00000002          0x08000168   Section        0  rtentry2.o(.ARM.Collect$$rtentry$$00000002)
    .ARM.Collect$$rtentry$$00000004          0x08000168   Section        6  rtentry4.o(.ARM.Collect$$rtentry$$00000004)
    .ARM.Collect$$rtentry$$00000009          0x0800016e   Section        0  rtentry2.o(.ARM.Collect$$rtentry$$00000009)
    .ARM.Collect$$rtentry$$0000000A          0x0800016e   Section        4  rtentry2.o(.ARM.Collect$$rtentry$$0000000A)
    .ARM.Collect$$rtentry$$0000000C          0x08000172   Section        0  rtentry2.o(.ARM.Collect$$rtentry$$0000000C)
    .ARM.Collect$$rtentry$$0000000D          0x08000172   Section        8  rtentry2.o(.ARM.Collect$$rtentry$$0000000D)
    .ARM.Collect$$rtexit$$00000000           0x0800017a   Section        2  rtexit.o(.ARM.Collect$$rtexit$$00000000)
    .ARM.Collect$$rtexit$$00000002           0x0800017c   Section        0  rtexit2.o(.ARM.Collect$$rtexit$$00000002)
    .ARM.Collect$$rtexit$$00000003           0x0800017c   Section        4  rtexit2.o(.ARM.Collect$$rtexit$$00000003)
    .ARM.Collect$$rtexit$$00000004           0x08000180   Section        6  rtexit2.o(.ARM.Collect$$rtexit$$00000004)
    .emb_text                                0x08000188   Section      156  fitcpu.o(.emb_text)
    .text                                    0x08000224   Section        0  fitcpu.o(.text)
    FitTaskExitError                         0x08000225   Thumb Code     8  fitcpu.o(.text)
    .text                                    0x080002f8   Section        0  oslist.o(.text)
    .text                                    0x08000394   Section        0  osmemory.o(.text)
    OSMemCombine                             0x08000395   Thumb Code   108  osmemory.o(.text)
    .text                                    0x080006b4   Section        0  osmsgq.o(.text)
    .text                                    0x08000858   Section        0  osqueue.o(.text)
    OSQUnlock                                0x08000913   Thumb Code   126  osqueue.o(.text)
    OSQIsFull                                0x08000991   Thumb Code    30  osqueue.o(.text)
    OSQCopyDataIn                            0x080009af   Thumb Code   132  osqueue.o(.text)
    OSQIsEmpty                               0x08000be1   Thumb Code    26  osqueue.o(.text)
    OSQCopyDataOut                           0x08000bfb   Thumb Code    42  osqueue.o(.text)
    .text                                    0x08000e1c   Section        0  ossemaphore.o(.text)
    .text                                    0x08000ed4   Section        0  ostask.o(.text)
    OSTaskRecordReadyPriority                0x08000ed5   Thumb Code    16  ostask.o(.text)
    OSTaskResetReadyPriority                 0x08000ee5   Thumb Code    28  ostask.o(.text)
    OSTaskFindHighestReadyPriority           0x08000f01   Thumb Code    16  ostask.o(.text)
    OSTaskGetTCBFromHandle                   0x08000f11   Thumb Code    14  ostask.o(.text)
    OSTaskListsInitialise                    0x08000f1f   Thumb Code    70  ostask.o(.text)
    OSTaskResetCurrentTask                   0x08000f65   Thumb Code    50  ostask.o(.text)
    OSTaskUpdateUnblockTime                  0x08000f97   Thumb Code    42  ostask.o(.text)
    OSTaskSwitchListDelayed                  0x08000fc1   Thumb Code    34  ostask.o(.text)
    OSTaskAddToReadyList                     0x08000fe3   Thumb Code    30  ostask.o(.text)
    OSAllocateTCBAndStack                    0x08001001   Thumb Code    58  ostask.o(.text)
    OSTaskInitTCB                            0x0800103b   Thumb Code    86  ostask.o(.text)
    OSTaskDeleteFromDeadList                 0x08001351   Thumb Code    86  ostask.o(.text)
    OSTaskAddToDelayedList                   0x080013a7   Thumb Code    58  ostask.o(.text)
    .text                                    0x08001864   Section        0  ostimer.o(.text)
    OSTimerMoniteTask                        0x08001865   Thumb Code    36  ostimer.o(.text)
    .text                                    0x08001aa8   Section        0  misc.o(.text)
    .text                                    0x08001b84   Section        0  stm32f10x_gpio.o(.text)
    .text                                    0x08001ee0   Section        0  stm32f10x_rcc.o(.text)
    .text                                    0x08002284   Section        0  system_stm32f10x.o(.text)
    SetSysClockTo72                          0x08002285   Thumb Code   214  system_stm32f10x.o(.text)
    SetSysClock                              0x0800235b   Thumb Code     8  system_stm32f10x.o(.text)
    .text                                    0x08002464   Section       64  startup_stm32f10x_md.o(.text)
    .text                                    0x080024a4   Section        0  main.o(.text)
    Timer100msFunction                       0x080024a5   Thumb Code     2  main.o(.text)
    CtrlTask                                 0x080024a7   Thumb Code    18  main.o(.text)
    LedTask                                  0x080024b9   Thumb Code    26  main.o(.text)
    GPIO_Configuration                       0x080024d3   Thumb Code    40  main.o(.text)
    SetupHardware                            0x080024fb   Thumb Code   140  main.o(.text)
    .text                                    0x08002620   Section        0  stm32f10x_it.o(.text)
    .text                                    0x08002634   Section      138  rt_memcpy_v6.o(.text)
    .text                                    0x080026be   Section       16  aeabi_memset.o(.text)
    .text                                    0x080026ce   Section       68  rt_memclr.o(.text)
    .text                                    0x08002712   Section        0  heapauxi.o(.text)
    .text                                    0x08002718   Section      100  rt_memcpy_w.o(.text)
    .text                                    0x0800277c   Section       78  rt_memclr_w.o(.text)
    .text                                    0x080027ca   Section       74  sys_stackheap_outer.o(.text)
    .text                                    0x08002814   Section        0  exit.o(.text)
    .text                                    0x08002820   Section        8  libspace.o(.text)
    .text                                    0x08002828   Section        0  sys_exit.o(.text)
    .text                                    0x08002834   Section        2  use_no_semi.o(.text)
    .text                                    0x08002836   Section        0  indicate_semi.o(.text)
    .data                                    0x20000000   Section        4  fitcpu.o(.data)
    uxCriticalNesting                        0x20000000   Data           4  fitcpu.o(.data)
    .data                                    0x20000004   Section       12  osmemory.o(.data)
    gpOSMemBegin                             0x20000004   Data           4  osmemory.o(.data)
    gpOSMemEnd                               0x20000008   Data           4  osmemory.o(.data)
    gpOSMemLFree                             0x2000000c   Data           4  osmemory.o(.data)
    .data                                    0x20000010   Section       56  ostask.o(.data)
    gptOSTaskListDelayed                     0x20000014   Data           4  ostask.o(.data)
    gptOSTaskListOverflowDelayed             0x20000018   Data           4  ostask.o(.data)
    guxTasksDeleted                          0x2000001c   Data           4  ostask.o(.data)
    guxCurrentNumberOfTasks                  0x20000020   Data           4  ostask.o(.data)
    guxTickCount                             0x20000024   Data           4  ostask.o(.data)
    guxTopReadyPriority                      0x20000028   Data           4  ostask.o(.data)
    gxSchedulerRunning                       0x2000002c   Data           4  ostask.o(.data)
    guxPendedTicks                           0x20000030   Data           4  ostask.o(.data)
    gxYieldPending                           0x20000034   Data           4  ostask.o(.data)
    gxNumOfOverflows                         0x20000038   Data           4  ostask.o(.data)
    guxOSTaskNumber                          0x2000003c   Data           4  ostask.o(.data)
    guxNextTaskUnblockTime                   0x20000040   Data           4  ostask.o(.data)
    guxSchedulerSuspended                    0x20000044   Data           4  ostask.o(.data)
    .data                                    0x20000048   Section       16  ostimer.o(.data)
    gtOSTimerList                            0x20000048   Data           4  ostimer.o(.data)
    guxTimerTicks                            0x2000004c   Data           4  ostimer.o(.data)
    gOSTimerMsgQHandle                       0x20000050   Data           4  ostimer.o(.data)
    gOSTimerMoniteTaskHandle                 0x20000054   Data           4  ostimer.o(.data)
    .data                                    0x20000058   Section       20  stm32f10x_rcc.o(.data)
    APBAHBPrescTable                         0x20000058   Data          16  stm32f10x_rcc.o(.data)
    ADCPrescTable                            0x20000068   Data           4  stm32f10x_rcc.o(.data)
    .data                                    0x2000006c   Section       20  system_stm32f10x.o(.data)
    .data                                    0x20000080   Section       16  main.o(.data)
    .bss                                     0x20000090   Section     2072  osmemory.o(.bss)
    .bss                                     0x200008a8   Section      364  ostask.o(.bss)
    gtOSTaskListReadyArray                   0x200008a8   Data         224  ostask.o(.bss)
    gtOSTaskListDelayed1                     0x20000988   Data          28  ostask.o(.bss)
    gtOSTaskListDelayed2                     0x200009a4   Data          28  ostask.o(.bss)
    gtOSTaskListPendingReady                 0x200009c0   Data          28  ostask.o(.bss)
    gtOSTaskListSuspended                    0x200009dc   Data          28  ostask.o(.bss)
    gtOSTaskListdead                         0x200009f8   Data          28  ostask.o(.bss)
    .bss                                     0x20000a14   Section       96  libspace.o(.bss)
    HEAP                                     0x20000a78   Section     8192  startup_stm32f10x_md.o(HEAP)
    Heap_Mem                                 0x20000a78   Data        8192  startup_stm32f10x_md.o(HEAP)
    STACK                                    0x20002a78   Section     1024  startup_stm32f10x_md.o(STACK)
    Stack_Mem                                0x20002a78   Data        1024  startup_stm32f10x_md.o(STACK)
    __initial_sp                             0x20002e78   Data           0  startup_stm32f10x_md.o(STACK)

    Global Symbols

    Symbol Name                              Value     Ov Type        Size  Object(Section)

    BuildAttributes$$THM_ISAv4$P$D$K$B$S$PE$A:L22UL41UL21$X:L11$S22US41US21$IEEE1$IW$USESV6$~STKCKD$USESV7$~SHL$OSPACE$ROPI$EBA8$UX$STANDARDLIB$REQ8$PRES8$EABIv2 0x00000000   Number         0  anon$$obj.o ABSOLUTE
    __ARM_use_no_argv                        0x00000000   Number         0  main.o ABSOLUTE
    __ARM_exceptions_init                     - Undefined Weak Reference
    __alloca_initialize                       - Undefined Weak Reference
    __cpp_initialize__aeabi_                  - Undefined Weak Reference
    __cxa_finalize                            - Undefined Weak Reference
    __rt_locale                               - Undefined Weak Reference
    __sigvec_lookup                           - Undefined Weak Reference
    _atexit_init                              - Undefined Weak Reference
    _call_atexit_fns                          - Undefined Weak Reference
    _clock_init                               - Undefined Weak Reference
    _fp_trap_init                             - Undefined Weak Reference
    _fp_trap_shutdown                         - Undefined Weak Reference
    _get_lc_collate                           - Undefined Weak Reference
    _get_lc_ctype                             - Undefined Weak Reference
    _get_lc_monetary                          - Undefined Weak Reference
    _get_lc_numeric                           - Undefined Weak Reference
    _get_lc_time                              - Undefined Weak Reference
    _getenv_init                              - Undefined Weak Reference
    _handle_redirection                       - Undefined Weak Reference
    _init_alloc                               - Undefined Weak Reference
    _init_user_alloc                          - Undefined Weak Reference
    _initio                                   - Undefined Weak Reference
    _rand_init                                - Undefined Weak Reference
    _signal_finish                            - Undefined Weak Reference
    _signal_init                              - Undefined Weak Reference
    _terminate_alloc                          - Undefined Weak Reference
    _terminate_user_alloc                     - Undefined Weak Reference
    _terminateio                              - Undefined Weak Reference
    __Vectors_Size                           0x000000ec   Number         0  startup_stm32f10x_md.o ABSOLUTE
    __Vectors                                0x08000000   Data           4  startup_stm32f10x_md.o(RESET)
    __Vectors_End                            0x080000ec   Data           0  startup_stm32f10x_md.o(RESET)
    __main                                   0x080000ed   Thumb Code     8  __main.o(!!!main)
    __scatterload                            0x080000f5   Thumb Code     0  __scatter.o(!!!scatter)
    __scatterload_rt2                        0x080000f5   Thumb Code    44  __scatter.o(!!!scatter)
    __scatterload_rt2_thumb_only             0x080000f5   Thumb Code     0  __scatter.o(!!!scatter)
    __scatterload_null                       0x08000103   Thumb Code     0  __scatter.o(!!!scatter)
    __scatterload_copy                       0x08000129   Thumb Code    26  __scatter_copy.o(!!handler_copy)
    __scatterload_zeroinit                   0x08000145   Thumb Code    28  __scatter_zi.o(!!handler_zi)
    __rt_lib_init                            0x08000161   Thumb Code     0  libinit.o(.ARM.Collect$$libinit$$00000000)
    __rt_lib_init_alloca_1                   0x08000163   Thumb Code     0  libinit2.o(.ARM.Collect$$libinit$$0000002C)
    __rt_lib_init_argv_1                     0x08000163   Thumb Code     0  libinit2.o(.ARM.Collect$$libinit$$0000002A)
    __rt_lib_init_atexit_1                   0x08000163   Thumb Code     0  libinit2.o(.ARM.Collect$$libinit$$00000019)
    __rt_lib_init_clock_1                    0x08000163   Thumb Code     0  libinit2.o(.ARM.Collect$$libinit$$0000001F)
    __rt_lib_init_cpp_1                      0x08000163   Thumb Code     0  libinit2.o(.ARM.Collect$$libinit$$00000030)
    __rt_lib_init_exceptions_1               0x08000163   Thumb Code     0  libinit2.o(.ARM.Collect$$libinit$$0000002E)
    __rt_lib_init_fp_1                       0x08000163   Thumb Code     0  libinit2.o(.ARM.Collect$$libinit$$00000002)
    __rt_lib_init_fp_trap_1                  0x08000163   Thumb Code     0  libinit2.o(.ARM.Collect$$libinit$$0000001D)
    __rt_lib_init_getenv_1                   0x08000163   Thumb Code     0  libinit2.o(.ARM.Collect$$libinit$$00000021)
    __rt_lib_init_heap_1                     0x08000163   Thumb Code     0  libinit2.o(.ARM.Collect$$libinit$$00000008)
    __rt_lib_init_lc_collate_1               0x08000163   Thumb Code     0  libinit2.o(.ARM.Collect$$libinit$$0000000F)
    __rt_lib_init_lc_ctype_1                 0x08000163   Thumb Code     0  libinit2.o(.ARM.Collect$$libinit$$00000011)
    __rt_lib_init_lc_monetary_1              0x08000163   Thumb Code     0  libinit2.o(.ARM.Collect$$libinit$$00000013)
    __rt_lib_init_lc_numeric_1               0x08000163   Thumb Code     0  libinit2.o(.ARM.Collect$$libinit$$00000015)
    __rt_lib_init_lc_time_1                  0x08000163   Thumb Code     0  libinit2.o(.ARM.Collect$$libinit$$00000017)
    __rt_lib_init_rand_1                     0x08000163   Thumb Code     0  libinit2.o(.ARM.Collect$$libinit$$0000000C)
    __rt_lib_init_return                     0x08000163   Thumb Code     0  libinit2.o(.ARM.Collect$$libinit$$00000031)
    __rt_lib_init_signal_1                   0x08000163   Thumb Code     0  libinit2.o(.ARM.Collect$$libinit$$0000001B)
    __rt_lib_init_stdio_1                    0x08000163   Thumb Code     0  libinit2.o(.ARM.Collect$$libinit$$00000023)
    __rt_lib_init_user_alloc_1               0x08000163   Thumb Code     0  libinit2.o(.ARM.Collect$$libinit$$0000000A)
    __rt_lib_shutdown                        0x08000165   Thumb Code     0  libshutdown.o(.ARM.Collect$$libshutdown$$00000000)
    __rt_lib_shutdown_fp_trap_1              0x08000167   Thumb Code     0  libshutdown2.o(.ARM.Collect$$libshutdown$$00000006)
    __rt_lib_shutdown_heap_1                 0x08000167   Thumb Code     0  libshutdown2.o(.ARM.Collect$$libshutdown$$0000000E)
    __rt_lib_shutdown_return                 0x08000167   Thumb Code     0  libshutdown2.o(.ARM.Collect$$libshutdown$$0000000F)
    __rt_lib_shutdown_signal_1               0x08000167   Thumb Code     0  libshutdown2.o(.ARM.Collect$$libshutdown$$00000009)
    __rt_lib_shutdown_stdio_1                0x08000167   Thumb Code     0  libshutdown2.o(.ARM.Collect$$libshutdown$$00000003)
    __rt_lib_shutdown_user_alloc_1           0x08000167   Thumb Code     0  libshutdown2.o(.ARM.Collect$$libshutdown$$0000000B)
    __rt_entry                               0x08000169   Thumb Code     0  rtentry.o(.ARM.Collect$$rtentry$$00000000)
    __rt_entry_presh_1                       0x08000169   Thumb Code     0  rtentry2.o(.ARM.Collect$$rtentry$$00000002)
    __rt_entry_sh                            0x08000169   Thumb Code     0  rtentry4.o(.ARM.Collect$$rtentry$$00000004)
    __rt_entry_li                            0x0800016f   Thumb Code     0  rtentry2.o(.ARM.Collect$$rtentry$$0000000A)
    __rt_entry_postsh_1                      0x0800016f   Thumb Code     0  rtentry2.o(.ARM.Collect$$rtentry$$00000009)
    __rt_entry_main                          0x08000173   Thumb Code     0  rtentry2.o(.ARM.Collect$$rtentry$$0000000D)
    __rt_entry_postli_1                      0x08000173   Thumb Code     0  rtentry2.o(.ARM.Collect$$rtentry$$0000000C)
    __rt_exit                                0x0800017b   Thumb Code     0  rtexit.o(.ARM.Collect$$rtexit$$00000000)
    __rt_exit_ls                             0x0800017d   Thumb Code     0  rtexit2.o(.ARM.Collect$$rtexit$$00000003)
    __rt_exit_prels_1                        0x0800017d   Thumb Code     0  rtexit2.o(.ARM.Collect$$rtexit$$00000002)
    __rt_exit_exit                           0x08000181   Thumb Code     0  rtexit2.o(.ARM.Collect$$rtexit$$00000004)
    SVC_Handler                              0x08000189   Thumb Code    32  fitcpu.o(.emb_text)
    FitStartFirstTask                        0x080001ad   Thumb Code    28  fitcpu.o(.emb_text)
    PendSV_Handler                           0x080001cd   Thumb Code    64  fitcpu.o(.emb_text)
    FitSetInterruptMask                      0x08000211   Thumb Code    14  fitcpu.o(.emb_text)
    FitClearInterruptMask                    0x0800021f   Thumb Code     6  fitcpu.o(.emb_text)
    FitInitializeStack                       0x0800022d   Thumb Code    26  fitcpu.o(.text)
    FitSetupTimerInterrupt                   0x08000247   Thumb Code    14  fitcpu.o(.text)
    FitStartScheduler                        0x08000255   Thumb Code    42  fitcpu.o(.text)
    FitEndScheduler                          0x0800027f   Thumb Code     2  fitcpu.o(.text)
    FitYield                                 0x08000281   Thumb Code    20  fitcpu.o(.text)
    FitEnterCritical                         0x08000295   Thumb Code    26  fitcpu.o(.text)
    FitExitCritical                          0x080002af   Thumb Code    26  fitcpu.o(.text)
    SysTick_Handler                          0x080002c9   Thumb Code    30  fitcpu.o(.text)
    OSListInitialise                         0x080002f9   Thumb Code    32  oslist.o(.text)
    OSListItemInitialise                     0x08000319   Thumb Code     6  oslist.o(.text)
    OSListInsertItemToEnd                    0x0800031f   Thumb Code    24  oslist.o(.text)
    OSListInsertItem                         0x08000337   Thumb Code    52  oslist.o(.text)
    OSListRemoveItem                         0x0800036b   Thumb Code    40  oslist.o(.text)
    OSMemInit                                0x08000401   Thumb Code    68  osmemory.o(.text)
    OSMemFree                                0x08000445   Thumb Code    64  osmemory.o(.text)
    OSMemTrim                                0x08000485   Thumb Code   252  osmemory.o(.text)
    OSMemMalloc                              0x08000581   Thumb Code   258  osmemory.o(.text)
    OSMemCalloc                              0x08000683   Thumb Code    34  osmemory.o(.text)
    OSMsgQCreate                             0x080006b5   Thumb Code    18  osmsgq.o(.text)
    OSMsgQDelete                             0x080006c7   Thumb Code    20  osmsgq.o(.text)
    OSMsgQSendToHead                         0x080006db   Thumb Code    22  osmsgq.o(.text)
    OSMsgQSendToTail                         0x080006f1   Thumb Code    22  osmsgq.o(.text)
    OSMsgQSend                               0x08000707   Thumb Code    22  osmsgq.o(.text)
    OSMsgQOverwrite                          0x0800071d   Thumb Code    20  osmsgq.o(.text)
    OSMsgQPeek                               0x08000731   Thumb Code    22  osmsgq.o(.text)
    OSMsgQReceive                            0x08000747   Thumb Code    22  osmsgq.o(.text)
    OSMsgQReceiveFromISR                     0x0800075d   Thumb Code    48  osmsgq.o(.text)
    OSMsgQSendToHeadFromISR                  0x0800078d   Thumb Code    50  osmsgq.o(.text)
    OSMsgQSendToTailFromISR                  0x080007bf   Thumb Code    50  osmsgq.o(.text)
    OSMsgQOverwriteFromISR                   0x080007f1   Thumb Code    50  osmsgq.o(.text)
    OSMsgQSendFromISR                        0x08000823   Thumb Code    50  osmsgq.o(.text)
    OSQReset                                 0x08000859   Thumb Code   110  osqueue.o(.text)
    OSQCreate                                0x080008c7   Thumb Code    76  osqueue.o(.text)
    OSQSend                                  0x08000a33   Thumb Code   234  osqueue.o(.text)
    OSQSendFromISR                           0x08000b1d   Thumb Code   106  osqueue.o(.text)
    OSQGiveFromISR                           0x08000b87   Thumb Code    90  osqueue.o(.text)
    OSQReceive                               0x08000c25   Thumb Code   292  osqueue.o(.text)
    OSQReceiveFromISR                        0x08000d49   Thumb Code    96  osqueue.o(.text)
    OSQPeekFromISR                           0x08000da9   Thumb Code    50  osqueue.o(.text)
    OSQGetSpaceNum                           0x08000ddb   Thumb Code    24  osqueue.o(.text)
    OSQGetItemNum                            0x08000df3   Thumb Code    18  osqueue.o(.text)
    OSQDelete                                0x08000e05   Thumb Code    14  osqueue.o(.text)
    OSQGetQueueType                          0x08000e13   Thumb Code     8  osqueue.o(.text)
    OSSemCreateCount                         0x08000e1d   Thumb Code    26  ossemaphore.o(.text)
    OSSemCreate                              0x08000e37   Thumb Code    12  ossemaphore.o(.text)
    OSSemDelete                              0x08000e43   Thumb Code    12  ossemaphore.o(.text)
    OSSemPend                                0x08000e4f   Thumb Code    20  ossemaphore.o(.text)
    OSSemPendFromISR                         0x08000e63   Thumb Code    46  ossemaphore.o(.text)
    OSSemPost                                0x08000e91   Thumb Code    18  ossemaphore.o(.text)
    OSSemPostFromISR                         0x08000ea3   Thumb Code    44  ossemaphore.o(.text)
    OSTaskCreate                             0x08001091   Thumb Code   180  ostask.o(.text)
    OSTaskDelete                             0x08001145   Thumb Code   108  ostask.o(.text)
    OSTaskIncrementTick                      0x080011b1   Thumb Code   162  ostask.o(.text)
    OSTaskResumeAll                          0x08001253   Thumb Code   242  ostask.o(.text)
    OSTaskSuspendAll                         0x08001345   Thumb Code    12  ostask.o(.text)
    OSTaskAddToEventList                     0x080013e1   Thumb Code    76  ostask.o(.text)
    OSTaskAddToEventListRestricted           0x0800142d   Thumb Code    82  ostask.o(.text)
    OSTaskDeleteFromEventList                0x0800147f   Thumb Code    74  ostask.o(.text)
    OSGetSystemTicksCount                    0x080014c9   Thumb Code     6  ostask.o(.text)
    OSTaskGetCurrentTaskHandle               0x080014cf   Thumb Code     6  ostask.o(.text)
    OSTaskSwitchContext                      0x080014d5   Thumb Code    28  ostask.o(.text)
    OSTaskGetSchedulerState                  0x080014f1   Thumb Code    24  ostask.o(.text)
    OSTaskSleep                              0x08001509   Thumb Code    64  ostask.o(.text)
    OSTaskSetTimeOutState                    0x08001549   Thumb Code    14  ostask.o(.text)
    OSTaskCheckForTimeOut                    0x08001557   Thumb Code    84  ostask.o(.text)
    OSTaskMissedYield                        0x080015ab   Thumb Code     8  ostask.o(.text)
    OSTaskGetState                           0x080015b3   Thumb Code    86  ostask.o(.text)
    OSTaskGetPriority                        0x08001609   Thumb Code    26  ostask.o(.text)
    OSTaskGetPriorityFromISR                 0x08001623   Thumb Code    34  ostask.o(.text)
    OSTaskSetPriority                        0x08001645   Thumb Code   166  ostask.o(.text)
    OSTaskIncrementMutexHeldCount            0x080016eb   Thumb Code    90  ostask.o(.text)
    OSTaskPriorityInherit                    0x08001745   Thumb Code   106  ostask.o(.text)
    OSTaskPriorityDisinherit                 0x080017af   Thumb Code    66  ostask.o(.text)
    OSIdleTask                               0x080017f1   Thumb Code    20  ostask.o(.text)
    OSStartScheduler                         0x08001805   Thumb Code    58  ostask.o(.text)
    OSTimerCreate                            0x08001889   Thumb Code   142  ostimer.o(.text)
    OSTimerDeleteFromList                    0x08001917   Thumb Code    74  ostimer.o(.text)
    OSTimerDelete                            0x08001961   Thumb Code    30  ostimer.o(.text)
    OSTimerAddToList                         0x0800197f   Thumb Code   122  ostimer.o(.text)
    OSTimerIncrementTick                     0x080019f9   Thumb Code    84  ostimer.o(.text)
    OSTimerStart                             0x08001a4d   Thumb Code    30  ostimer.o(.text)
    OSTimerStop                              0x08001a6b   Thumb Code    30  ostimer.o(.text)
    NVIC_PriorityGroupConfig                 0x08001aa9   Thumb Code    10  misc.o(.text)
    NVIC_Init                                0x08001ab3   Thumb Code   100  misc.o(.text)
    NVIC_SetVectorTable                      0x08001b17   Thumb Code    14  misc.o(.text)
    NVIC_SystemLPConfig                      0x08001b25   Thumb Code    34  misc.o(.text)
    SysTick_CLKSourceConfig                  0x08001b47   Thumb Code    40  misc.o(.text)
    GPIO_DeInit                              0x08001b85   Thumb Code   172  stm32f10x_gpio.o(.text)
    GPIO_AFIODeInit                          0x08001c31   Thumb Code    20  stm32f10x_gpio.o(.text)
    GPIO_Init                                0x08001c45   Thumb Code   278  stm32f10x_gpio.o(.text)
    GPIO_StructInit                          0x08001d5b   Thumb Code    16  stm32f10x_gpio.o(.text)
    GPIO_ReadInputDataBit                    0x08001d6b   Thumb Code    18  stm32f10x_gpio.o(.text)
    GPIO_ReadInputData                       0x08001d7d   Thumb Code     8  stm32f10x_gpio.o(.text)
    GPIO_ReadOutputDataBit                   0x08001d85   Thumb Code    18  stm32f10x_gpio.o(.text)
    GPIO_ReadOutputData                      0x08001d97   Thumb Code     8  stm32f10x_gpio.o(.text)
    GPIO_SetBits                             0x08001d9f   Thumb Code     4  stm32f10x_gpio.o(.text)
    GPIO_ResetBits                           0x08001da3   Thumb Code     4  stm32f10x_gpio.o(.text)
    GPIO_WriteBit                            0x08001da7   Thumb Code    10  stm32f10x_gpio.o(.text)
    GPIO_Write                               0x08001db1   Thumb Code     4  stm32f10x_gpio.o(.text)
    GPIO_PinLockConfig                       0x08001db5   Thumb Code    18  stm32f10x_gpio.o(.text)
    GPIO_EventOutputConfig                   0x08001dc7   Thumb Code    26  stm32f10x_gpio.o(.text)
    GPIO_EventOutputCmd                      0x08001de1   Thumb Code     6  stm32f10x_gpio.o(.text)
    GPIO_PinRemapConfig                      0x08001de7   Thumb Code   138  stm32f10x_gpio.o(.text)
    GPIO_EXTILineConfig                      0x08001e71   Thumb Code    66  stm32f10x_gpio.o(.text)
    GPIO_ETH_MediaInterfaceConfig            0x08001eb3   Thumb Code     8  stm32f10x_gpio.o(.text)
    RCC_DeInit                               0x08001ee1   Thumb Code    64  stm32f10x_rcc.o(.text)
    RCC_HSEConfig                            0x08001f21   Thumb Code    70  stm32f10x_rcc.o(.text)
    RCC_GetFlagStatus                        0x08001f67   Thumb Code    56  stm32f10x_rcc.o(.text)
    RCC_WaitForHSEStartUp                    0x08001f9f   Thumb Code    56  stm32f10x_rcc.o(.text)
    RCC_AdjustHSICalibrationValue            0x08001fd7   Thumb Code    20  stm32f10x_rcc.o(.text)
    RCC_HSICmd                               0x08001feb   Thumb Code     6  stm32f10x_rcc.o(.text)
    RCC_PLLConfig                            0x08001ff1   Thumb Code    24  stm32f10x_rcc.o(.text)
    RCC_PLLCmd                               0x08002009   Thumb Code     6  stm32f10x_rcc.o(.text)
    RCC_SYSCLKConfig                         0x0800200f   Thumb Code    18  stm32f10x_rcc.o(.text)
    RCC_GetSYSCLKSource                      0x08002021   Thumb Code    10  stm32f10x_rcc.o(.text)
    RCC_HCLKConfig                           0x0800202b   Thumb Code    18  stm32f10x_rcc.o(.text)
    RCC_PCLK1Config                          0x0800203d   Thumb Code    18  stm32f10x_rcc.o(.text)
    RCC_PCLK2Config                          0x0800204f   Thumb Code    20  stm32f10x_rcc.o(.text)
    RCC_ITConfig                             0x08002063   Thumb Code    26  stm32f10x_rcc.o(.text)
    RCC_USBCLKConfig                         0x0800207d   Thumb Code     8  stm32f10x_rcc.o(.text)
    RCC_ADCCLKConfig                         0x08002085   Thumb Code    18  stm32f10x_rcc.o(.text)
    RCC_LSEConfig                            0x08002097   Thumb Code    50  stm32f10x_rcc.o(.text)
    RCC_LSICmd                               0x080020c9   Thumb Code     6  stm32f10x_rcc.o(.text)
    RCC_RTCCLKConfig                         0x080020cf   Thumb Code    12  stm32f10x_rcc.o(.text)
    RCC_RTCCLKCmd                            0x080020db   Thumb Code     8  stm32f10x_rcc.o(.text)
    RCC_GetClocksFreq                        0x080020e3   Thumb Code   192  stm32f10x_rcc.o(.text)
    RCC_AHBPeriphClockCmd                    0x080021a3   Thumb Code    26  stm32f10x_rcc.o(.text)
    RCC_APB2PeriphClockCmd                   0x080021bd   Thumb Code    26  stm32f10x_rcc.o(.text)
    RCC_APB1PeriphClockCmd                   0x080021d7   Thumb Code    26  stm32f10x_rcc.o(.text)
    RCC_APB2PeriphResetCmd                   0x080021f1   Thumb Code    26  stm32f10x_rcc.o(.text)
    RCC_APB1PeriphResetCmd                   0x0800220b   Thumb Code    26  stm32f10x_rcc.o(.text)
    RCC_BackupResetCmd                       0x08002225   Thumb Code     8  stm32f10x_rcc.o(.text)
    RCC_ClockSecuritySystemCmd               0x0800222d   Thumb Code     6  stm32f10x_rcc.o(.text)
    RCC_MCOConfig                            0x08002233   Thumb Code     6  stm32f10x_rcc.o(.text)
    RCC_ClearFlag                            0x08002239   Thumb Code    14  stm32f10x_rcc.o(.text)
    RCC_GetITStatus                          0x08002247   Thumb Code    20  stm32f10x_rcc.o(.text)
    RCC_ClearITPendingBit                    0x0800225b   Thumb Code     6  stm32f10x_rcc.o(.text)
    SystemInit                               0x08002363   Thumb Code    78  system_stm32f10x.o(.text)
    SystemCoreClockUpdate                    0x080023b1   Thumb Code   142  system_stm32f10x.o(.text)
    Reset_Handler                            0x08002465   Thumb Code     8  startup_stm32f10x_md.o(.text)
    ADC1_2_IRQHandler                        0x0800247f   Thumb Code     0  startup_stm32f10x_md.o(.text)
    CAN1_RX1_IRQHandler                      0x0800247f   Thumb Code     0  startup_stm32f10x_md.o(.text)
    CAN1_SCE_IRQHandler                      0x0800247f   Thumb Code     0  startup_stm32f10x_md.o(.text)
    DMA1_Channel1_IRQHandler                 0x0800247f   Thumb Code     0  startup_stm32f10x_md.o(.text)
    DMA1_Channel2_IRQHandler                 0x0800247f   Thumb Code     0  startup_stm32f10x_md.o(.text)
    DMA1_Channel3_IRQHandler                 0x0800247f   Thumb Code     0  startup_stm32f10x_md.o(.text)
    DMA1_Channel4_IRQHandler                 0x0800247f   Thumb Code     0  startup_stm32f10x_md.o(.text)
    DMA1_Channel5_IRQHandler                 0x0800247f   Thumb Code     0  startup_stm32f10x_md.o(.text)
    DMA1_Channel6_IRQHandler                 0x0800247f   Thumb Code     0  startup_stm32f10x_md.o(.text)
    DMA1_Channel7_IRQHandler                 0x0800247f   Thumb Code     0  startup_stm32f10x_md.o(.text)
    EXTI0_IRQHandler                         0x0800247f   Thumb Code     0  startup_stm32f10x_md.o(.text)
    EXTI15_10_IRQHandler                     0x0800247f   Thumb Code     0  startup_stm32f10x_md.o(.text)
    EXTI1_IRQHandler                         0x0800247f   Thumb Code     0  startup_stm32f10x_md.o(.text)
    EXTI2_IRQHandler                         0x0800247f   Thumb Code     0  startup_stm32f10x_md.o(.text)
    EXTI3_IRQHandler                         0x0800247f   Thumb Code     0  startup_stm32f10x_md.o(.text)
    EXTI4_IRQHandler                         0x0800247f   Thumb Code     0  startup_stm32f10x_md.o(.text)
    EXTI9_5_IRQHandler                       0x0800247f   Thumb Code     0  startup_stm32f10x_md.o(.text)
    FLASH_IRQHandler                         0x0800247f   Thumb Code     0  startup_stm32f10x_md.o(.text)
    I2C1_ER_IRQHandler                       0x0800247f   Thumb Code     0  startup_stm32f10x_md.o(.text)
    I2C1_EV_IRQHandler                       0x0800247f   Thumb Code     0  startup_stm32f10x_md.o(.text)
    I2C2_ER_IRQHandler                       0x0800247f   Thumb Code     0  startup_stm32f10x_md.o(.text)
    I2C2_EV_IRQHandler                       0x0800247f   Thumb Code     0  startup_stm32f10x_md.o(.text)
    PVD_IRQHandler                           0x0800247f   Thumb Code     0  startup_stm32f10x_md.o(.text)
    RCC_IRQHandler                           0x0800247f   Thumb Code     0  startup_stm32f10x_md.o(.text)
    RTCAlarm_IRQHandler                      0x0800247f   Thumb Code     0  startup_stm32f10x_md.o(.text)
    RTC_IRQHandler                           0x0800247f   Thumb Code     0  startup_stm32f10x_md.o(.text)
    SPI1_IRQHandler                          0x0800247f   Thumb Code     0  startup_stm32f10x_md.o(.text)
    SPI2_IRQHandler                          0x0800247f   Thumb Code     0  startup_stm32f10x_md.o(.text)
    TAMPER_IRQHandler                        0x0800247f   Thumb Code     0  startup_stm32f10x_md.o(.text)
    TIM1_BRK_IRQHandler                      0x0800247f   Thumb Code     0  startup_stm32f10x_md.o(.text)
    TIM1_CC_IRQHandler                       0x0800247f   Thumb Code     0  startup_stm32f10x_md.o(.text)
    TIM1_TRG_COM_IRQHandler                  0x0800247f   Thumb Code     0  startup_stm32f10x_md.o(.text)
    TIM1_UP_IRQHandler                       0x0800247f   Thumb Code     0  startup_stm32f10x_md.o(.text)
    TIM2_IRQHandler                          0x0800247f   Thumb Code     0  startup_stm32f10x_md.o(.text)
    TIM3_IRQHandler                          0x0800247f   Thumb Code     0  startup_stm32f10x_md.o(.text)
    TIM4_IRQHandler                          0x0800247f   Thumb Code     0  startup_stm32f10x_md.o(.text)
    USART1_IRQHandler                        0x0800247f   Thumb Code     0  startup_stm32f10x_md.o(.text)
    USART2_IRQHandler                        0x0800247f   Thumb Code     0  startup_stm32f10x_md.o(.text)
    USART3_IRQHandler                        0x0800247f   Thumb Code     0  startup_stm32f10x_md.o(.text)
    USBWakeUp_IRQHandler                     0x0800247f   Thumb Code     0  startup_stm32f10x_md.o(.text)
    USB_HP_CAN1_TX_IRQHandler                0x0800247f   Thumb Code     0  startup_stm32f10x_md.o(.text)
    USB_LP_CAN1_RX0_IRQHandler               0x0800247f   Thumb Code     0  startup_stm32f10x_md.o(.text)
    WWDG_IRQHandler                          0x0800247f   Thumb Code     0  startup_stm32f10x_md.o(.text)
    __user_initial_stackheap                 0x08002481   Thumb Code     0  startup_stm32f10x_md.o(.text)
    main                                     0x08002587   Thumb Code    90  main.o(.text)
    NMI_Handler                              0x08002621   Thumb Code     2  stm32f10x_it.o(.text)
    HardFault_Handler                        0x08002623   Thumb Code     4  stm32f10x_it.o(.text)
    MemManage_Handler                        0x08002627   Thumb Code     4  stm32f10x_it.o(.text)
    BusFault_Handler                         0x0800262b   Thumb Code     4  stm32f10x_it.o(.text)
    UsageFault_Handler                       0x0800262f   Thumb Code     4  stm32f10x_it.o(.text)
    DebugMon_Handler                         0x08002633   Thumb Code     2  stm32f10x_it.o(.text)
    __aeabi_memcpy                           0x08002635   Thumb Code     0  rt_memcpy_v6.o(.text)
    __rt_memcpy                              0x08002635   Thumb Code   138  rt_memcpy_v6.o(.text)
    _memcpy_lastbytes                        0x0800269b   Thumb Code     0  rt_memcpy_v6.o(.text)
    __aeabi_memset                           0x080026bf   Thumb Code    16  aeabi_memset.o(.text)
    __aeabi_memclr                           0x080026cf   Thumb Code     0  rt_memclr.o(.text)
    __rt_memclr                              0x080026cf   Thumb Code    68  rt_memclr.o(.text)
    _memset                                  0x080026d3   Thumb Code     0  rt_memclr.o(.text)
    __use_two_region_memory                  0x08002713   Thumb Code     2  heapauxi.o(.text)
    __rt_heap_escrow$2region                 0x08002715   Thumb Code     2  heapauxi.o(.text)
    __rt_heap_expand$2region                 0x08002717   Thumb Code     2  heapauxi.o(.text)
    __aeabi_memcpy4                          0x08002719   Thumb Code     0  rt_memcpy_w.o(.text)
    __aeabi_memcpy8                          0x08002719   Thumb Code     0  rt_memcpy_w.o(.text)
    __rt_memcpy_w                            0x08002719   Thumb Code   100  rt_memcpy_w.o(.text)
    _memcpy_lastbytes_aligned                0x08002761   Thumb Code     0  rt_memcpy_w.o(.text)
    __aeabi_memclr4                          0x0800277d   Thumb Code     0  rt_memclr_w.o(.text)
    __aeabi_memclr8                          0x0800277d   Thumb Code     0  rt_memclr_w.o(.text)
    __rt_memclr_w                            0x0800277d   Thumb Code    78  rt_memclr_w.o(.text)
    _memset_w                                0x08002781   Thumb Code     0  rt_memclr_w.o(.text)
    __user_setup_stackheap                   0x080027cb   Thumb Code    74  sys_stackheap_outer.o(.text)
    exit                                     0x08002815   Thumb Code    12  exit.o(.text)
    __user_libspace                          0x08002821   Thumb Code     8  libspace.o(.text)
    __user_perproc_libspace                  0x08002821   Thumb Code     0  libspace.o(.text)
    __user_perthread_libspace                0x08002821   Thumb Code     0  libspace.o(.text)
    _sys_exit                                0x08002829   Thumb Code     8  sys_exit.o(.text)
    __I$use$semihosting                      0x08002835   Thumb Code     0  use_no_semi.o(.text)
    __use_no_semihosting_swi                 0x08002835   Thumb Code     2  use_no_semi.o(.text)
    __semihosting_library_function           0x08002837   Thumb Code     0  indicate_semi.o(.text)
    Region$$Table$$Base                      0x08002838   Number         0  anon$$obj.o(Region$$Table)
    Region$$Table$$Limit                     0x08002858   Number         0  anon$$obj.o(Region$$Table)
    gptCurrentTCB                            0x20000010   Data           4  ostask.o(.data)
    SystemCoreClock                          0x2000006c   Data           4  system_stm32f10x.o(.data)
    AHBPrescTable                            0x20000070   Data          16  system_stm32f10x.o(.data)
    LedTaskHandle                            0x20000080   Data           4  main.o(.data)
    CtrlTaskHandle                           0x20000084   Data           4  main.o(.data)
    LedSemHandle                             0x20000088   Data           4  main.o(.data)
    Timer100msHandle                         0x2000008c   Data           4  main.o(.data)
    OSRamHeap                                0x20000090   Data        2072  osmemory.o(.bss)
    __libspace_start                         0x20000a14   Data          96  libspace.o(.bss)
    __temporary_stack_top$libspace           0x20000a74   Data           0  libspace.o(.bss)



==============================================================================

Memory Map of the image

  Image Entry point : 0x080000ed

  Load Region LR_IROM1 (Base: 0x08000000, Size: 0x000028e8, Max: 0x00010000, ABSOLUTE)

    Execution Region ER_IROM1 (Base: 0x08000000, Size: 0x00002858, Max: 0x00010000, ABSOLUTE)

    Base Addr    Size         Type   Attr      Idx    E Section Name        Object

    0x08000000   0x000000ec   Data   RO          586    RESET               startup_stm32f10x_md.o
    0x080000ec   0x00000008   Code   RO          634  * !!!main             c_w.l(__main.o)
    0x080000f4   0x00000034   Code   RO          792    !!!scatter          c_w.l(__scatter.o)
    0x08000128   0x0000001a   Code   RO          794    !!handler_copy      c_w.l(__scatter_copy.o)
    0x08000142   0x00000002   PAD
    0x08000144   0x0000001c   Code   RO          796    !!handler_zi        c_w.l(__scatter_zi.o)
    0x08000160   0x00000002   Code   RO          665    .ARM.Collect$$libinit$$00000000  c_w.l(libinit.o)
    0x08000162   0x00000000   Code   RO          672    .ARM.Collect$$libinit$$00000002  c_w.l(libinit2.o)
    0x08000162   0x00000000   Code   RO          675    .ARM.Collect$$libinit$$00000008  c_w.l(libinit2.o)
    0x08000162   0x00000000   Code   RO          677    .ARM.Collect$$libinit$$0000000A  c_w.l(libinit2.o)
    0x08000162   0x00000000   Code   RO          679    .ARM.Collect$$libinit$$0000000C  c_w.l(libinit2.o)
    0x08000162   0x00000000   Code   RO          682    .ARM.Collect$$libinit$$0000000F  c_w.l(libinit2.o)
    0x08000162   0x00000000   Code   RO          684    .ARM.Collect$$libinit$$00000011  c_w.l(libinit2.o)
    0x08000162   0x00000000   Code   RO          686    .ARM.Collect$$libinit$$00000013  c_w.l(libinit2.o)
    0x08000162   0x00000000   Code   RO          688    .ARM.Collect$$libinit$$00000015  c_w.l(libinit2.o)
    0x08000162   0x00000000   Code   RO          690    .ARM.Collect$$libinit$$00000017  c_w.l(libinit2.o)
    0x08000162   0x00000000   Code   RO          692    .ARM.Collect$$libinit$$00000019  c_w.l(libinit2.o)
    0x08000162   0x00000000   Code   RO          694    .ARM.Collect$$libinit$$0000001B  c_w.l(libinit2.o)
    0x08000162   0x00000000   Code   RO          696    .ARM.Collect$$libinit$$0000001D  c_w.l(libinit2.o)
    0x08000162   0x00000000   Code   RO          698    .ARM.Collect$$libinit$$0000001F  c_w.l(libinit2.o)
    0x08000162   0x00000000   Code   RO          700    .ARM.Collect$$libinit$$00000021  c_w.l(libinit2.o)
    0x08000162   0x00000000   Code   RO          702    .ARM.Collect$$libinit$$00000023  c_w.l(libinit2.o)
    0x08000162   0x00000000   Code   RO          706    .ARM.Collect$$libinit$$0000002A  c_w.l(libinit2.o)
    0x08000162   0x00000000   Code   RO          708    .ARM.Collect$$libinit$$0000002C  c_w.l(libinit2.o)
    0x08000162   0x00000000   Code   RO          710    .ARM.Collect$$libinit$$0000002E  c_w.l(libinit2.o)
    0x08000162   0x00000000   Code   RO          712    .ARM.Collect$$libinit$$00000030  c_w.l(libinit2.o)
    0x08000162   0x00000002   Code   RO          713    .ARM.Collect$$libinit$$00000031  c_w.l(libinit2.o)
    0x08000164   0x00000002   Code   RO          733    .ARM.Collect$$libshutdown$$00000000  c_w.l(libshutdown.o)
    0x08000166   0x00000000   Code   RO          747    .ARM.Collect$$libshutdown$$00000003  c_w.l(libshutdown2.o)
    0x08000166   0x00000000   Code   RO          750    .ARM.Collect$$libshutdown$$00000006  c_w.l(libshutdown2.o)
    0x08000166   0x00000000   Code   RO          753    .ARM.Collect$$libshutdown$$00000009  c_w.l(libshutdown2.o)
    0x08000166   0x00000000   Code   RO          755    .ARM.Collect$$libshutdown$$0000000B  c_w.l(libshutdown2.o)
    0x08000166   0x00000000   Code   RO          758    .ARM.Collect$$libshutdown$$0000000E  c_w.l(libshutdown2.o)
    0x08000166   0x00000002   Code   RO          759    .ARM.Collect$$libshutdown$$0000000F  c_w.l(libshutdown2.o)
    0x08000168   0x00000000   Code   RO          636    .ARM.Collect$$rtentry$$00000000  c_w.l(rtentry.o)
    0x08000168   0x00000000   Code   RO          642    .ARM.Collect$$rtentry$$00000002  c_w.l(rtentry2.o)
    0x08000168   0x00000006   Code   RO          654    .ARM.Collect$$rtentry$$00000004  c_w.l(rtentry4.o)
    0x0800016e   0x00000000   Code   RO          644    .ARM.Collect$$rtentry$$00000009  c_w.l(rtentry2.o)
    0x0800016e   0x00000004   Code   RO          645    .ARM.Collect$$rtentry$$0000000A  c_w.l(rtentry2.o)
    0x08000172   0x00000000   Code   RO          647    .ARM.Collect$$rtentry$$0000000C  c_w.l(rtentry2.o)
    0x08000172   0x00000008   Code   RO          648    .ARM.Collect$$rtentry$$0000000D  c_w.l(rtentry2.o)
    0x0800017a   0x00000002   Code   RO          669    .ARM.Collect$$rtexit$$00000000  c_w.l(rtexit.o)
    0x0800017c   0x00000000   Code   RO          715    .ARM.Collect$$rtexit$$00000002  c_w.l(rtexit2.o)
    0x0800017c   0x00000004   Code   RO          716    .ARM.Collect$$rtexit$$00000003  c_w.l(rtexit2.o)
    0x08000180   0x00000006   Code   RO          717    .ARM.Collect$$rtexit$$00000004  c_w.l(rtexit2.o)
    0x08000186   0x00000002   PAD
    0x08000188   0x0000009c   Code   RO            1    .emb_text           fitcpu.o
    0x08000224   0x000000d4   Code   RO            2    .text               fitcpu.o
    0x080002f8   0x0000009a   Code   RO           64    .text               oslist.o
    0x08000392   0x00000002   PAD
    0x08000394   0x00000320   Code   RO           76    .text               osmemory.o
    0x080006b4   0x000001a4   Code   RO           95    .text               osmsgq.o
    0x08000858   0x000005c2   Code   RO          119    .text               osqueue.o
    0x08000e1a   0x00000002   PAD
    0x08000e1c   0x000000b8   Code   RO          143    .text               ossemaphore.o
    0x08000ed4   0x00000990   Code   RO          155    .text               ostask.o
    0x08001864   0x00000244   Code   RO          171    .text               ostimer.o
    0x08001aa8   0x000000dc   Code   RO          185    .text               misc.o
    0x08001b84   0x0000035c   Code   RO          385    .text               stm32f10x_gpio.o
    0x08001ee0   0x000003a4   Code   RO          442    .text               stm32f10x_rcc.o
    0x08002284   0x000001e0   Code   RO          556    .text               system_stm32f10x.o
    0x08002464   0x00000040   Code   RO          587    .text               startup_stm32f10x_md.o
    0x080024a4   0x0000017c   Code   RO          591    .text               main.o
    0x08002620   0x00000014   Code   RO          609    .text               stm32f10x_it.o
    0x08002634   0x0000008a   Code   RO          626    .text               c_w.l(rt_memcpy_v6.o)
    0x080026be   0x00000010   Code   RO          628    .text               c_w.l(aeabi_memset.o)
    0x080026ce   0x00000044   Code   RO          630    .text               c_w.l(rt_memclr.o)
    0x08002712   0x00000006   Code   RO          632    .text               c_w.l(heapauxi.o)
    0x08002718   0x00000064   Code   RO          637    .text               c_w.l(rt_memcpy_w.o)
    0x0800277c   0x0000004e   Code   RO          639    .text               c_w.l(rt_memclr_w.o)
    0x080027ca   0x0000004a   Code   RO          656    .text               c_w.l(sys_stackheap_outer.o)
    0x08002814   0x0000000c   Code   RO          658    .text               c_w.l(exit.o)
    0x08002820   0x00000008   Code   RO          666    .text               c_w.l(libspace.o)
    0x08002828   0x0000000c   Code   RO          725    .text               c_w.l(sys_exit.o)
    0x08002834   0x00000002   Code   RO          736    .text               c_w.l(use_no_semi.o)
    0x08002836   0x00000000   Code   RO          738    .text               c_w.l(indicate_semi.o)
    0x08002836   0x00000002   PAD
    0x08002838   0x00000020   Data   RO          790    Region$$Table       anon$$obj.o


    Execution Region RW_IRAM1 (Base: 0x20000000, Size: 0x00002e78, Max: 0x00005000, ABSOLUTE)

    Base Addr    Size         Type   Attr      Idx    E Section Name        Object

    0x20000000   0x00000004   Data   RW            3    .data               fitcpu.o
    0x20000004   0x0000000c   Data   RW           78    .data               osmemory.o
    0x20000010   0x00000038   Data   RW          157    .data               ostask.o
    0x20000048   0x00000010   Data   RW          172    .data               ostimer.o
    0x20000058   0x00000014   Data   RW          443    .data               stm32f10x_rcc.o
    0x2000006c   0x00000014   Data   RW          557    .data               system_stm32f10x.o
    0x20000080   0x00000010   Data   RW          592    .data               main.o
    0x20000090   0x00000818   Zero   RW           77    .bss                osmemory.o
    0x200008a8   0x0000016c   Zero   RW          156    .bss                ostask.o
    0x20000a14   0x00000060   Zero   RW          667    .bss                c_w.l(libspace.o)
    0x20000a74   0x00000004   PAD
    0x20000a78   0x00002000   Zero   RW          585    HEAP                startup_stm32f10x_md.o
    0x20002a78   0x00000400   Zero   RW          584    STACK               startup_stm32f10x_md.o


==============================================================================

Image component sizes


      Code (inc. data)   RO Data    RW Data    ZI Data      Debug   Object Name

       368         30          0          4          0      16280   fitcpu.o
       380         64          0         16          0       1508   main.o
       220         22          0          0          0     222665   misc.o
       154          0          0          0          0       1792   oslist.o
       800         16          0         12       2072       3592   osmemory.o
       420          4          0          0          0       4228   osmsgq.o
      1474          0          0          0          0       9782   osqueue.o
       184          6          0          0          0       2157   ossemaphore.o
      2448        186          0         56        364      10995   ostask.o
       580         32          0         16          0       3275   ostimer.o
        64         26        236          0       9216        888   startup_stm32f10x_md.o
       860         38          0          0          0       5717   stm32f10x_gpio.o
        20          0          0          0          0        919   stm32f10x_it.o
       932         36          0         20          0       8900   stm32f10x_rcc.o
       480         38          0         20          0       1979   system_stm32f10x.o

    ----------------------------------------------------------------------
      9388        498        268        144      11652     294677   Object Totals
         0          0         32          0          0          0   (incl. Generated)
         4          0          0          0          0          0   (incl. Padding)

    ----------------------------------------------------------------------

      Code (inc. data)   RO Data    RW Data    ZI Data      Debug   Library Member Name

         8          0          0          0          0         68   __main.o
        52          8          0          0          0          0   __scatter.o
        26          0          0          0          0          0   __scatter_copy.o
        28          0          0          0          0          0   __scatter_zi.o
        16          0          0          0          0         68   aeabi_memset.o
        12          0          0          0          0         72   exit.o
         6          0          0          0          0        152   heapauxi.o
         0          0          0          0          0          0   indicate_semi.o
         2          0          0          0          0          0   libinit.o
         2          0          0          0          0          0   libinit2.o
         2          0          0          0          0          0   libshutdown.o
         2          0          0          0          0          0   libshutdown2.o
         8          4          0          0         96         68   libspace.o
        68          0          0          0          0         68   rt_memclr.o
        78          0          0          0          0         80   rt_memclr_w.o
       138          0          0          0          0         68   rt_memcpy_v6.o
       100          0          0          0          0         80   rt_memcpy_w.o
         0          0          0          0          0          0   rtentry.o
        12          0          0          0          0          0   rtentry2.o
         6          0          0          0          0          0   rtentry4.o
         2          0          0          0          0          0   rtexit.o
        10          0          0          0          0          0   rtexit2.o
        12          4          0          0          0         68   sys_exit.o
        74          0          0          0          0         80   sys_stackheap_outer.o
         2          0          0          0          0         68   use_no_semi.o

    ----------------------------------------------------------------------
       672         16          0          0        100        940   Library Totals
         6          0          0          0          4          0   (incl. Padding)

    ----------------------------------------------------------------------

      Code (inc. data)   RO Data    RW Data    ZI Data      Debug   Library Name

       666         16          0          0         96        940   c_w.l

    ----------------------------------------------------------------------
       672         16          0          0        100        940   Library Totals

    ----------------------------------------------------------------------

==============================================================================


      Code (inc. data)   RO Data    RW Data    ZI Data      Debug   

     10060        514        268        144      11752     294001   Grand Totals
     10060        514        268        144      11752     294001   ELF Image Totals
     10060        514        268        144          0          0   ROM Totals

==============================================================================

    Total RO  Size (Code + RO Data)                10328 (  10.09kB)
    Total RW  Size (RW Data + ZI Data)             11896 (  11.62kB)
    Total ROM Size (Code + RO Data + RW Data)      10472 (  10.23kB)

==============================================================================

