Product: MDK-ARM Professional 5.10
Component: ARM Compiler 5.04 update 1 (build 49)
Tool: armlink [5040049]

==============================================================================

Section Cross References

    fitcpu.o(.emb_text) refers to ostask.o(.data) for gptCurrentTCB
    fitcpu.o(.emb_text) refers to ostask.o(.text) for OSTaskSwitchContext
    fitcpu.o(.text) refers to fitcpu.o(.emb_text) for __asm___8_FitCPU_c_a92e4f4f__FitStartFirstTask
    fitcpu.o(.text) refers to ostask.o(.text) for OSTaskIncrementTick
    fitcpu.o(.text) refers to fitcpu.o(.data) for uxCriticalNesting
    osmemory.o(.text) refers to fitcpu.o(.text) for FitEnterCritical
    osmemory.o(.text) refers to rt_memclr.o(.text) for __aeabi_memclr
    osmemory.o(.text) refers to osmemory.o(.data) for gpOSMemBegin
    osmemory.o(.text) refers to osmemory.o(.bss) for OSRamHeap
    osqueue.o(.text) refers to fitcpu.o(.text) for FitEnterCritical
    osqueue.o(.text) refers to ostask.o(.text) for OSTaskDeleteFromEventList
    osqueue.o(.text) refers to oslist.o(.text) for OSListInitialise
    osqueue.o(.text) refers to osmemory.o(.text) for OSMemMalloc
    osqueue.o(.text) refers to rt_memcpy.o(.text) for __aeabi_memcpy
    osqueue.o(.text) refers to fitcpu.o(.emb_text) for ulSetInterruptMaskFromISR
    ossemaphore.o(.text) refers to osqueue.o(.text) for OSQCreate
    ossemaphore.o(.text) refers to ostask.o(.text) for OSTaskGetSchedulerState
    ostask.o(.text) refers to oslist.o(.text) for OSListInitialise
    ostask.o(.text) refers to osmemory.o(.text) for OSMemMalloc
    ostask.o(.text) refers to aeabi_memset.o(.text) for __aeabi_memset
    ostask.o(.text) refers to fitcpu.o(.text) for FitInitializeStack
    ostask.o(.text) refers to ostimer.o(.text) for OSTimerIncrementTick
    ostask.o(.text) refers to ostask.o(.bss) for gtOSTaskListReadyArray
    ostask.o(.text) refers to ostask.o(.data) for gptCurrentTCB
    ostask.o(.text) refers to fitcpu.o(.emb_text) for ulSetInterruptMaskFromISR
    ostimer.o(.text) refers to fitcpu.o(.text) for FitEnterCritical
    ostimer.o(.text) refers to osmemory.o(.text) for OSMemMalloc
    ostimer.o(.text) refers to ostimer.o(.data) for gtOSTimerList
    startup_stm32f0xx.o(STACK) refers (Special) to heapauxi.o(.text) for __use_two_region_memory
    startup_stm32f0xx.o(HEAP) refers (Special) to heapauxi.o(.text) for __use_two_region_memory
    startup_stm32f0xx.o(RESET) refers (Special) to heapauxi.o(.text) for __use_two_region_memory
    startup_stm32f0xx.o(RESET) refers to startup_stm32f0xx.o(STACK) for __initial_sp
    startup_stm32f0xx.o(RESET) refers to startup_stm32f0xx.o(.text) for Reset_Handler
    startup_stm32f0xx.o(RESET) refers to stm32f0xx_it.o(.text) for NMI_Handler
    startup_stm32f0xx.o(RESET) refers to fitcpu.o(.text) for SVC_Handler
    startup_stm32f0xx.o(RESET) refers to fitcpu.o(.emb_text) for PendSV_Handler
    startup_stm32f0xx.o(.text) refers (Special) to heapauxi.o(.text) for __use_two_region_memory
    startup_stm32f0xx.o(.text) refers to startup_stm32f0xx.o(STACK) for __initial_sp
    startup_stm32f0xx.o(.text) refers to system_stm32f0xx.o(.text) for SystemInit
    startup_stm32f0xx.o(.text) refers to __main.o(!!!main) for __main
    startup_stm32f0xx.o(.text) refers to startup_stm32f0xx.o(HEAP) for Heap_Mem
    system_stm32f0xx.o(.text) refers to aeabi_sdiv.o(.text) for __aeabi_uidivmod
    system_stm32f0xx.o(.text) refers to system_stm32f0xx.o(.data) for SystemCoreClock
    stm32f0xx_adc.o(.text) refers to stm32f0xx_rcc.o(.text) for RCC_APB2PeriphResetCmd
    stm32f0xx_can.o(.text) refers to stm32f0xx_rcc.o(.text) for RCC_APB1PeriphResetCmd
    stm32f0xx_cec.o(.text) refers to stm32f0xx_rcc.o(.text) for RCC_APB1PeriphResetCmd
    stm32f0xx_crs.o(.text) refers to stm32f0xx_rcc.o(.text) for RCC_APB1PeriphResetCmd
    stm32f0xx_dac.o(.text) refers to stm32f0xx_rcc.o(.text) for RCC_APB1PeriphResetCmd
    stm32f0xx_gpio.o(.text) refers to stm32f0xx_rcc.o(.text) for RCC_AHBPeriphResetCmd
    stm32f0xx_i2c.o(.text) refers to stm32f0xx_rcc.o(.text) for RCC_APB1PeriphResetCmd
    stm32f0xx_pwr.o(.text) refers to stm32f0xx_rcc.o(.text) for RCC_APB1PeriphResetCmd
    stm32f0xx_rcc.o(.text) refers to aeabi_sdiv.o(.text) for __aeabi_uidivmod
    stm32f0xx_rcc.o(.text) refers to stm32f0xx_rcc.o(.data) for APBAHBPrescTable
    stm32f0xx_spi.o(.text) refers to stm32f0xx_rcc.o(.text) for RCC_APB2PeriphResetCmd
    stm32f0xx_spi.o(.text) refers to aeabi_sdiv.o(.text) for __aeabi_uidivmod
    stm32f0xx_tim.o(.text) refers to stm32f0xx_rcc.o(.text) for RCC_APB2PeriphResetCmd
    stm32f0xx_usart.o(.text) refers to stm32f0xx_rcc.o(.text) for RCC_APB2PeriphResetCmd
    stm32f0xx_usart.o(.text) refers to aeabi_sdiv.o(.text) for __aeabi_uidivmod
    stm32f0xx_wwdg.o(.text) refers to stm32f0xx_rcc.o(.text) for RCC_APB1PeriphResetCmd
    main.o(.text) refers to ossemaphore.o(.text) for OSSemPend
    main.o(.text) refers to stm32f0xx_gpio.o(.text) for GPIO_SetBits
    main.o(.text) refers to ostask.o(.text) for OSTaskSleep
    main.o(.text) refers to stm32f0xx_rcc.o(.text) for RCC_AHBPeriphClockCmd
    main.o(.text) refers to aeabi_sdiv.o(.text) for __aeabi_uidivmod
    main.o(.text) refers to ostimer.o(.text) for OSTimerCreate
    main.o(.text) refers to main.o(.data) for LedSemHandle
    rt_memcpy.o(.text) refers to rt_memcpy.o(.emb_text) for __aeabi_memcpy4
    aeabi_memset.o(.text) refers to rt_memclr.o(.text) for _memset
    __main.o(!!!main) refers to rtentry.o(.ARM.Collect$$rtentry$$00000000) for __rt_entry
    rtentry.o(.ARM.Collect$$rtentry$$00000000) refers (Special) to rtentry2.o(.ARM.Collect$$rtentry$$0000000A) for __rt_entry_li
    rtentry.o(.ARM.Collect$$rtentry$$00000000) refers (Special) to rtentry2.o(.ARM.Collect$$rtentry$$0000000D) for __rt_entry_main
    rtentry.o(.ARM.Collect$$rtentry$$00000000) refers (Special) to rtentry2.o(.ARM.Collect$$rtentry$$0000000C) for __rt_entry_postli_1
    rtentry.o(.ARM.Collect$$rtentry$$00000000) refers (Special) to rtentry2.o(.ARM.Collect$$rtentry$$00000009) for __rt_entry_postsh_1
    rtentry.o(.ARM.Collect$$rtentry$$00000000) refers (Special) to rtentry2.o(.ARM.Collect$$rtentry$$00000002) for __rt_entry_presh_1
    rtentry.o(.ARM.Collect$$rtentry$$00000000) refers (Special) to rtentry4.o(.ARM.Collect$$rtentry$$00000004) for __rt_entry_sh
    aeabi_idiv0_sigfpe.o(.text) refers to rt_div0.o(.text) for __rt_div0
    rtentry2.o(.ARM.Collect$$rtentry$$00000008) refers to boardinit2.o(.text) for _platform_post_stackheap_init
    rtentry2.o(.ARM.Collect$$rtentry$$0000000A) refers to libinit.o(.ARM.Collect$$libinit$$00000000) for __rt_lib_init
    rtentry2.o(.ARM.Collect$$rtentry$$0000000B) refers to boardinit3.o(.text) for _platform_post_lib_init
    rtentry2.o(.ARM.Collect$$rtentry$$0000000D) refers to main.o(.text) for main
    rtentry2.o(.ARM.Collect$$rtentry$$0000000D) refers to exit.o(.text) for exit
    rtentry2.o(.ARM.exidx) refers to rtentry2.o(.ARM.Collect$$rtentry$$00000001) for .ARM.Collect$$rtentry$$00000001
    rtentry2.o(.ARM.exidx) refers to rtentry2.o(.ARM.Collect$$rtentry$$00000008) for .ARM.Collect$$rtentry$$00000008
    rtentry2.o(.ARM.exidx) refers to rtentry2.o(.ARM.Collect$$rtentry$$0000000A) for .ARM.Collect$$rtentry$$0000000A
    rtentry2.o(.ARM.exidx) refers to rtentry2.o(.ARM.Collect$$rtentry$$0000000B) for .ARM.Collect$$rtentry$$0000000B
    rtentry2.o(.ARM.exidx) refers to rtentry2.o(.ARM.Collect$$rtentry$$0000000D) for .ARM.Collect$$rtentry$$0000000D
    rtentry4.o(.ARM.Collect$$rtentry$$00000004) refers to sys_stackheap_outer.o(.text) for __user_setup_stackheap
    rtentry4.o(.ARM.exidx) refers to rtentry4.o(.ARM.Collect$$rtentry$$00000004) for .ARM.Collect$$rtentry$$00000004
    rt_div0.o(.text) refers to defsig_fpe_outer.o(.text) for __rt_SIGFPE
    sys_stackheap_outer.o(.text) refers to libspace.o(.text) for __user_perproc_libspace
    sys_stackheap_outer.o(.text) refers to startup_stm32f0xx.o(.text) for __user_initial_stackheap
    sys_stackheap_outer.o(__vectab_stack_and_reset_area) refers to tempstk.o(.text) for __temporary_stack_top
    sys_stackheap_outer.o(__vectab_stack_and_reset_area) refers to __main.o(!!!main) for __main
    exit.o(.text) refers to rtexit.o(.ARM.Collect$$rtexit$$00000000) for __rt_exit
    defsig_fpe_outer.o(.text) refers to defsig_fpe_inner.o(.text) for __rt_SIGFPE_inner
    defsig_fpe_outer.o(.text) refers to defsig_exit.o(.text) for __sig_exit
    defsig_fpe_formal.o(.text) refers to rt_raise.o(.text) for __rt_raise
    libinit.o(.ARM.Collect$$libinit$$00000000) refers (Special) to libinit2.o(.ARM.Collect$$libinit$$0000002C) for __rt_lib_init_alloca_1
    libinit.o(.ARM.Collect$$libinit$$00000000) refers (Special) to libinit2.o(.ARM.Collect$$libinit$$0000002A) for __rt_lib_init_argv_1
    libinit.o(.ARM.Collect$$libinit$$00000000) refers (Special) to libinit2.o(.ARM.Collect$$libinit$$00000019) for __rt_lib_init_atexit_1
    libinit.o(.ARM.Collect$$libinit$$00000000) refers (Special) to libinit2.o(.ARM.Collect$$libinit$$0000001F) for __rt_lib_init_clock_1
    libinit.o(.ARM.Collect$$libinit$$00000000) refers (Special) to libinit2.o(.ARM.Collect$$libinit$$00000030) for __rt_lib_init_cpp_1
    libinit.o(.ARM.Collect$$libinit$$00000000) refers (Special) to libinit2.o(.ARM.Collect$$libinit$$0000002E) for __rt_lib_init_exceptions_1
    libinit.o(.ARM.Collect$$libinit$$00000000) refers (Special) to libinit2.o(.ARM.Collect$$libinit$$00000001) for __rt_lib_init_fp_1
    libinit.o(.ARM.Collect$$libinit$$00000000) refers (Special) to libinit2.o(.ARM.Collect$$libinit$$0000001D) for __rt_lib_init_fp_trap_1
    libinit.o(.ARM.Collect$$libinit$$00000000) refers (Special) to libinit2.o(.ARM.Collect$$libinit$$00000021) for __rt_lib_init_getenv_1
    libinit.o(.ARM.Collect$$libinit$$00000000) refers (Special) to libinit2.o(.ARM.Collect$$libinit$$00000008) for __rt_lib_init_heap_1
    libinit.o(.ARM.Collect$$libinit$$00000000) refers (Special) to libinit2.o(.ARM.Collect$$libinit$$0000000F) for __rt_lib_init_lc_collate_1
    libinit.o(.ARM.Collect$$libinit$$00000000) refers (Special) to libinit2.o(.ARM.Collect$$libinit$$00000011) for __rt_lib_init_lc_ctype_1
    libinit.o(.ARM.Collect$$libinit$$00000000) refers (Special) to libinit2.o(.ARM.Collect$$libinit$$00000013) for __rt_lib_init_lc_monetary_1
    libinit.o(.ARM.Collect$$libinit$$00000000) refers (Special) to libinit2.o(.ARM.Collect$$libinit$$00000015) for __rt_lib_init_lc_numeric_1
    libinit.o(.ARM.Collect$$libinit$$00000000) refers (Special) to libinit2.o(.ARM.Collect$$libinit$$00000017) for __rt_lib_init_lc_time_1
    libinit.o(.ARM.Collect$$libinit$$00000000) refers (Special) to libinit2.o(.ARM.Collect$$libinit$$0000000C) for __rt_lib_init_rand_1
    libinit.o(.ARM.Collect$$libinit$$00000000) refers (Special) to libinit2.o(.ARM.Collect$$libinit$$00000031) for __rt_lib_init_return
    libinit.o(.ARM.Collect$$libinit$$00000000) refers (Special) to libinit2.o(.ARM.Collect$$libinit$$0000001B) for __rt_lib_init_signal_1
    libinit.o(.ARM.Collect$$libinit$$00000000) refers (Special) to libinit2.o(.ARM.Collect$$libinit$$00000023) for __rt_lib_init_stdio_1
    libinit.o(.ARM.Collect$$libinit$$00000000) refers (Special) to libinit2.o(.ARM.Collect$$libinit$$0000000A) for __rt_lib_init_user_alloc_1
    libspace.o(.text) refers to libspace.o(.bss) for __libspace_start
    rtexit.o(.ARM.Collect$$rtexit$$00000000) refers (Special) to rtexit2.o(.ARM.Collect$$rtexit$$00000004) for __rt_exit_exit
    rtexit.o(.ARM.Collect$$rtexit$$00000000) refers (Special) to rtexit2.o(.ARM.Collect$$rtexit$$00000003) for __rt_exit_ls
    rtexit.o(.ARM.Collect$$rtexit$$00000000) refers (Special) to rtexit2.o(.ARM.Collect$$rtexit$$00000002) for __rt_exit_prels_1
    rtexit.o(.ARM.exidx) refers (Special) to rtexit2.o(.ARM.Collect$$rtexit$$00000004) for __rt_exit_exit
    rtexit.o(.ARM.exidx) refers (Special) to rtexit2.o(.ARM.Collect$$rtexit$$00000003) for __rt_exit_ls
    rtexit.o(.ARM.exidx) refers (Special) to rtexit2.o(.ARM.Collect$$rtexit$$00000002) for __rt_exit_prels_1
    rtexit.o(.ARM.exidx) refers to rtexit.o(.ARM.Collect$$rtexit$$00000000) for .ARM.Collect$$rtexit$$00000000
    rt_raise.o(.text) refers to __raise.o(.text) for __raise
    rt_raise.o(.text) refers to sys_exit.o(.text) for _sys_exit
    defsig_exit.o(.text) refers to sys_exit.o(.text) for _sys_exit
    defsig_fpe_inner.o(.text) refers to defsig_general.o(.text) for __default_signal_display
    libinit2.o(.ARM.Collect$$libinit$$0000000E) refers to libinit2.o(.ARM.Collect$$libinit$$0000000D) for .ARM.Collect$$libinit$$0000000D
    libinit2.o(.ARM.Collect$$libinit$$00000010) refers to libinit2.o(.ARM.Collect$$libinit$$0000000D) for .ARM.Collect$$libinit$$0000000D
    libinit2.o(.ARM.Collect$$libinit$$00000012) refers to libinit2.o(.ARM.Collect$$libinit$$0000000D) for .ARM.Collect$$libinit$$0000000D
    libinit2.o(.ARM.Collect$$libinit$$00000014) refers to libinit2.o(.ARM.Collect$$libinit$$0000000D) for .ARM.Collect$$libinit$$0000000D
    libinit2.o(.ARM.Collect$$libinit$$00000016) refers to libinit2.o(.ARM.Collect$$libinit$$0000000D) for .ARM.Collect$$libinit$$0000000D
    libinit2.o(.ARM.Collect$$libinit$$00000024) refers to argv_veneer.o(.text) for __ARM_argv_veneer
    libinit2.o(.ARM.Collect$$libinit$$00000025) refers to argv_veneer.o(.text) for __ARM_argv_veneer
    sys_exit.o(.text) refers (Special) to use_no_semi.o(.text) for __I$use$semihosting
    sys_exit.o(.text) refers (Special) to indicate_semi.o(.text) for __semihosting_library_function
    rtexit2.o(.ARM.Collect$$rtexit$$00000003) refers to libshutdown.o(.ARM.Collect$$libshutdown$$00000000) for __rt_lib_shutdown
    rtexit2.o(.ARM.Collect$$rtexit$$00000004) refers to sys_exit.o(.text) for _sys_exit
    rtexit2.o(.ARM.exidx) refers to rtexit2.o(.ARM.Collect$$rtexit$$00000001) for .ARM.Collect$$rtexit$$00000001
    rtexit2.o(.ARM.exidx) refers to rtexit2.o(.ARM.Collect$$rtexit$$00000003) for .ARM.Collect$$rtexit$$00000003
    rtexit2.o(.ARM.exidx) refers to rtexit2.o(.ARM.Collect$$rtexit$$00000004) for .ARM.Collect$$rtexit$$00000004
    __raise.o(.text) refers to defsig.o(CL$$defsig) for __default_signal_handler
    defsig_general.o(.text) refers to sys_wrch.o(.text) for _ttywrch
    sys_wrch.o(.text) refers (Special) to use_no_semi.o(.text) for __I$use$semihosting
    sys_wrch.o(.text) refers (Special) to indicate_semi.o(.text) for __semihosting_library_function
    defsig.o(CL$$defsig) refers to defsig_fpe_inner.o(.text) for __rt_SIGFPE_inner
    defsig.o(CL$$defsig) refers to defsig_rtmem_inner.o(.text) for __rt_SIGRTMEM_inner
    _get_argv_nomalloc.o(.text) refers (Special) to hrguard.o(.text) for __heap_region$guard
    _get_argv_nomalloc.o(.text) refers to defsig_rtmem_outer.o(.text) for __rt_SIGRTMEM
    _get_argv_nomalloc.o(.text) refers to sys_command.o(.text) for _sys_command_string
    libshutdown.o(.ARM.Collect$$libshutdown$$00000000) refers (Special) to libshutdown2.o(.ARM.Collect$$libshutdown$$00000006) for __rt_lib_shutdown_fp_trap_1
    libshutdown.o(.ARM.Collect$$libshutdown$$00000000) refers (Special) to libshutdown2.o(.ARM.Collect$$libshutdown$$0000000E) for __rt_lib_shutdown_heap_1
    libshutdown.o(.ARM.Collect$$libshutdown$$00000000) refers (Special) to libshutdown2.o(.ARM.Collect$$libshutdown$$0000000F) for __rt_lib_shutdown_return
    libshutdown.o(.ARM.Collect$$libshutdown$$00000000) refers (Special) to libshutdown2.o(.ARM.Collect$$libshutdown$$00000009) for __rt_lib_shutdown_signal_1
    libshutdown.o(.ARM.Collect$$libshutdown$$00000000) refers (Special) to libshutdown2.o(.ARM.Collect$$libshutdown$$00000003) for __rt_lib_shutdown_stdio_1
    libshutdown.o(.ARM.Collect$$libshutdown$$00000000) refers (Special) to libshutdown2.o(.ARM.Collect$$libshutdown$$0000000B) for __rt_lib_shutdown_user_alloc_1
    sys_command.o(.text) refers (Special) to use_no_semi.o(.text) for __I$use$semihosting
    sys_command.o(.text) refers (Special) to indicate_semi.o(.text) for __semihosting_library_function
    defsig_abrt_inner.o(.text) refers to defsig_general.o(.text) for __default_signal_display
    defsig_rtred_inner.o(.text) refers to defsig_general.o(.text) for __default_signal_display
    defsig_rtmem_inner.o(.text) refers to defsig_general.o(.text) for __default_signal_display
    defsig_rtmem_outer.o(.text) refers to defsig_rtmem_inner.o(.text) for __rt_SIGRTMEM_inner
    defsig_rtmem_outer.o(.text) refers to defsig_exit.o(.text) for __sig_exit
    defsig_rtmem_formal.o(.text) refers to rt_raise.o(.text) for __rt_raise
    defsig_stak_inner.o(.text) refers to defsig_general.o(.text) for __default_signal_display
    defsig_pvfn_inner.o(.text) refers to defsig_general.o(.text) for __default_signal_display
    defsig_cppl_inner.o(.text) refers to defsig_general.o(.text) for __default_signal_display
    defsig_segv_inner.o(.text) refers to defsig_general.o(.text) for __default_signal_display
    defsig_other.o(.text) refers to defsig_general.o(.text) for __default_signal_display


==============================================================================

Removing Unused input sections from the image.

    Removing system_stm32f0xx.o(.rev16_text), (4 bytes).
    Removing system_stm32f0xx.o(.revsh_text), (4 bytes).
    Removing stm32f0xx_adc.o(.rev16_text), (4 bytes).
    Removing stm32f0xx_adc.o(.revsh_text), (4 bytes).
    Removing stm32f0xx_adc.o(.text), (748 bytes).
    Removing stm32f0xx_can.o(.rev16_text), (4 bytes).
    Removing stm32f0xx_can.o(.revsh_text), (4 bytes).
    Removing stm32f0xx_can.o(.text), (2696 bytes).
    Removing stm32f0xx_cec.o(.rev16_text), (4 bytes).
    Removing stm32f0xx_cec.o(.revsh_text), (4 bytes).
    Removing stm32f0xx_cec.o(.text), (336 bytes).
    Removing stm32f0xx_comp.o(.rev16_text), (4 bytes).
    Removing stm32f0xx_comp.o(.revsh_text), (4 bytes).
    Removing stm32f0xx_comp.o(.text), (232 bytes).
    Removing stm32f0xx_crc.o(.rev16_text), (4 bytes).
    Removing stm32f0xx_crc.o(.revsh_text), (4 bytes).
    Removing stm32f0xx_crc.o(.text), (228 bytes).
    Removing stm32f0xx_crs.o(.rev16_text), (4 bytes).
    Removing stm32f0xx_crs.o(.revsh_text), (4 bytes).
    Removing stm32f0xx_crs.o(.text), (416 bytes).
    Removing stm32f0xx_dac.o(.rev16_text), (4 bytes).
    Removing stm32f0xx_dac.o(.revsh_text), (4 bytes).
    Removing stm32f0xx_dac.o(.text), (528 bytes).
    Removing stm32f0xx_dbgmcu.o(.rev16_text), (4 bytes).
    Removing stm32f0xx_dbgmcu.o(.revsh_text), (4 bytes).
    Removing stm32f0xx_dbgmcu.o(.text), (108 bytes).
    Removing stm32f0xx_dma.o(.rev16_text), (4 bytes).
    Removing stm32f0xx_dma.o(.revsh_text), (4 bytes).
    Removing stm32f0xx_dma.o(.text), (692 bytes).
    Removing stm32f0xx_exti.o(.rev16_text), (4 bytes).
    Removing stm32f0xx_exti.o(.revsh_text), (4 bytes).
    Removing stm32f0xx_exti.o(.text), (248 bytes).
    Removing stm32f0xx_flash.o(.rev16_text), (4 bytes).
    Removing stm32f0xx_flash.o(.revsh_text), (4 bytes).
    Removing stm32f0xx_flash.o(.text), (1712 bytes).
    Removing stm32f0xx_gpio.o(.rev16_text), (4 bytes).
    Removing stm32f0xx_gpio.o(.revsh_text), (4 bytes).
    Removing stm32f0xx_i2c.o(.rev16_text), (4 bytes).
    Removing stm32f0xx_i2c.o(.revsh_text), (4 bytes).
    Removing stm32f0xx_i2c.o(.text), (1174 bytes).
    Removing stm32f0xx_iwdg.o(.rev16_text), (4 bytes).
    Removing stm32f0xx_iwdg.o(.revsh_text), (4 bytes).
    Removing stm32f0xx_iwdg.o(.text), (76 bytes).
    Removing stm32f0xx_misc.o(.rev16_text), (4 bytes).
    Removing stm32f0xx_misc.o(.revsh_text), (4 bytes).
    Removing stm32f0xx_misc.o(.text), (180 bytes).
    Removing stm32f0xx_pwr.o(.rev16_text), (4 bytes).
    Removing stm32f0xx_pwr.o(.revsh_text), (4 bytes).
    Removing stm32f0xx_pwr.o(.text), (336 bytes).
    Removing stm32f0xx_rcc.o(.rev16_text), (4 bytes).
    Removing stm32f0xx_rcc.o(.revsh_text), (4 bytes).
    Removing stm32f0xx_rtc.o(.rev16_text), (4 bytes).
    Removing stm32f0xx_rtc.o(.revsh_text), (4 bytes).
    Removing stm32f0xx_rtc.o(.text), (3136 bytes).
    Removing stm32f0xx_spi.o(.rev16_text), (4 bytes).
    Removing stm32f0xx_spi.o(.revsh_text), (4 bytes).
    Removing stm32f0xx_spi.o(.text), (956 bytes).
    Removing stm32f0xx_syscfg.o(.rev16_text), (4 bytes).
    Removing stm32f0xx_syscfg.o(.revsh_text), (4 bytes).
    Removing stm32f0xx_syscfg.o(.text), (284 bytes).
    Removing stm32f0xx_tim.o(.rev16_text), (4 bytes).
    Removing stm32f0xx_tim.o(.revsh_text), (4 bytes).
    Removing stm32f0xx_tim.o(.text), (3072 bytes).
    Removing stm32f0xx_usart.o(.rev16_text), (4 bytes).
    Removing stm32f0xx_usart.o(.revsh_text), (4 bytes).
    Removing stm32f0xx_usart.o(.text), (1554 bytes).
    Removing stm32f0xx_wwdg.o(.rev16_text), (4 bytes).
    Removing stm32f0xx_wwdg.o(.revsh_text), (4 bytes).
    Removing stm32f0xx_wwdg.o(.text), (148 bytes).
    Removing main.o(.rev16_text), (4 bytes).
    Removing main.o(.revsh_text), (4 bytes).
    Removing stm32f0xx_it.o(.rev16_text), (4 bytes).
    Removing stm32f0xx_it.o(.revsh_text), (4 bytes).

73 unused section(s) (total 19068 bytes) removed from the image.

==============================================================================

Image Symbol Table

    Local Symbols

    Symbol Name                              Value     Ov Type        Size  Object(Section)

    ../clib/angel/boardlib.s                 0x00000000   Number         0  boardinit3.o ABSOLUTE
    ../clib/angel/boardlib.s                 0x00000000   Number         0  boardinit2.o ABSOLUTE
    ../clib/angel/boardlib.s                 0x00000000   Number         0  boardinit1.o ABSOLUTE
    ../clib/angel/boardlib.s                 0x00000000   Number         0  boardshut.o ABSOLUTE
    ../clib/angel/handlers.s                 0x00000000   Number         0  __scatter_zi.o ABSOLUTE
    ../clib/angel/handlers.s                 0x00000000   Number         0  __scatter_copy.o ABSOLUTE
    ../clib/angel/kernel.s                   0x00000000   Number         0  rtexit2.o ABSOLUTE
    ../clib/angel/kernel.s                   0x00000000   Number         0  rtexit.o ABSOLUTE
    ../clib/angel/kernel.s                   0x00000000   Number         0  rtentry.o ABSOLUTE
    ../clib/angel/kernel.s                   0x00000000   Number         0  rtentry4.o ABSOLUTE
    ../clib/angel/kernel.s                   0x00000000   Number         0  rtentry2.o ABSOLUTE
    ../clib/angel/rt.s                       0x00000000   Number         0  aeabi_idiv0_sigfpe.o ABSOLUTE
    ../clib/angel/rt.s                       0x00000000   Number         0  rt_div0.o ABSOLUTE
    ../clib/angel/rt.s                       0x00000000   Number         0  aeabi_idiv0.o ABSOLUTE
    ../clib/angel/rt.s                       0x00000000   Number         0  rt_raise.o ABSOLUTE
    ../clib/angel/scatterp.s                 0x00000000   Number         0  __scatter.o ABSOLUTE
    ../clib/angel/startup.s                  0x00000000   Number         0  __main.o ABSOLUTE
    ../clib/angel/sys.s                      0x00000000   Number         0  indicate_semi.o ABSOLUTE
    ../clib/angel/sys.s                      0x00000000   Number         0  libspace.o ABSOLUTE
    ../clib/angel/sys.s                      0x00000000   Number         0  tempstk.o ABSOLUTE
    ../clib/angel/sys.s                      0x00000000   Number         0  use_no_semi.o ABSOLUTE
    ../clib/angel/sys.s                      0x00000000   Number         0  sys_stackheap_outer.o ABSOLUTE
    ../clib/angel/sysapp.c                   0x00000000   Number         0  sys_exit.o ABSOLUTE
    ../clib/angel/sysapp.c                   0x00000000   Number         0  sys_command.o ABSOLUTE
    ../clib/angel/sysapp.c                   0x00000000   Number         0  sys_wrch.o ABSOLUTE
    ../clib/armsys.c                         0x00000000   Number         0  no_argv.o ABSOLUTE
    ../clib/armsys.c                         0x00000000   Number         0  argv_veneer.o ABSOLUTE
    ../clib/armsys.c                         0x00000000   Number         0  _get_argv_nomalloc.o ABSOLUTE
    ../clib/division.s                       0x00000000   Number         0  aeabi_sdiv.o ABSOLUTE
    ../clib/division.s                       0x00000000   Number         0  aeabi_sdiv_div0.o ABSOLUTE
    ../clib/heapalloc.c                      0x00000000   Number         0  hrguard.o ABSOLUTE
    ../clib/heapaux.c                        0x00000000   Number         0  heapauxi.o ABSOLUTE
    ../clib/libinit.s                        0x00000000   Number         0  libinit2.o ABSOLUTE
    ../clib/libinit.s                        0x00000000   Number         0  libshutdown2.o ABSOLUTE
    ../clib/libinit.s                        0x00000000   Number         0  libshutdown.o ABSOLUTE
    ../clib/libinit.s                        0x00000000   Number         0  libinit.o ABSOLUTE
    ../clib/memcpset.c                       0x00000000   Number         0  rt_memcpy.o ABSOLUTE
    ../clib/memcpset.c                       0x00000000   Number         0  rt_memcpy.o ABSOLUTE
    ../clib/memcpset.c                       0x00000000   Number         0  aeabi_memset.o ABSOLUTE
    ../clib/memcpset.c                       0x00000000   Number         0  rt_memclr.o ABSOLUTE
    ../clib/signal.c                         0x00000000   Number         0  defsig_abrt_inner.o ABSOLUTE
    ../clib/signal.c                         0x00000000   Number         0  defsig_general.o ABSOLUTE
    ../clib/signal.c                         0x00000000   Number         0  __raise.o ABSOLUTE
    ../clib/signal.c                         0x00000000   Number         0  defsig_fpe_inner.o ABSOLUTE
    ../clib/signal.c                         0x00000000   Number         0  defsig_exit.o ABSOLUTE
    ../clib/signal.c                         0x00000000   Number         0  defsig_fpe_formal.o ABSOLUTE
    ../clib/signal.c                         0x00000000   Number         0  defsig_other.o ABSOLUTE
    ../clib/signal.c                         0x00000000   Number         0  defsig_segv_inner.o ABSOLUTE
    ../clib/signal.c                         0x00000000   Number         0  defsig_cppl_inner.o ABSOLUTE
    ../clib/signal.c                         0x00000000   Number         0  defsig_pvfn_inner.o ABSOLUTE
    ../clib/signal.c                         0x00000000   Number         0  defsig_rtmem_formal.o ABSOLUTE
    ../clib/signal.c                         0x00000000   Number         0  defsig_rtmem_outer.o ABSOLUTE
    ../clib/signal.c                         0x00000000   Number         0  defsig_fpe_outer.o ABSOLUTE
    ../clib/signal.c                         0x00000000   Number         0  defsig_stak_inner.o ABSOLUTE
    ../clib/signal.c                         0x00000000   Number         0  defsig_rtmem_inner.o ABSOLUTE
    ../clib/signal.c                         0x00000000   Number         0  defsig_rtred_inner.o ABSOLUTE
    ../clib/signal.s                         0x00000000   Number         0  defsig.o ABSOLUTE
    ../clib/stdlib.c                         0x00000000   Number         0  exit.o ABSOLUTE
    ../fplib/cfplib/fpinit.c                 0x00000000   Number         0  fpinit.o ABSOLUTE
    ..\..\Kernel\CPU\KEIL\ARM_CM0\FitCPU.c   0x00000000   Number         0  fitcpu.o ABSOLUTE
    ..\..\Kernel\OS\OSList.c                 0x00000000   Number         0  oslist.o ABSOLUTE
    ..\..\Kernel\OS\OSMemory.c               0x00000000   Number         0  osmemory.o ABSOLUTE
    ..\..\Kernel\OS\OSMsgQ.c                 0x00000000   Number         0  osmsgq.o ABSOLUTE
    ..\..\Kernel\OS\OSMutex.c                0x00000000   Number         0  osmutex.o ABSOLUTE
    ..\..\Kernel\OS\OSQueue.c                0x00000000   Number         0  osqueue.o ABSOLUTE
    ..\..\Kernel\OS\OSSemaphore.c            0x00000000   Number         0  ossemaphore.o ABSOLUTE
    ..\..\Kernel\OS\OSTask.c                 0x00000000   Number         0  ostask.o ABSOLUTE
    ..\..\Kernel\OS\OSTimer.c                0x00000000   Number         0  ostimer.o ABSOLUTE
    ..\\..\\Kernel\\CPU\\KEIL\\ARM_CM0\\FitCPU.c 0x00000000   Number         0  fitcpu.o ABSOLUTE
    core\CMSIS\Device\ST\STM32F0xx\Source\Templates\arm\startup_stm32f0xx.s 0x00000000   Number         0  startup_stm32f0xx.o ABSOLUTE
    core\CMSIS\Device\ST\STM32F0xx\Source\Templates\system_stm32f0xx.c 0x00000000   Number         0  system_stm32f0xx.o ABSOLUTE
    core\\CMSIS\\Device\\ST\\STM32F0xx\\Source\\Templates\\system_stm32f0xx.c 0x00000000   Number         0  system_stm32f0xx.o ABSOLUTE
    dc.s                                     0x00000000   Number         0  dc.o ABSOLUTE
    library\STM32F0xx_StdPeriph_Driver\src\stm32f0xx_adc.c 0x00000000   Number         0  stm32f0xx_adc.o ABSOLUTE
    library\STM32F0xx_StdPeriph_Driver\src\stm32f0xx_can.c 0x00000000   Number         0  stm32f0xx_can.o ABSOLUTE
    library\STM32F0xx_StdPeriph_Driver\src\stm32f0xx_cec.c 0x00000000   Number         0  stm32f0xx_cec.o ABSOLUTE
    library\STM32F0xx_StdPeriph_Driver\src\stm32f0xx_comp.c 0x00000000   Number         0  stm32f0xx_comp.o ABSOLUTE
    library\STM32F0xx_StdPeriph_Driver\src\stm32f0xx_crc.c 0x00000000   Number         0  stm32f0xx_crc.o ABSOLUTE
    library\STM32F0xx_StdPeriph_Driver\src\stm32f0xx_crs.c 0x00000000   Number         0  stm32f0xx_crs.o ABSOLUTE
    library\STM32F0xx_StdPeriph_Driver\src\stm32f0xx_dac.c 0x00000000   Number         0  stm32f0xx_dac.o ABSOLUTE
    library\STM32F0xx_StdPeriph_Driver\src\stm32f0xx_dbgmcu.c 0x00000000   Number         0  stm32f0xx_dbgmcu.o ABSOLUTE
    library\STM32F0xx_StdPeriph_Driver\src\stm32f0xx_dma.c 0x00000000   Number         0  stm32f0xx_dma.o ABSOLUTE
    library\STM32F0xx_StdPeriph_Driver\src\stm32f0xx_exti.c 0x00000000   Number         0  stm32f0xx_exti.o ABSOLUTE
    library\STM32F0xx_StdPeriph_Driver\src\stm32f0xx_flash.c 0x00000000   Number         0  stm32f0xx_flash.o ABSOLUTE
    library\STM32F0xx_StdPeriph_Driver\src\stm32f0xx_gpio.c 0x00000000   Number         0  stm32f0xx_gpio.o ABSOLUTE
    library\STM32F0xx_StdPeriph_Driver\src\stm32f0xx_i2c.c 0x00000000   Number         0  stm32f0xx_i2c.o ABSOLUTE
    library\STM32F0xx_StdPeriph_Driver\src\stm32f0xx_iwdg.c 0x00000000   Number         0  stm32f0xx_iwdg.o ABSOLUTE
    library\STM32F0xx_StdPeriph_Driver\src\stm32f0xx_misc.c 0x00000000   Number         0  stm32f0xx_misc.o ABSOLUTE
    library\STM32F0xx_StdPeriph_Driver\src\stm32f0xx_pwr.c 0x00000000   Number         0  stm32f0xx_pwr.o ABSOLUTE
    library\STM32F0xx_StdPeriph_Driver\src\stm32f0xx_rcc.c 0x00000000   Number         0  stm32f0xx_rcc.o ABSOLUTE
    library\STM32F0xx_StdPeriph_Driver\src\stm32f0xx_rtc.c 0x00000000   Number         0  stm32f0xx_rtc.o ABSOLUTE
    library\STM32F0xx_StdPeriph_Driver\src\stm32f0xx_spi.c 0x00000000   Number         0  stm32f0xx_spi.o ABSOLUTE
    library\STM32F0xx_StdPeriph_Driver\src\stm32f0xx_syscfg.c 0x00000000   Number         0  stm32f0xx_syscfg.o ABSOLUTE
    library\STM32F0xx_StdPeriph_Driver\src\stm32f0xx_tim.c 0x00000000   Number         0  stm32f0xx_tim.o ABSOLUTE
    library\STM32F0xx_StdPeriph_Driver\src\stm32f0xx_usart.c 0x00000000   Number         0  stm32f0xx_usart.o ABSOLUTE
    library\STM32F0xx_StdPeriph_Driver\src\stm32f0xx_wwdg.c 0x00000000   Number         0  stm32f0xx_wwdg.o ABSOLUTE
    library\\STM32F0xx_StdPeriph_Driver\\src\\stm32f0xx_adc.c 0x00000000   Number         0  stm32f0xx_adc.o ABSOLUTE
    library\\STM32F0xx_StdPeriph_Driver\\src\\stm32f0xx_can.c 0x00000000   Number         0  stm32f0xx_can.o ABSOLUTE
    library\\STM32F0xx_StdPeriph_Driver\\src\\stm32f0xx_cec.c 0x00000000   Number         0  stm32f0xx_cec.o ABSOLUTE
    library\\STM32F0xx_StdPeriph_Driver\\src\\stm32f0xx_comp.c 0x00000000   Number         0  stm32f0xx_comp.o ABSOLUTE
    library\\STM32F0xx_StdPeriph_Driver\\src\\stm32f0xx_crc.c 0x00000000   Number         0  stm32f0xx_crc.o ABSOLUTE
    library\\STM32F0xx_StdPeriph_Driver\\src\\stm32f0xx_crs.c 0x00000000   Number         0  stm32f0xx_crs.o ABSOLUTE
    library\\STM32F0xx_StdPeriph_Driver\\src\\stm32f0xx_dac.c 0x00000000   Number         0  stm32f0xx_dac.o ABSOLUTE
    library\\STM32F0xx_StdPeriph_Driver\\src\\stm32f0xx_dbgmcu.c 0x00000000   Number         0  stm32f0xx_dbgmcu.o ABSOLUTE
    library\\STM32F0xx_StdPeriph_Driver\\src\\stm32f0xx_dma.c 0x00000000   Number         0  stm32f0xx_dma.o ABSOLUTE
    library\\STM32F0xx_StdPeriph_Driver\\src\\stm32f0xx_exti.c 0x00000000   Number         0  stm32f0xx_exti.o ABSOLUTE
    library\\STM32F0xx_StdPeriph_Driver\\src\\stm32f0xx_flash.c 0x00000000   Number         0  stm32f0xx_flash.o ABSOLUTE
    library\\STM32F0xx_StdPeriph_Driver\\src\\stm32f0xx_gpio.c 0x00000000   Number         0  stm32f0xx_gpio.o ABSOLUTE
    library\\STM32F0xx_StdPeriph_Driver\\src\\stm32f0xx_i2c.c 0x00000000   Number         0  stm32f0xx_i2c.o ABSOLUTE
    library\\STM32F0xx_StdPeriph_Driver\\src\\stm32f0xx_iwdg.c 0x00000000   Number         0  stm32f0xx_iwdg.o ABSOLUTE
    library\\STM32F0xx_StdPeriph_Driver\\src\\stm32f0xx_misc.c 0x00000000   Number         0  stm32f0xx_misc.o ABSOLUTE
    library\\STM32F0xx_StdPeriph_Driver\\src\\stm32f0xx_pwr.c 0x00000000   Number         0  stm32f0xx_pwr.o ABSOLUTE
    library\\STM32F0xx_StdPeriph_Driver\\src\\stm32f0xx_rcc.c 0x00000000   Number         0  stm32f0xx_rcc.o ABSOLUTE
    library\\STM32F0xx_StdPeriph_Driver\\src\\stm32f0xx_rtc.c 0x00000000   Number         0  stm32f0xx_rtc.o ABSOLUTE
    library\\STM32F0xx_StdPeriph_Driver\\src\\stm32f0xx_spi.c 0x00000000   Number         0  stm32f0xx_spi.o ABSOLUTE
    library\\STM32F0xx_StdPeriph_Driver\\src\\stm32f0xx_syscfg.c 0x00000000   Number         0  stm32f0xx_syscfg.o ABSOLUTE
    library\\STM32F0xx_StdPeriph_Driver\\src\\stm32f0xx_tim.c 0x00000000   Number         0  stm32f0xx_tim.o ABSOLUTE
    library\\STM32F0xx_StdPeriph_Driver\\src\\stm32f0xx_usart.c 0x00000000   Number         0  stm32f0xx_usart.o ABSOLUTE
    library\\STM32F0xx_StdPeriph_Driver\\src\\stm32f0xx_wwdg.c 0x00000000   Number         0  stm32f0xx_wwdg.o ABSOLUTE
    user\\main.c                             0x00000000   Number         0  main.o ABSOLUTE
    user\\stm32f0xx_it.c                     0x00000000   Number         0  stm32f0xx_it.o ABSOLUTE
    user\main.c                              0x00000000   Number         0  main.o ABSOLUTE
    user\stm32f0xx_it.c                      0x00000000   Number         0  stm32f0xx_it.o ABSOLUTE
    RESET                                    0x08000000   Section      192  startup_stm32f0xx.o(RESET)
    !!!main                                  0x080000c0   Section        8  __main.o(!!!main)
    !!!scatter                               0x080000c8   Section       60  __scatter.o(!!!scatter)
    !!handler_copy                           0x08000104   Section       26  __scatter_copy.o(!!handler_copy)
    !!handler_zi                             0x08000120   Section       28  __scatter_zi.o(!!handler_zi)
    .ARM.Collect$$libinit$$00000000          0x0800013c   Section        2  libinit.o(.ARM.Collect$$libinit$$00000000)
    .ARM.Collect$$libinit$$00000001          0x0800013e   Section        4  libinit2.o(.ARM.Collect$$libinit$$00000001)
    .ARM.Collect$$libinit$$00000008          0x08000142   Section        0  libinit2.o(.ARM.Collect$$libinit$$00000008)
    .ARM.Collect$$libinit$$0000000A          0x08000142   Section        0  libinit2.o(.ARM.Collect$$libinit$$0000000A)
    .ARM.Collect$$libinit$$0000000C          0x08000142   Section        0  libinit2.o(.ARM.Collect$$libinit$$0000000C)
    .ARM.Collect$$libinit$$0000000F          0x08000142   Section        0  libinit2.o(.ARM.Collect$$libinit$$0000000F)
    .ARM.Collect$$libinit$$00000011          0x08000142   Section        0  libinit2.o(.ARM.Collect$$libinit$$00000011)
    .ARM.Collect$$libinit$$00000013          0x08000142   Section        0  libinit2.o(.ARM.Collect$$libinit$$00000013)
    .ARM.Collect$$libinit$$00000015          0x08000142   Section        0  libinit2.o(.ARM.Collect$$libinit$$00000015)
    .ARM.Collect$$libinit$$00000017          0x08000142   Section        0  libinit2.o(.ARM.Collect$$libinit$$00000017)
    .ARM.Collect$$libinit$$00000019          0x08000142   Section        0  libinit2.o(.ARM.Collect$$libinit$$00000019)
    .ARM.Collect$$libinit$$0000001B          0x08000142   Section        0  libinit2.o(.ARM.Collect$$libinit$$0000001B)
    .ARM.Collect$$libinit$$0000001D          0x08000142   Section        0  libinit2.o(.ARM.Collect$$libinit$$0000001D)
    .ARM.Collect$$libinit$$0000001F          0x08000142   Section        0  libinit2.o(.ARM.Collect$$libinit$$0000001F)
    .ARM.Collect$$libinit$$00000021          0x08000142   Section        0  libinit2.o(.ARM.Collect$$libinit$$00000021)
    .ARM.Collect$$libinit$$00000023          0x08000142   Section        0  libinit2.o(.ARM.Collect$$libinit$$00000023)
    .ARM.Collect$$libinit$$0000002A          0x08000142   Section        0  libinit2.o(.ARM.Collect$$libinit$$0000002A)
    .ARM.Collect$$libinit$$0000002C          0x08000142   Section        0  libinit2.o(.ARM.Collect$$libinit$$0000002C)
    .ARM.Collect$$libinit$$0000002E          0x08000142   Section        0  libinit2.o(.ARM.Collect$$libinit$$0000002E)
    .ARM.Collect$$libinit$$00000030          0x08000142   Section        0  libinit2.o(.ARM.Collect$$libinit$$00000030)
    .ARM.Collect$$libinit$$00000031          0x08000142   Section        2  libinit2.o(.ARM.Collect$$libinit$$00000031)
    .ARM.Collect$$libshutdown$$00000000      0x08000144   Section        2  libshutdown.o(.ARM.Collect$$libshutdown$$00000000)
    .ARM.Collect$$libshutdown$$00000003      0x08000146   Section        0  libshutdown2.o(.ARM.Collect$$libshutdown$$00000003)
    .ARM.Collect$$libshutdown$$00000006      0x08000146   Section        0  libshutdown2.o(.ARM.Collect$$libshutdown$$00000006)
    .ARM.Collect$$libshutdown$$00000009      0x08000146   Section        0  libshutdown2.o(.ARM.Collect$$libshutdown$$00000009)
    .ARM.Collect$$libshutdown$$0000000B      0x08000146   Section        0  libshutdown2.o(.ARM.Collect$$libshutdown$$0000000B)
    .ARM.Collect$$libshutdown$$0000000E      0x08000146   Section        0  libshutdown2.o(.ARM.Collect$$libshutdown$$0000000E)
    .ARM.Collect$$libshutdown$$0000000F      0x08000146   Section        2  libshutdown2.o(.ARM.Collect$$libshutdown$$0000000F)
    .ARM.Collect$$rtentry$$00000000          0x08000148   Section        0  rtentry.o(.ARM.Collect$$rtentry$$00000000)
    .ARM.Collect$$rtentry$$00000002          0x08000148   Section        0  rtentry2.o(.ARM.Collect$$rtentry$$00000002)
    .ARM.Collect$$rtentry$$00000004          0x08000148   Section        6  rtentry4.o(.ARM.Collect$$rtentry$$00000004)
    .ARM.Collect$$rtentry$$00000009          0x0800014e   Section        0  rtentry2.o(.ARM.Collect$$rtentry$$00000009)
    .ARM.Collect$$rtentry$$0000000A          0x0800014e   Section        4  rtentry2.o(.ARM.Collect$$rtentry$$0000000A)
    .ARM.Collect$$rtentry$$0000000C          0x08000152   Section        0  rtentry2.o(.ARM.Collect$$rtentry$$0000000C)
    .ARM.Collect$$rtentry$$0000000D          0x08000152   Section        8  rtentry2.o(.ARM.Collect$$rtentry$$0000000D)
    .ARM.Collect$$rtexit$$00000000           0x0800015a   Section        2  rtexit.o(.ARM.Collect$$rtexit$$00000000)
    .ARM.Collect$$rtexit$$00000002           0x0800015c   Section        0  rtexit2.o(.ARM.Collect$$rtexit$$00000002)
    .ARM.Collect$$rtexit$$00000003           0x0800015c   Section        4  rtexit2.o(.ARM.Collect$$rtexit$$00000003)
    .ARM.Collect$$rtexit$$00000004           0x08000160   Section        6  rtexit2.o(.ARM.Collect$$rtexit$$00000004)
    .emb_text                                0x08000168   Section      112  fitcpu.o(.emb_text)
    .emb_text                                0x080001d8   Section       56  rt_memcpy.o(.emb_text)
    .text                                    0x08000210   Section        0  fitcpu.o(.text)
    FitTaskExitError                         0x08000211   Thumb Code     6  fitcpu.o(.text)
    FitSetupTimerInterrupt                   0x08000233   Thumb Code    12  fitcpu.o(.text)
    .text                                    0x080002e4   Section        0  oslist.o(.text)
    .text                                    0x08000380   Section        0  osmemory.o(.text)
    OSMemCombine                             0x08000381   Thumb Code   112  osmemory.o(.text)
    .text                                    0x080006cc   Section        0  osqueue.o(.text)
    OSQUnlock                                0x08000793   Thumb Code   138  osqueue.o(.text)
    OSQIsFull                                0x0800081d   Thumb Code    30  osqueue.o(.text)
    OSQCopyDataIn                            0x0800083b   Thumb Code   112  osqueue.o(.text)
    OSQIsEmpty                               0x08000a69   Thumb Code    28  osqueue.o(.text)
    OSQCopyDataOut                           0x08000a85   Thumb Code    44  osqueue.o(.text)
    .text                                    0x08000c98   Section        0  ossemaphore.o(.text)
    .text                                    0x08000d54   Section        0  ostask.o(.text)
    OSTaskRecordReadyPriority                0x08000d55   Thumb Code     2  ostask.o(.text)
    OSTaskResetReadyPriority                 0x08000d57   Thumb Code     2  ostask.o(.text)
    OSTaskFindHighestReadyPriority           0x08000d59   Thumb Code    30  ostask.o(.text)
    OSTaskGetTCBFromHandle                   0x08000d77   Thumb Code    16  ostask.o(.text)
    OSTaskListsInitialise                    0x08000d87   Thumb Code    68  ostask.o(.text)
    OSTaskResetCurrentTask                   0x08000dcb   Thumb Code    48  ostask.o(.text)
    OSTaskUpdateUnblockTime                  0x08000dfb   Thumb Code    46  ostask.o(.text)
    OSTaskSwitchListDelayed                  0x08000e29   Thumb Code    34  ostask.o(.text)
    OSTaskAddToReadyList                     0x08000e4b   Thumb Code    28  ostask.o(.text)
    OSAllocateTCBAndStack                    0x08000e67   Thumb Code    58  ostask.o(.text)
    OSTaskInitTCB                            0x08000ea1   Thumb Code    78  ostask.o(.text)
    OSTaskDeleteFromDeadList                 0x080011c1   Thumb Code    90  ostask.o(.text)
    OSTaskAddToDelayedList                   0x0800121b   Thumb Code    60  ostask.o(.text)
    .text                                    0x08001600   Section        0  ostimer.o(.text)
    .text                                    0x080017f4   Section      116  startup_stm32f0xx.o(.text)
    .text                                    0x08001868   Section        0  system_stm32f0xx.o(.text)
    SetSysClock                              0x08001869   Thumb Code   206  system_stm32f0xx.o(.text)
    .text                                    0x08001a60   Section        0  stm32f0xx_gpio.o(.text)
    .text                                    0x08001c6c   Section        0  stm32f0xx_rcc.o(.text)
    .text                                    0x080023a8   Section        0  main.o(.text)
    NVIC_SetPriority                         0x080024a1   Thumb Code   110  main.o(.text)
    .text                                    0x08002554   Section        0  stm32f0xx_it.o(.text)
    .text                                    0x0800255a   Section        0  rt_memcpy.o(.text)
    .text                                    0x080025dc   Section        0  aeabi_memset.o(.text)
    .text                                    0x080025ee   Section        0  rt_memclr.o(.text)
    .text                                    0x0800262e   Section      346  aeabi_sdiv.o(.text)
    .text                                    0x08002788   Section        0  heapauxi.o(.text)
    .text                                    0x0800278e   Section       62  sys_stackheap_outer.o(.text)
    .text                                    0x080027cc   Section        0  exit.o(.text)
    .text                                    0x080027d8   Section        8  libspace.o(.text)
    .text                                    0x080027e0   Section        0  sys_exit.o(.text)
    .text                                    0x080027ec   Section        2  use_no_semi.o(.text)
    .text                                    0x080027ee   Section        0  indicate_semi.o(.text)
    .data                                    0x20000000   Section        4  fitcpu.o(.data)
    uxCriticalNesting                        0x20000000   Data           4  fitcpu.o(.data)
    .data                                    0x20000004   Section       12  osmemory.o(.data)
    gpOSMemBegin                             0x20000004   Data           4  osmemory.o(.data)
    gpOSMemEnd                               0x20000008   Data           4  osmemory.o(.data)
    gpOSMemLFree                             0x2000000c   Data           4  osmemory.o(.data)
    .data                                    0x20000010   Section       56  ostask.o(.data)
    gptOSTaskListDelayed                     0x20000014   Data           4  ostask.o(.data)
    gptOSTaskListOverflowDelayed             0x20000018   Data           4  ostask.o(.data)
    guxTasksDeleted                          0x2000001c   Data           4  ostask.o(.data)
    guxCurrentNumberOfTasks                  0x20000020   Data           4  ostask.o(.data)
    guxTickCount                             0x20000024   Data           4  ostask.o(.data)
    guxTopReadyPriority                      0x20000028   Data           4  ostask.o(.data)
    gxSchedulerRunning                       0x2000002c   Data           4  ostask.o(.data)
    guxPendedTicks                           0x20000030   Data           4  ostask.o(.data)
    gxYieldPending                           0x20000034   Data           4  ostask.o(.data)
    gxNumOfOverflows                         0x20000038   Data           4  ostask.o(.data)
    guxOSTaskNumber                          0x2000003c   Data           4  ostask.o(.data)
    guxNextTaskUnblockTime                   0x20000040   Data           4  ostask.o(.data)
    guxSchedulerSuspended                    0x20000044   Data           4  ostask.o(.data)
    .data                                    0x20000048   Section        8  ostimer.o(.data)
    gtOSTimerList                            0x20000048   Data           4  ostimer.o(.data)
    guxTimerTicks                            0x2000004c   Data           4  ostimer.o(.data)
    .data                                    0x20000050   Section       20  system_stm32f0xx.o(.data)
    .data                                    0x20000064   Section       16  stm32f0xx_rcc.o(.data)
    APBAHBPrescTable                         0x20000064   Data          16  stm32f0xx_rcc.o(.data)
    .data                                    0x20000074   Section       16  main.o(.data)
    .bss                                     0x20000084   Section     2072  osmemory.o(.bss)
    .bss                                     0x2000089c   Section      280  ostask.o(.bss)
    gtOSTaskListReadyArray                   0x2000089c   Data         140  ostask.o(.bss)
    gtOSTaskListDelayed1                     0x20000928   Data          28  ostask.o(.bss)
    gtOSTaskListDelayed2                     0x20000944   Data          28  ostask.o(.bss)
    gtOSTaskListPendingReady                 0x20000960   Data          28  ostask.o(.bss)
    gtOSTaskListSuspended                    0x2000097c   Data          28  ostask.o(.bss)
    gtOSTaskListdead                         0x20000998   Data          28  ostask.o(.bss)
    .bss                                     0x200009b4   Section       96  libspace.o(.bss)
    HEAP                                     0x20000a18   Section       32  startup_stm32f0xx.o(HEAP)
    Heap_Mem                                 0x20000a18   Data          32  startup_stm32f0xx.o(HEAP)
    STACK                                    0x20000a38   Section       32  startup_stm32f0xx.o(STACK)
    Stack_Mem                                0x20000a38   Data          32  startup_stm32f0xx.o(STACK)
    __initial_sp                             0x20000a58   Data           0  startup_stm32f0xx.o(STACK)

    Global Symbols

    Symbol Name                              Value     Ov Type        Size  Object(Section)

    BuildAttributes$$THM_ISAv3M$S$PE$A:L22$X:L11$S22$IEEE1$IW$USESV6$~STKCKD$USESV7$~SHL$OSPACE$ROPI$EBA8$UX$STANDARDLIB$REQ8$PRES8$EABIv2 0x00000000   Number         0  anon$$obj.o ABSOLUTE
    __ARM_use_no_argv                        0x00000000   Number         0  main.o ABSOLUTE
    __ARM_exceptions_init                     - Undefined Weak Reference
    __alloca_initialize                       - Undefined Weak Reference
    __cpp_initialize__aeabi_                  - Undefined Weak Reference
    __cxa_finalize                            - Undefined Weak Reference
    __rt_locale                               - Undefined Weak Reference
    __sigvec_lookup                           - Undefined Weak Reference
    _atexit_init                              - Undefined Weak Reference
    _call_atexit_fns                          - Undefined Weak Reference
    _clock_init                               - Undefined Weak Reference
    _fp_trap_init                             - Undefined Weak Reference
    _fp_trap_shutdown                         - Undefined Weak Reference
    _get_lc_collate                           - Undefined Weak Reference
    _get_lc_ctype                             - Undefined Weak Reference
    _get_lc_monetary                          - Undefined Weak Reference
    _get_lc_numeric                           - Undefined Weak Reference
    _get_lc_time                              - Undefined Weak Reference
    _getenv_init                              - Undefined Weak Reference
    _handle_redirection                       - Undefined Weak Reference
    _init_alloc                               - Undefined Weak Reference
    _init_user_alloc                          - Undefined Weak Reference
    _initio                                   - Undefined Weak Reference
    _rand_init                                - Undefined Weak Reference
    _signal_finish                            - Undefined Weak Reference
    _signal_init                              - Undefined Weak Reference
    _terminate_alloc                          - Undefined Weak Reference
    _terminate_user_alloc                     - Undefined Weak Reference
    _terminateio                              - Undefined Weak Reference
    __Vectors_Size                           0x000000c0   Number         0  startup_stm32f0xx.o ABSOLUTE
    __Vectors                                0x08000000   Data           4  startup_stm32f0xx.o(RESET)
    __Vectors_End                            0x080000c0   Data           0  startup_stm32f0xx.o(RESET)
    __main                                   0x080000c1   Thumb Code     8  __main.o(!!!main)
    __scatterload                            0x080000c9   Thumb Code     0  __scatter.o(!!!scatter)
    __scatterload_rt2                        0x080000c9   Thumb Code    52  __scatter.o(!!!scatter)
    __scatterload_rt2_thumb_only             0x080000c9   Thumb Code     0  __scatter.o(!!!scatter)
    __scatterload_null                       0x080000d9   Thumb Code     0  __scatter.o(!!!scatter)
    __scatterload_copy                       0x08000105   Thumb Code    26  __scatter_copy.o(!!handler_copy)
    __scatterload_zeroinit                   0x08000121   Thumb Code    28  __scatter_zi.o(!!handler_zi)
    __rt_lib_init                            0x0800013d   Thumb Code     0  libinit.o(.ARM.Collect$$libinit$$00000000)
    __rt_lib_init_fp_1                       0x0800013f   Thumb Code     0  libinit2.o(.ARM.Collect$$libinit$$00000001)
    __rt_lib_init_alloca_1                   0x08000143   Thumb Code     0  libinit2.o(.ARM.Collect$$libinit$$0000002C)
    __rt_lib_init_argv_1                     0x08000143   Thumb Code     0  libinit2.o(.ARM.Collect$$libinit$$0000002A)
    __rt_lib_init_atexit_1                   0x08000143   Thumb Code     0  libinit2.o(.ARM.Collect$$libinit$$00000019)
    __rt_lib_init_clock_1                    0x08000143   Thumb Code     0  libinit2.o(.ARM.Collect$$libinit$$0000001F)
    __rt_lib_init_cpp_1                      0x08000143   Thumb Code     0  libinit2.o(.ARM.Collect$$libinit$$00000030)
    __rt_lib_init_exceptions_1               0x08000143   Thumb Code     0  libinit2.o(.ARM.Collect$$libinit$$0000002E)
    __rt_lib_init_fp_trap_1                  0x08000143   Thumb Code     0  libinit2.o(.ARM.Collect$$libinit$$0000001D)
    __rt_lib_init_getenv_1                   0x08000143   Thumb Code     0  libinit2.o(.ARM.Collect$$libinit$$00000021)
    __rt_lib_init_heap_1                     0x08000143   Thumb Code     0  libinit2.o(.ARM.Collect$$libinit$$00000008)
    __rt_lib_init_lc_collate_1               0x08000143   Thumb Code     0  libinit2.o(.ARM.Collect$$libinit$$0000000F)
    __rt_lib_init_lc_ctype_1                 0x08000143   Thumb Code     0  libinit2.o(.ARM.Collect$$libinit$$00000011)
    __rt_lib_init_lc_monetary_1              0x08000143   Thumb Code     0  libinit2.o(.ARM.Collect$$libinit$$00000013)
    __rt_lib_init_lc_numeric_1               0x08000143   Thumb Code     0  libinit2.o(.ARM.Collect$$libinit$$00000015)
    __rt_lib_init_lc_time_1                  0x08000143   Thumb Code     0  libinit2.o(.ARM.Collect$$libinit$$00000017)
    __rt_lib_init_rand_1                     0x08000143   Thumb Code     0  libinit2.o(.ARM.Collect$$libinit$$0000000C)
    __rt_lib_init_return                     0x08000143   Thumb Code     0  libinit2.o(.ARM.Collect$$libinit$$00000031)
    __rt_lib_init_signal_1                   0x08000143   Thumb Code     0  libinit2.o(.ARM.Collect$$libinit$$0000001B)
    __rt_lib_init_stdio_1                    0x08000143   Thumb Code     0  libinit2.o(.ARM.Collect$$libinit$$00000023)
    __rt_lib_init_user_alloc_1               0x08000143   Thumb Code     0  libinit2.o(.ARM.Collect$$libinit$$0000000A)
    __rt_lib_shutdown                        0x08000145   Thumb Code     0  libshutdown.o(.ARM.Collect$$libshutdown$$00000000)
    __rt_lib_shutdown_fp_trap_1              0x08000147   Thumb Code     0  libshutdown2.o(.ARM.Collect$$libshutdown$$00000006)
    __rt_lib_shutdown_heap_1                 0x08000147   Thumb Code     0  libshutdown2.o(.ARM.Collect$$libshutdown$$0000000E)
    __rt_lib_shutdown_return                 0x08000147   Thumb Code     0  libshutdown2.o(.ARM.Collect$$libshutdown$$0000000F)
    __rt_lib_shutdown_signal_1               0x08000147   Thumb Code     0  libshutdown2.o(.ARM.Collect$$libshutdown$$00000009)
    __rt_lib_shutdown_stdio_1                0x08000147   Thumb Code     0  libshutdown2.o(.ARM.Collect$$libshutdown$$00000003)
    __rt_lib_shutdown_user_alloc_1           0x08000147   Thumb Code     0  libshutdown2.o(.ARM.Collect$$libshutdown$$0000000B)
    __rt_entry                               0x08000149   Thumb Code     0  rtentry.o(.ARM.Collect$$rtentry$$00000000)
    __rt_entry_presh_1                       0x08000149   Thumb Code     0  rtentry2.o(.ARM.Collect$$rtentry$$00000002)
    __rt_entry_sh                            0x08000149   Thumb Code     0  rtentry4.o(.ARM.Collect$$rtentry$$00000004)
    __rt_entry_li                            0x0800014f   Thumb Code     0  rtentry2.o(.ARM.Collect$$rtentry$$0000000A)
    __rt_entry_postsh_1                      0x0800014f   Thumb Code     0  rtentry2.o(.ARM.Collect$$rtentry$$00000009)
    __rt_entry_main                          0x08000153   Thumb Code     0  rtentry2.o(.ARM.Collect$$rtentry$$0000000D)
    __rt_entry_postli_1                      0x08000153   Thumb Code     0  rtentry2.o(.ARM.Collect$$rtentry$$0000000C)
    __rt_exit                                0x0800015b   Thumb Code     0  rtexit.o(.ARM.Collect$$rtexit$$00000000)
    __rt_exit_ls                             0x0800015d   Thumb Code     0  rtexit2.o(.ARM.Collect$$rtexit$$00000003)
    __rt_exit_prels_1                        0x0800015d   Thumb Code     0  rtexit2.o(.ARM.Collect$$rtexit$$00000002)
    __rt_exit_exit                           0x08000161   Thumb Code     0  rtexit2.o(.ARM.Collect$$rtexit$$00000004)
    __asm___8_FitCPU_c_a92e4f4f__FitStartFirstTask 0x08000169   Thumb Code    28  fitcpu.o(.emb_text)
    ulSetInterruptMaskFromISR                0x08000189   Thumb Code     8  fitcpu.o(.emb_text)
    vClearInterruptMaskFromISR               0x08000191   Thumb Code     6  fitcpu.o(.emb_text)
    PendSV_Handler                           0x08000197   Thumb Code    62  fitcpu.o(.emb_text)
    __aeabi_memcpy4                          0x080001d9   Thumb Code    56  rt_memcpy.o(.emb_text)
    __aeabi_memcpy8                          0x080001d9   Thumb Code     0  rt_memcpy.o(.emb_text)
    FitInitializeStack                       0x08000217   Thumb Code    26  fitcpu.o(.text)
    SVC_Handler                              0x08000231   Thumb Code     2  fitcpu.o(.text)
    FitStartScheduler                        0x0800023f   Thumb Code    48  fitcpu.o(.text)
    FitEndScheduler                          0x0800026f   Thumb Code     2  fitcpu.o(.text)
    FitYield                                 0x08000271   Thumb Code    18  fitcpu.o(.text)
    FitEnterCritical                         0x08000283   Thumb Code    22  fitcpu.o(.text)
    FitExitCritical                          0x08000299   Thumb Code    22  fitcpu.o(.text)
    SysTick_Handler                          0x080002af   Thumb Code    32  fitcpu.o(.text)
    OSListInitialise                         0x080002e5   Thumb Code    32  oslist.o(.text)
    OSListItemInitialise                     0x08000305   Thumb Code     6  oslist.o(.text)
    OSListInsertItemToEnd                    0x0800030b   Thumb Code    24  oslist.o(.text)
    OSListInsertItem                         0x08000323   Thumb Code    54  oslist.o(.text)
    OSListRemoveItem                         0x08000359   Thumb Code    40  oslist.o(.text)
    OSMemInit                                0x080003f1   Thumb Code    70  osmemory.o(.text)
    OSMemFree                                0x08000437   Thumb Code    66  osmemory.o(.text)
    OSMemTrim                                0x08000479   Thumb Code   270  osmemory.o(.text)
    OSMemMalloc                              0x08000587   Thumb Code   270  osmemory.o(.text)
    OSMemCalloc                              0x08000695   Thumb Code    38  osmemory.o(.text)
    OSQReset                                 0x080006cd   Thumb Code   116  osqueue.o(.text)
    OSQCreate                                0x08000741   Thumb Code    82  osqueue.o(.text)
    OSQSend                                  0x080008ab   Thumb Code   240  osqueue.o(.text)
    OSQSendFromISR                           0x0800099b   Thumb Code   110  osqueue.o(.text)
    OSQGiveFromISR                           0x08000a09   Thumb Code    96  osqueue.o(.text)
    OSQReceive                               0x08000ab1   Thumb Code   268  osqueue.o(.text)
    OSQReceiveFromISR                        0x08000bbd   Thumb Code   106  osqueue.o(.text)
    OSQPeekFromISR                           0x08000c27   Thumb Code    48  osqueue.o(.text)
    OSQGetSpaceNum                           0x08000c57   Thumb Code    24  osqueue.o(.text)
    OSQGetItemNum                            0x08000c6f   Thumb Code    18  osqueue.o(.text)
    OSQDelete                                0x08000c81   Thumb Code    14  osqueue.o(.text)
    OSQGetQueueType                          0x08000c8f   Thumb Code     8  osqueue.o(.text)
    OSSemCreateCount                         0x08000c99   Thumb Code    28  ossemaphore.o(.text)
    OSSemCreate                              0x08000cb5   Thumb Code    12  ossemaphore.o(.text)
    OSSemDelete                              0x08000cc1   Thumb Code    12  ossemaphore.o(.text)
    OSSemPend                                0x08000ccd   Thumb Code    20  ossemaphore.o(.text)
    OSSemPendFromISR                         0x08000ce1   Thumb Code    48  ossemaphore.o(.text)
    OSSemPost                                0x08000d11   Thumb Code    18  ossemaphore.o(.text)
    OSSemPostFromISR                         0x08000d23   Thumb Code    46  ossemaphore.o(.text)
    OSTaskCreate                             0x08000eef   Thumb Code   182  ostask.o(.text)
    OSTaskDelete                             0x08000fa5   Thumb Code   114  ostask.o(.text)
    OSTaskIncrementTick                      0x08001017   Thumb Code   168  ostask.o(.text)
    OSTaskResumeAll                          0x080010bf   Thumb Code   246  ostask.o(.text)
    OSTaskSuspendAll                         0x080011b5   Thumb Code    12  ostask.o(.text)
    OSTaskAddToEventList                     0x08001257   Thumb Code    80  ostask.o(.text)
    OSTaskAddToEventListRestricted           0x080012a7   Thumb Code    80  ostask.o(.text)
    OSTaskDeleteFromEventList                0x080012f7   Thumb Code    76  ostask.o(.text)
    OSGetSystemTicksCount                    0x08001343   Thumb Code     6  ostask.o(.text)
    OSTaskGetCurrentTaskHandle               0x08001349   Thumb Code     6  ostask.o(.text)
    OSTaskSwitchContext                      0x0800134f   Thumb Code    30  ostask.o(.text)
    OSTaskGetSchedulerState                  0x0800136d   Thumb Code    28  ostask.o(.text)
    OSTaskSleep                              0x08001389   Thumb Code    70  ostask.o(.text)
    OSTaskSetTimeOutState                    0x080013cf   Thumb Code    14  ostask.o(.text)
    OSTaskCheckForTimeOut                    0x080013dd   Thumb Code    86  ostask.o(.text)
    OSTaskMissedYield                        0x08001433   Thumb Code     8  ostask.o(.text)
    OSTaskGetState                           0x0800143b   Thumb Code    84  ostask.o(.text)
    OSTaskGetPriority                        0x0800148f   Thumb Code    26  ostask.o(.text)
    OSTaskGetPriorityFromISR                 0x080014a9   Thumb Code    30  ostask.o(.text)
    OSTaskSetPriority                        0x080014c7   Thumb Code   158  ostask.o(.text)
    OSIdleTask                               0x08001565   Thumb Code    20  ostask.o(.text)
    OSStartScheduler                         0x08001579   Thumb Code   134  ostask.o(.text)
    OSTimerCreate                            0x08001601   Thumb Code    98  ostimer.o(.text)
    OSTimerDeleteFromList                    0x08001663   Thumb Code    82  ostimer.o(.text)
    OSTimerDelete                            0x080016b5   Thumb Code    32  ostimer.o(.text)
    OSTimerAddToList                         0x080016d5   Thumb Code   128  ostimer.o(.text)
    OSTimerIncrementTick                     0x08001755   Thumb Code    86  ostimer.o(.text)
    OSTimerStart                             0x080017ab   Thumb Code    32  ostimer.o(.text)
    OSTimerStop                              0x080017cb   Thumb Code    32  ostimer.o(.text)
    Reset_Handler                            0x080017f5   Thumb Code    38  startup_stm32f0xx.o(.text)
    ADC1_COMP_IRQHandler                     0x08001825   Thumb Code     0  startup_stm32f0xx.o(.text)
    CEC_IRQHandler                           0x08001825   Thumb Code     0  startup_stm32f0xx.o(.text)
    DMA1_Channel1_IRQHandler                 0x08001825   Thumb Code     0  startup_stm32f0xx.o(.text)
    DMA1_Channel2_3_IRQHandler               0x08001825   Thumb Code     0  startup_stm32f0xx.o(.text)
    DMA1_Channel4_5_IRQHandler               0x08001825   Thumb Code     0  startup_stm32f0xx.o(.text)
    EXTI0_1_IRQHandler                       0x08001825   Thumb Code     0  startup_stm32f0xx.o(.text)
    EXTI2_3_IRQHandler                       0x08001825   Thumb Code     0  startup_stm32f0xx.o(.text)
    EXTI4_15_IRQHandler                      0x08001825   Thumb Code     0  startup_stm32f0xx.o(.text)
    FLASH_IRQHandler                         0x08001825   Thumb Code     0  startup_stm32f0xx.o(.text)
    I2C1_IRQHandler                          0x08001825   Thumb Code     0  startup_stm32f0xx.o(.text)
    I2C2_IRQHandler                          0x08001825   Thumb Code     0  startup_stm32f0xx.o(.text)
    PVD_IRQHandler                           0x08001825   Thumb Code     0  startup_stm32f0xx.o(.text)
    RCC_IRQHandler                           0x08001825   Thumb Code     0  startup_stm32f0xx.o(.text)
    RTC_IRQHandler                           0x08001825   Thumb Code     0  startup_stm32f0xx.o(.text)
    SPI1_IRQHandler                          0x08001825   Thumb Code     0  startup_stm32f0xx.o(.text)
    SPI2_IRQHandler                          0x08001825   Thumb Code     0  startup_stm32f0xx.o(.text)
    TIM14_IRQHandler                         0x08001825   Thumb Code     0  startup_stm32f0xx.o(.text)
    TIM15_IRQHandler                         0x08001825   Thumb Code     0  startup_stm32f0xx.o(.text)
    TIM16_IRQHandler                         0x08001825   Thumb Code     0  startup_stm32f0xx.o(.text)
    TIM17_IRQHandler                         0x08001825   Thumb Code     0  startup_stm32f0xx.o(.text)
    TIM1_BRK_UP_TRG_COM_IRQHandler           0x08001825   Thumb Code     0  startup_stm32f0xx.o(.text)
    TIM1_CC_IRQHandler                       0x08001825   Thumb Code     0  startup_stm32f0xx.o(.text)
    TIM2_IRQHandler                          0x08001825   Thumb Code     0  startup_stm32f0xx.o(.text)
    TIM3_IRQHandler                          0x08001825   Thumb Code     0  startup_stm32f0xx.o(.text)
    TIM6_DAC_IRQHandler                      0x08001825   Thumb Code     0  startup_stm32f0xx.o(.text)
    TS_IRQHandler                            0x08001825   Thumb Code     0  startup_stm32f0xx.o(.text)
    USART1_IRQHandler                        0x08001825   Thumb Code     0  startup_stm32f0xx.o(.text)
    USART2_IRQHandler                        0x08001825   Thumb Code     0  startup_stm32f0xx.o(.text)
    WWDG_IRQHandler                          0x08001825   Thumb Code     0  startup_stm32f0xx.o(.text)
    __user_initial_stackheap                 0x08001829   Thumb Code     0  startup_stm32f0xx.o(.text)
    SystemInit                               0x08001937   Thumb Code   110  system_stm32f0xx.o(.text)
    SystemCoreClockUpdate                    0x080019a5   Thumb Code   154  system_stm32f0xx.o(.text)
    GPIO_DeInit                              0x08001a61   Thumb Code   156  stm32f0xx_gpio.o(.text)
    GPIO_Init                                0x08001afd   Thumb Code   144  stm32f0xx_gpio.o(.text)
    GPIO_StructInit                          0x08001b8d   Thumb Code    20  stm32f0xx_gpio.o(.text)
    GPIO_PinLockConfig                       0x08001ba1   Thumb Code    34  stm32f0xx_gpio.o(.text)
    GPIO_ReadInputDataBit                    0x08001bc3   Thumb Code    20  stm32f0xx_gpio.o(.text)
    GPIO_ReadInputData                       0x08001bd7   Thumb Code     6  stm32f0xx_gpio.o(.text)
    GPIO_ReadOutputDataBit                   0x08001bdd   Thumb Code    20  stm32f0xx_gpio.o(.text)
    GPIO_ReadOutputData                      0x08001bf1   Thumb Code     6  stm32f0xx_gpio.o(.text)
    GPIO_SetBits                             0x08001bf7   Thumb Code     4  stm32f0xx_gpio.o(.text)
    GPIO_ResetBits                           0x08001bfb   Thumb Code     4  stm32f0xx_gpio.o(.text)
    GPIO_WriteBit                            0x08001bff   Thumb Code    12  stm32f0xx_gpio.o(.text)
    GPIO_Write                               0x08001c0b   Thumb Code     4  stm32f0xx_gpio.o(.text)
    GPIO_PinAFConfig                         0x08001c0f   Thumb Code    68  stm32f0xx_gpio.o(.text)
    RCC_DeInit                               0x08001c6d   Thumb Code   102  stm32f0xx_rcc.o(.text)
    RCC_HSEConfig                            0x08001cd3   Thumb Code    12  stm32f0xx_rcc.o(.text)
    RCC_GetFlagStatus                        0x08001cdf   Thumb Code    68  stm32f0xx_rcc.o(.text)
    RCC_WaitForHSEStartUp                    0x08001d23   Thumb Code    60  stm32f0xx_rcc.o(.text)
    RCC_AdjustHSICalibrationValue            0x08001d5f   Thumb Code    26  stm32f0xx_rcc.o(.text)
    RCC_HSICmd                               0x08001d79   Thumb Code    32  stm32f0xx_rcc.o(.text)
    RCC_AdjustHSI14CalibrationValue          0x08001d99   Thumb Code    26  stm32f0xx_rcc.o(.text)
    RCC_HSI14Cmd                             0x08001db3   Thumb Code    32  stm32f0xx_rcc.o(.text)
    RCC_HSI14ADCRequestCmd                   0x08001dd3   Thumb Code    32  stm32f0xx_rcc.o(.text)
    RCC_LSEConfig                            0x08001df3   Thumb Code    34  stm32f0xx_rcc.o(.text)
    RCC_LSEDriveConfig                       0x08001e15   Thumb Code    22  stm32f0xx_rcc.o(.text)
    RCC_LSICmd                               0x08001e2b   Thumb Code    32  stm32f0xx_rcc.o(.text)
    RCC_PLLConfig                            0x08001e4b   Thumb Code    30  stm32f0xx_rcc.o(.text)
    RCC_PLLCmd                               0x08001e69   Thumb Code    36  stm32f0xx_rcc.o(.text)
    RCC_HSI48Cmd                             0x08001e8d   Thumb Code    36  stm32f0xx_rcc.o(.text)
    RCC_PREDIV1Config                        0x08001eb1   Thumb Code    24  stm32f0xx_rcc.o(.text)
    RCC_ClockSecuritySystemCmd               0x08001ec9   Thumb Code    36  stm32f0xx_rcc.o(.text)
    RCC_MCOConfig                            0x08001eed   Thumb Code     6  stm32f0xx_rcc.o(.text)
    RCC_SYSCLKConfig                         0x08001ef3   Thumb Code    24  stm32f0xx_rcc.o(.text)
    RCC_GetSYSCLKSource                      0x08001f0b   Thumb Code    10  stm32f0xx_rcc.o(.text)
    RCC_HCLKConfig                           0x08001f15   Thumb Code    28  stm32f0xx_rcc.o(.text)
    RCC_PCLKConfig                           0x08001f31   Thumb Code    30  stm32f0xx_rcc.o(.text)
    RCC_ADCCLKConfig                         0x08001f4f   Thumb Code    52  stm32f0xx_rcc.o(.text)
    RCC_CECCLKConfig                         0x08001f83   Thumb Code    22  stm32f0xx_rcc.o(.text)
    RCC_I2CCLKConfig                         0x08001f99   Thumb Code    22  stm32f0xx_rcc.o(.text)
    RCC_USARTCLKConfig                       0x08001faf   Thumb Code    68  stm32f0xx_rcc.o(.text)
    RCC_USBCLKConfig                         0x08001ff3   Thumb Code    22  stm32f0xx_rcc.o(.text)
    RCC_GetClocksFreq                        0x08002009   Thumb Code   580  stm32f0xx_rcc.o(.text)
    RCC_RTCCLKConfig                         0x0800224d   Thumb Code    12  stm32f0xx_rcc.o(.text)
    RCC_RTCCLKCmd                            0x08002259   Thumb Code    36  stm32f0xx_rcc.o(.text)
    RCC_BackupResetCmd                       0x0800227d   Thumb Code    36  stm32f0xx_rcc.o(.text)
    RCC_AHBPeriphClockCmd                    0x080022a1   Thumb Code    28  stm32f0xx_rcc.o(.text)
    RCC_APB2PeriphClockCmd                   0x080022bd   Thumb Code    28  stm32f0xx_rcc.o(.text)
    RCC_APB1PeriphClockCmd                   0x080022d9   Thumb Code    28  stm32f0xx_rcc.o(.text)
    RCC_AHBPeriphResetCmd                    0x080022f5   Thumb Code    28  stm32f0xx_rcc.o(.text)
    RCC_APB2PeriphResetCmd                   0x08002311   Thumb Code    28  stm32f0xx_rcc.o(.text)
    RCC_APB1PeriphResetCmd                   0x0800232d   Thumb Code    28  stm32f0xx_rcc.o(.text)
    RCC_ITConfig                             0x08002349   Thumb Code    28  stm32f0xx_rcc.o(.text)
    RCC_ClearFlag                            0x08002365   Thumb Code    16  stm32f0xx_rcc.o(.text)
    RCC_GetITStatus                          0x08002375   Thumb Code    22  stm32f0xx_rcc.o(.text)
    RCC_ClearITPendingBit                    0x0800238b   Thumb Code     6  stm32f0xx_rcc.o(.text)
    LedTask                                  0x080023a9   Thumb Code    44  main.o(.text)
    CtrlTask                                 0x080023d5   Thumb Code    20  main.o(.text)
    Timer500ms                               0x080023e9   Thumb Code     2  main.o(.text)
    GPIO_Configuration                       0x080023eb   Thumb Code    40  main.o(.text)
    main                                     0x08002413   Thumb Code   142  main.o(.text)
    NMI_Handler                              0x08002555   Thumb Code     2  stm32f0xx_it.o(.text)
    HardFault_Handler                        0x08002557   Thumb Code     4  stm32f0xx_it.o(.text)
    __aeabi_memcpy                           0x0800255b   Thumb Code   130  rt_memcpy.o(.text)
    __rt_memcpy                              0x0800255b   Thumb Code     0  rt_memcpy.o(.text)
    __aeabi_memset                           0x080025dd   Thumb Code    18  aeabi_memset.o(.text)
    _memset_w                                0x080025ef   Thumb Code    26  rt_memclr.o(.text)
    _memset                                  0x08002609   Thumb Code    30  rt_memclr.o(.text)
    __aeabi_memclr                           0x08002627   Thumb Code     4  rt_memclr.o(.text)
    __rt_memclr                              0x08002627   Thumb Code     0  rt_memclr.o(.text)
    __aeabi_memclr4                          0x0800262b   Thumb Code     0  rt_memclr.o(.text)
    __aeabi_memclr8                          0x0800262b   Thumb Code     0  rt_memclr.o(.text)
    __rt_memclr_w                            0x0800262b   Thumb Code     4  rt_memclr.o(.text)
    __aeabi_uidiv                            0x0800262f   Thumb Code     0  aeabi_sdiv.o(.text)
    __aeabi_uidivmod                         0x0800262f   Thumb Code    20  aeabi_sdiv.o(.text)
    __aeabi_idiv                             0x08002643   Thumb Code     0  aeabi_sdiv.o(.text)
    __aeabi_idivmod                          0x08002643   Thumb Code   326  aeabi_sdiv.o(.text)
    __use_two_region_memory                  0x08002789   Thumb Code     2  heapauxi.o(.text)
    __rt_heap_escrow$2region                 0x0800278b   Thumb Code     2  heapauxi.o(.text)
    __rt_heap_expand$2region                 0x0800278d   Thumb Code     2  heapauxi.o(.text)
    __user_setup_stackheap                   0x0800278f   Thumb Code    62  sys_stackheap_outer.o(.text)
    exit                                     0x080027cd   Thumb Code    12  exit.o(.text)
    __user_libspace                          0x080027d9   Thumb Code     8  libspace.o(.text)
    __user_perproc_libspace                  0x080027d9   Thumb Code     0  libspace.o(.text)
    __user_perthread_libspace                0x080027d9   Thumb Code     0  libspace.o(.text)
    _sys_exit                                0x080027e1   Thumb Code     8  sys_exit.o(.text)
    __I$use$semihosting                      0x080027ed   Thumb Code     0  use_no_semi.o(.text)
    __use_no_semihosting_swi                 0x080027ed   Thumb Code     2  use_no_semi.o(.text)
    __semihosting_library_function           0x080027ef   Thumb Code     0  indicate_semi.o(.text)
    Region$$Table$$Base                      0x080027f0   Number         0  anon$$obj.o(Region$$Table)
    Region$$Table$$Limit                     0x08002810   Number         0  anon$$obj.o(Region$$Table)
    gptCurrentTCB                            0x20000010   Data           4  ostask.o(.data)
    SystemCoreClock                          0x20000050   Data           4  system_stm32f0xx.o(.data)
    AHBPrescTable                            0x20000054   Data          16  system_stm32f0xx.o(.data)
    Timer500msHandle                         0x20000074   Data           4  main.o(.data)
    CtrlTaskHandle                           0x20000078   Data           4  main.o(.data)
    LedTaskHandle                            0x2000007c   Data           4  main.o(.data)
    LedSemHandle                             0x20000080   Data           4  main.o(.data)
    OSRamHeap                                0x20000084   Data        2072  osmemory.o(.bss)
    __libspace_start                         0x200009b4   Data          96  libspace.o(.bss)
    __temporary_stack_top$libspace           0x20000a14   Data           0  libspace.o(.bss)



==============================================================================

Memory Map of the image

  Image Entry point : 0x080000c1

  Load Region LR_IROM1 (Base: 0x08000000, Size: 0x00002894, Max: 0x00010000, ABSOLUTE)

    Execution Region ER_IROM1 (Base: 0x08000000, Size: 0x00002810, Max: 0x00010000, ABSOLUTE)

    Base Addr    Size         Type   Attr      Idx    E Section Name        Object

    0x08000000   0x000000c0   Data   RO          175    RESET               startup_stm32f0xx.o
    0x080000c0   0x00000008   Code   RO          821  * !!!main             c_p.l(__main.o)
    0x080000c8   0x0000003c   Code   RO          987    !!!scatter          c_p.l(__scatter.o)
    0x08000104   0x0000001a   Code   RO          989    !!handler_copy      c_p.l(__scatter_copy.o)
    0x0800011e   0x00000002   PAD
    0x08000120   0x0000001c   Code   RO          991    !!handler_zi        c_p.l(__scatter_zi.o)
    0x0800013c   0x00000002   Code   RO          859    .ARM.Collect$$libinit$$00000000  c_p.l(libinit.o)
    0x0800013e   0x00000004   Code   RO          872    .ARM.Collect$$libinit$$00000001  c_p.l(libinit2.o)
    0x08000142   0x00000000   Code   RO          876    .ARM.Collect$$libinit$$00000008  c_p.l(libinit2.o)
    0x08000142   0x00000000   Code   RO          878    .ARM.Collect$$libinit$$0000000A  c_p.l(libinit2.o)
    0x08000142   0x00000000   Code   RO          880    .ARM.Collect$$libinit$$0000000C  c_p.l(libinit2.o)
    0x08000142   0x00000000   Code   RO          883    .ARM.Collect$$libinit$$0000000F  c_p.l(libinit2.o)
    0x08000142   0x00000000   Code   RO          885    .ARM.Collect$$libinit$$00000011  c_p.l(libinit2.o)
    0x08000142   0x00000000   Code   RO          887    .ARM.Collect$$libinit$$00000013  c_p.l(libinit2.o)
    0x08000142   0x00000000   Code   RO          889    .ARM.Collect$$libinit$$00000015  c_p.l(libinit2.o)
    0x08000142   0x00000000   Code   RO          891    .ARM.Collect$$libinit$$00000017  c_p.l(libinit2.o)
    0x08000142   0x00000000   Code   RO          893    .ARM.Collect$$libinit$$00000019  c_p.l(libinit2.o)
    0x08000142   0x00000000   Code   RO          895    .ARM.Collect$$libinit$$0000001B  c_p.l(libinit2.o)
    0x08000142   0x00000000   Code   RO          897    .ARM.Collect$$libinit$$0000001D  c_p.l(libinit2.o)
    0x08000142   0x00000000   Code   RO          899    .ARM.Collect$$libinit$$0000001F  c_p.l(libinit2.o)
    0x08000142   0x00000000   Code   RO          901    .ARM.Collect$$libinit$$00000021  c_p.l(libinit2.o)
    0x08000142   0x00000000   Code   RO          903    .ARM.Collect$$libinit$$00000023  c_p.l(libinit2.o)
    0x08000142   0x00000000   Code   RO          907    .ARM.Collect$$libinit$$0000002A  c_p.l(libinit2.o)
    0x08000142   0x00000000   Code   RO          909    .ARM.Collect$$libinit$$0000002C  c_p.l(libinit2.o)
    0x08000142   0x00000000   Code   RO          911    .ARM.Collect$$libinit$$0000002E  c_p.l(libinit2.o)
    0x08000142   0x00000000   Code   RO          913    .ARM.Collect$$libinit$$00000030  c_p.l(libinit2.o)
    0x08000142   0x00000002   Code   RO          914    .ARM.Collect$$libinit$$00000031  c_p.l(libinit2.o)
    0x08000144   0x00000002   Code   RO          945    .ARM.Collect$$libshutdown$$00000000  c_p.l(libshutdown.o)
    0x08000146   0x00000000   Code   RO          972    .ARM.Collect$$libshutdown$$00000003  c_p.l(libshutdown2.o)
    0x08000146   0x00000000   Code   RO          975    .ARM.Collect$$libshutdown$$00000006  c_p.l(libshutdown2.o)
    0x08000146   0x00000000   Code   RO          978    .ARM.Collect$$libshutdown$$00000009  c_p.l(libshutdown2.o)
    0x08000146   0x00000000   Code   RO          980    .ARM.Collect$$libshutdown$$0000000B  c_p.l(libshutdown2.o)
    0x08000146   0x00000000   Code   RO          983    .ARM.Collect$$libshutdown$$0000000E  c_p.l(libshutdown2.o)
    0x08000146   0x00000002   Code   RO          984    .ARM.Collect$$libshutdown$$0000000F  c_p.l(libshutdown2.o)
    0x08000148   0x00000000   Code   RO          823    .ARM.Collect$$rtentry$$00000000  c_p.l(rtentry.o)
    0x08000148   0x00000000   Code   RO          829    .ARM.Collect$$rtentry$$00000002  c_p.l(rtentry2.o)
    0x08000148   0x00000006   Code   RO          841    .ARM.Collect$$rtentry$$00000004  c_p.l(rtentry4.o)
    0x0800014e   0x00000000   Code   RO          831    .ARM.Collect$$rtentry$$00000009  c_p.l(rtentry2.o)
    0x0800014e   0x00000004   Code   RO          832    .ARM.Collect$$rtentry$$0000000A  c_p.l(rtentry2.o)
    0x08000152   0x00000000   Code   RO          834    .ARM.Collect$$rtentry$$0000000C  c_p.l(rtentry2.o)
    0x08000152   0x00000008   Code   RO          835    .ARM.Collect$$rtentry$$0000000D  c_p.l(rtentry2.o)
    0x0800015a   0x00000002   Code   RO          864    .ARM.Collect$$rtexit$$00000000  c_p.l(rtexit.o)
    0x0800015c   0x00000000   Code   RO          918    .ARM.Collect$$rtexit$$00000002  c_p.l(rtexit2.o)
    0x0800015c   0x00000004   Code   RO          919    .ARM.Collect$$rtexit$$00000003  c_p.l(rtexit2.o)
    0x08000160   0x00000006   Code   RO          920    .ARM.Collect$$rtexit$$00000004  c_p.l(rtexit2.o)
    0x08000166   0x00000002   PAD
    0x08000168   0x00000070   Code   RO            1    .emb_text           fitcpu.o
    0x080001d8   0x00000038   Code   RO          807    .emb_text           c_p.l(rt_memcpy.o)
    0x08000210   0x000000d4   Code   RO            2    .text               fitcpu.o
    0x080002e4   0x0000009c   Code   RO           64    .text               oslist.o
    0x08000380   0x0000034c   Code   RO           76    .text               osmemory.o
    0x080006cc   0x000005ca   Code   RO          107    .text               osqueue.o
    0x08000c96   0x00000002   PAD
    0x08000c98   0x000000bc   Code   RO          131    .text               ossemaphore.o
    0x08000d54   0x000008aa   Code   RO          143    .text               ostask.o
    0x080015fe   0x00000002   PAD
    0x08001600   0x000001f4   Code   RO          159    .text               ostimer.o
    0x080017f4   0x00000074   Code   RO          176    .text               startup_stm32f0xx.o
    0x08001868   0x000001f8   Code   RO          182    .text               system_stm32f0xx.o
    0x08001a60   0x0000020c   Code   RO          516    .text               stm32f0xx_gpio.o
    0x08001c6c   0x0000073c   Code   RO          616    .text               stm32f0xx_rcc.o
    0x080023a8   0x000001ac   Code   RO          758    .text               main.o
    0x08002554   0x00000006   Code   RO          784    .text               stm32f0xx_it.o
    0x0800255a   0x00000082   Code   RO          808    .text               c_p.l(rt_memcpy.o)
    0x080025dc   0x00000012   Code   RO          811    .text               c_p.l(aeabi_memset.o)
    0x080025ee   0x00000040   Code   RO          813    .text               c_p.l(rt_memclr.o)
    0x0800262e   0x0000015a   Code   RO          815    .text               c_p.l(aeabi_sdiv.o)
    0x08002788   0x00000006   Code   RO          819    .text               c_p.l(heapauxi.o)
    0x0800278e   0x0000003e   Code   RO          845    .text               c_p.l(sys_stackheap_outer.o)
    0x080027cc   0x0000000c   Code   RO          848    .text               c_p.l(exit.o)
    0x080027d8   0x00000008   Code   RO          860    .text               c_p.l(libspace.o)
    0x080027e0   0x0000000c   Code   RO          915    .text               c_p.l(sys_exit.o)
    0x080027ec   0x00000002   Code   RO          934    .text               c_p.l(use_no_semi.o)
    0x080027ee   0x00000000   Code   RO          936    .text               c_p.l(indicate_semi.o)
    0x080027ee   0x00000002   PAD
    0x080027f0   0x00000020   Data   RO          985    Region$$Table       anon$$obj.o


    Execution Region RW_IRAM1 (Base: 0x20000000, Size: 0x00000a58, Max: 0x00002000, ABSOLUTE)

    Base Addr    Size         Type   Attr      Idx    E Section Name        Object

    0x20000000   0x00000004   Data   RW            3    .data               fitcpu.o
    0x20000004   0x0000000c   Data   RW           78    .data               osmemory.o
    0x20000010   0x00000038   Data   RW          145    .data               ostask.o
    0x20000048   0x00000008   Data   RW          160    .data               ostimer.o
    0x20000050   0x00000014   Data   RW          183    .data               system_stm32f0xx.o
    0x20000064   0x00000010   Data   RW          617    .data               stm32f0xx_rcc.o
    0x20000074   0x00000010   Data   RW          759    .data               main.o
    0x20000084   0x00000818   Zero   RW           77    .bss                osmemory.o
    0x2000089c   0x00000118   Zero   RW          144    .bss                ostask.o
    0x200009b4   0x00000060   Zero   RW          861    .bss                c_p.l(libspace.o)
    0x20000a14   0x00000004   PAD
    0x20000a18   0x00000020   Zero   RW          174    HEAP                startup_stm32f0xx.o
    0x20000a38   0x00000020   Zero   RW          173    STACK               startup_stm32f0xx.o


==============================================================================

Image component sizes


      Code (inc. data)   RO Data    RW Data    ZI Data      Debug   Object Name

       324         32          0          4          0      15449   fitcpu.o
       428         70          0         16          0       7411   main.o
       156          0          0          0          0       1768   oslist.o
       844         18          0         12       2072       3628   osmemory.o
      1482          0          0          0          0       9746   osqueue.o
       188          4          0          0          0       2153   ossemaphore.o
      2218        158          0         56        280      10338   ostask.o
       500         10          0          8          0       3079   ostimer.o
       116         56        192          0         64        732   startup_stm32f0xx.o
       524         26          0          0          0       3725   stm32f0xx_gpio.o
         6          0          0          0          0        500   stm32f0xx_it.o
      1852         48          0         16          0       9040   stm32f0xx_rcc.o
       504         34          0         20          0     176615   system_stm32f0xx.o

    ----------------------------------------------------------------------
      9146        456        224        132       2416     244184   Object Totals
         0          0         32          0          0          0   (incl. Generated)
         4          0          0          0          0          0   (incl. Padding)

    ----------------------------------------------------------------------

      Code (inc. data)   RO Data    RW Data    ZI Data      Debug   Library Member Name

         8          0          0          0          0         68   __main.o
        60          8          0          0          0          0   __scatter.o
        26          0          0          0          0          0   __scatter_copy.o
        28          0          0          0          0          0   __scatter_zi.o
        18          0          0          0          0         68   aeabi_memset.o
       346          0          0          0          0         92   aeabi_sdiv.o
        12          0          0          0          0         64   exit.o
         6          0          0          0          0        136   heapauxi.o
         0          0          0          0          0          0   indicate_semi.o
         2          0          0          0          0          0   libinit.o
         6          0          0          0          0          0   libinit2.o
         2          0          0          0          0          0   libshutdown.o
         2          0          0          0          0          0   libshutdown2.o
         8          4          0          0         96         68   libspace.o
        64          0          0          0          0        108   rt_memclr.o
       186          0          0          0          0        144   rt_memcpy.o
         0          0          0          0          0          0   rtentry.o
        12          0          0          0          0          0   rtentry2.o
         6          0          0          0          0          0   rtentry4.o
         2          0          0          0          0          0   rtexit.o
        10          0          0          0          0          0   rtexit2.o
        12          4          0          0          0         60   sys_exit.o
        62          0          0          0          0         80   sys_stackheap_outer.o
         2          0          0          0          0         68   use_no_semi.o

    ----------------------------------------------------------------------
       886         16          0          0        100        956   Library Totals
         6          0          0          0          4          0   (incl. Padding)

    ----------------------------------------------------------------------

      Code (inc. data)   RO Data    RW Data    ZI Data      Debug   Library Name

       880         16          0          0         96        956   c_p.l

    ----------------------------------------------------------------------
       886         16          0          0        100        956   Library Totals

    ----------------------------------------------------------------------

==============================================================================


      Code (inc. data)   RO Data    RW Data    ZI Data      Debug   

     10032        472        224        132       2516     243880   Grand Totals
     10032        472        224        132       2516     243880   ELF Image Totals
     10032        472        224        132          0          0   ROM Totals

==============================================================================

    Total RO  Size (Code + RO Data)                10256 (  10.02kB)
    Total RW  Size (RW Data + ZI Data)              2648 (   2.59kB)
    Total ROM Size (Code + RO Data + RW Data)      10388 (  10.14kB)

==============================================================================

