Product: MDK-ARM Professional 5.10
Component: ARM Compiler 5.04 update 1 (build 49)
Tool: armlink [5040049]

==============================================================================

Section Cross References

    fitcpu.o(.emb_text) refers to ostask.o(.text) for OSTaskSwitchContext
    fitcpu.o(.emb_text) refers to ostask.o(.data) for gptCurrentTCB
    fitcpu.o(.text) refers to fitcpu.o(.emb_text) for __asm___8_FitCPU_c_a92e4f4f__FitEnableVFP
    fitcpu.o(.text) refers to ostask.o(.text) for OSTaskIncrementTick
    fitcpu.o(.text) refers to fitcpu.o(.data) for uxCriticalNesting
    osmemory.o(.text) refers to fitcpu.o(.text) for FitEnterCritical
    osmemory.o(.text) refers to rt_memclr.o(.text) for __aeabi_memclr
    osmemory.o(.text) refers to osmemory.o(.data) for gpOSMemBegin
    osmemory.o(.text) refers to osmemory.o(.bss) for OSRamHeap
    osmsgq.o(.text) refers to osqueue.o(.text) for OSQCreate
    osmsgq.o(.text) refers to ostask.o(.text) for OSTaskGetSchedulerState
    osmutex.o(.text) refers to osmemory.o(.text) for OSMemMalloc
    osmutex.o(.text) refers to oslist.o(.text) for OSListInitialise
    osmutex.o(.text) refers to osqueue.o(.text) for OSQSend
    osmutex.o(.text) refers to ossemaphore.o(.text) for OSSemPend
    osqueue.o(.text) refers to fitcpu.o(.text) for FitEnterCritical
    osqueue.o(.text) refers to ostask.o(.text) for OSTaskDeleteFromEventList
    osqueue.o(.text) refers to oslist.o(.text) for OSListInitialise
    osqueue.o(.text) refers to osmemory.o(.text) for OSMemMalloc
    osqueue.o(.text) refers to rt_memcpy_v6.o(.text) for __aeabi_memcpy
    ossemaphore.o(.text) refers to osqueue.o(.text) for OSQCreate
    ossemaphore.o(.text) refers to ostask.o(.text) for OSTaskGetSchedulerState
    ostask.o(.text) refers to oslist.o(.text) for OSListInitialise
    ostask.o(.text) refers to osmemory.o(.text) for OSMemMalloc
    ostask.o(.text) refers to aeabi_memset.o(.text) for __aeabi_memset
    ostask.o(.text) refers to fitcpu.o(.text) for FitInitializeStack
    ostask.o(.text) refers to ostimer.o(.text) for OSTimerIncrementTick
    ostask.o(.text) refers to ostask.o(.data) for guxTopReadyPriority
    ostask.o(.text) refers to ostask.o(.bss) for gtOSTaskListReadyArray
    ostimer.o(.text) refers to osmsgq.o(.text) for OSMsgQReceive
    ostimer.o(.text) refers to fitcpu.o(.text) for FitEnterCritical
    ostimer.o(.text) refers to osmemory.o(.text) for OSMemMalloc
    ostimer.o(.text) refers to ostask.o(.text) for OSTaskCreate
    ostimer.o(.text) refers to ostimer.o(.data) for gOSTimerMsgQHandle
    stm32f4xx_adc.o(.text) refers to stm32f4xx_rcc.o(.text) for RCC_APB2PeriphResetCmd
    stm32f4xx_can.o(.text) refers to stm32f4xx_rcc.o(.text) for RCC_APB1PeriphResetCmd
    stm32f4xx_cryp.o(.text) refers to stm32f4xx_rcc.o(.text) for RCC_AHB2PeriphResetCmd
    stm32f4xx_cryp_aes.o(.text) refers to stm32f4xx_cryp.o(.text) for CRYP_KeyStructInit
    stm32f4xx_cryp_des.o(.text) refers to stm32f4xx_cryp.o(.text) for CRYP_KeyStructInit
    stm32f4xx_cryp_tdes.o(.text) refers to stm32f4xx_cryp.o(.text) for CRYP_KeyStructInit
    stm32f4xx_dac.o(.text) refers to stm32f4xx_rcc.o(.text) for RCC_APB1PeriphResetCmd
    stm32f4xx_gpio.o(.text) refers to stm32f4xx_rcc.o(.text) for RCC_AHB1PeriphResetCmd
    stm32f4xx_hash.o(.text) refers to stm32f4xx_rcc.o(.text) for RCC_AHB2PeriphResetCmd
    stm32f4xx_hash_md5.o(.text) refers to stm32f4xx_hash.o(.text) for HASH_DeInit
    stm32f4xx_hash_sha1.o(.text) refers to stm32f4xx_hash.o(.text) for HASH_DeInit
    stm32f4xx_i2c.o(.text) refers to stm32f4xx_rcc.o(.text) for RCC_APB1PeriphResetCmd
    stm32f4xx_pwr.o(.text) refers to stm32f4xx_rcc.o(.text) for RCC_APB1PeriphResetCmd
    stm32f4xx_rcc.o(.text) refers to stm32f4xx_rcc.o(.data) for APBAHBPrescTable
    stm32f4xx_rng.o(.text) refers to stm32f4xx_rcc.o(.text) for RCC_AHB2PeriphResetCmd
    stm32f4xx_sdio.o(.text) refers to stm32f4xx_rcc.o(.text) for RCC_APB2PeriphResetCmd
    stm32f4xx_spi.o(.text) refers to stm32f4xx_rcc.o(.text) for RCC_APB2PeriphResetCmd
    stm32f4xx_syscfg.o(.text) refers to stm32f4xx_rcc.o(.text) for RCC_APB2PeriphResetCmd
    stm32f4xx_tim.o(.text) refers to stm32f4xx_rcc.o(.text) for RCC_APB2PeriphResetCmd
    stm32f4xx_usart.o(.text) refers to stm32f4xx_rcc.o(.text) for RCC_APB2PeriphResetCmd
    stm32f4xx_wwdg.o(.text) refers to stm32f4xx_rcc.o(.text) for RCC_APB1PeriphResetCmd
    startup_stm32f40_41xxx.o(STACK) refers (Special) to heapauxi.o(.text) for __use_two_region_memory
    startup_stm32f40_41xxx.o(HEAP) refers (Special) to heapauxi.o(.text) for __use_two_region_memory
    startup_stm32f40_41xxx.o(RESET) refers (Special) to heapauxi.o(.text) for __use_two_region_memory
    startup_stm32f40_41xxx.o(RESET) refers to startup_stm32f40_41xxx.o(STACK) for __initial_sp
    startup_stm32f40_41xxx.o(RESET) refers to startup_stm32f40_41xxx.o(.text) for Reset_Handler
    startup_stm32f40_41xxx.o(RESET) refers to stm32f4xx_it.o(.text) for NMI_Handler
[...]
    Removing misc.o(.rev16_text), (4 bytes).
    Removing misc.o(.revsh_text), (4 bytes).
    Removing stm32f4xx_adc.o(.rev16_text), (4 bytes).
    Removing stm32f4xx_adc.o(.revsh_text), (4 bytes).
    Removing stm32f4xx_adc.o(.text), (1124 bytes).
    Removing stm32f4xx_can.o(.rev16_text), (4 bytes).
    Removing stm32f4xx_can.o(.revsh_text), (4 bytes).
    Removing stm32f4xx_can.o(.text), (2544 bytes).
    Removing stm32f4xx_crc.o(.rev16_text), (4 bytes).
    Removing stm32f4xx_crc.o(.revsh_text), (4 bytes).
    Removing stm32f4xx_crc.o(.text), (72 bytes).
    Removing stm32f4xx_cryp.o(.rev16_text), (4 bytes).
    Removing stm32f4xx_cryp.o(.revsh_text), (4 bytes).
    Removing stm32f4xx_cryp.o(.text), (660 bytes).
    Removing stm32f4xx_cryp_aes.o(.rev16_text), (4 bytes).
    Removing stm32f4xx_cryp_aes.o(.revsh_text), (4 bytes).
    Removing stm32f4xx_cryp_aes.o(.text), (1524 bytes).
    Removing stm32f4xx_cryp_des.o(.rev16_text), (4 bytes).
    Removing stm32f4xx_cryp_des.o(.revsh_text), (4 bytes).
    Removing stm32f4xx_cryp_des.o(.text), (468 bytes).
    Removing stm32f4xx_cryp_tdes.o(.rev16_text), (4 bytes).
    Removing stm32f4xx_cryp_tdes.o(.revsh_text), (4 bytes).
    Removing stm32f4xx_cryp_tdes.o(.text), (532 bytes).
    Removing stm32f4xx_dac.o(.rev16_text), (4 bytes).
    Removing stm32f4xx_dac.o(.revsh_text), (4 bytes).
    Removing stm32f4xx_dac.o(.text), (528 bytes).
    Removing stm32f4xx_dbgmcu.o(.rev16_text), (4 bytes).
    Removing stm32f4xx_dbgmcu.o(.revsh_text), (4 bytes).
    Removing stm32f4xx_dbgmcu.o(.text), (100 bytes).
    Removing stm32f4xx_dcmi.o(.rev16_text), (4 bytes).
    Removing stm32f4xx_dcmi.o(.revsh_text), (4 bytes).
    Removing stm32f4xx_dcmi.o(.text), (396 bytes).
    Removing stm32f4xx_dma.o(.rev16_text), (4 bytes).
    Removing stm32f4xx_dma.o(.revsh_text), (4 bytes).
    Removing stm32f4xx_dma.o(.text), (936 bytes).
    Removing stm32f4xx_exti.o(.rev16_text), (4 bytes).
    Removing stm32f4xx_exti.o(.revsh_text), (4 bytes).
    Removing stm32f4xx_flash.o(.rev16_text), (4 bytes).
    Removing stm32f4xx_flash.o(.revsh_text), (4 bytes).
    Removing stm32f4xx_flash.o(.text), (1212 bytes).
    Removing stm32f4xx_fsmc.o(.rev16_text), (4 bytes).
    Removing stm32f4xx_fsmc.o(.revsh_text), (4 bytes).
    Removing stm32f4xx_fsmc.o(.text), (1544 bytes).
    Removing stm32f4xx_gpio.o(.rev16_text), (4 bytes).
    Removing stm32f4xx_gpio.o(.revsh_text), (4 bytes).
    Removing stm32f4xx_hash.o(.rev16_text), (4 bytes).
    Removing stm32f4xx_hash.o(.revsh_text), (4 bytes).
    Removing stm32f4xx_hash.o(.text), (496 bytes).
    Removing stm32f4xx_hash_md5.o(.rev16_text), (4 bytes).
    Removing stm32f4xx_hash_md5.o(.revsh_text), (4 bytes).
    Removing stm32f4xx_hash_md5.o(.text), (534 bytes).
    Removing stm32f4xx_hash_sha1.o(.rev16_text), (4 bytes).
    Removing stm32f4xx_hash_sha1.o(.revsh_text), (4 bytes).
    Removing stm32f4xx_hash_sha1.o(.text), (548 bytes).
    Removing stm32f4xx_i2c.o(.rev16_text), (4 bytes).
    Removing stm32f4xx_i2c.o(.revsh_text), (4 bytes).
    Removing stm32f4xx_i2c.o(.text), (1064 bytes).
    Removing stm32f4xx_iwdg.o(.rev16_text), (4 bytes).
    Removing stm32f4xx_iwdg.o(.revsh_text), (4 bytes).
    Removing stm32f4xx_iwdg.o(.text), (64 bytes).
    Removing stm32f4xx_pwr.o(.rev16_text), (4 bytes).
    Removing stm32f4xx_pwr.o(.revsh_text), (4 bytes).
    Removing stm32f4xx_pwr.o(.text), (248 bytes).
    Removing stm32f4xx_rcc.o(.rev16_text), (4 bytes).
    Removing stm32f4xx_rcc.o(.revsh_text), (4 bytes).
    Removing stm32f4xx_rng.o(.rev16_text), (4 bytes).
    Removing stm32f4xx_rng.o(.revsh_text), (4 bytes).
    Removing stm32f4xx_rng.o(.text), (160 bytes).
    Removing stm32f4xx_rtc.o(.rev16_text), (4 bytes).
    Removing stm32f4xx_rtc.o(.revsh_text), (4 bytes).
    Removing stm32f4xx_rtc.o(.text), (3432 bytes).
    Removing stm32f4xx_sdio.o(.rev16_text), (4 bytes).
    Removing stm32f4xx_sdio.o(.revsh_text), (4 bytes).
    Removing stm32f4xx_sdio.o(.text), (476 bytes).
    Removing stm32f4xx_spi.o(.rev16_text), (4 bytes).
    Removing stm32f4xx_spi.o(.revsh_text), (4 bytes).
    Removing stm32f4xx_spi.o(.text), (1016 bytes).
    Removing stm32f4xx_syscfg.o(.rev16_text), (4 bytes).
    Removing stm32f4xx_syscfg.o(.revsh_text), (4 bytes).
    Removing stm32f4xx_tim.o(.rev16_text), (4 bytes).
    Removing stm32f4xx_tim.o(.revsh_text), (4 bytes).
    Removing stm32f4xx_tim.o(.text), (3234 bytes).
    Removing stm32f4xx_usart.o(.rev16_text), (4 bytes).
    Removing stm32f4xx_usart.o(.revsh_text), (4 bytes).
    Removing stm32f4xx_wwdg.o(.rev16_text), (4 bytes).
    Removing stm32f4xx_wwdg.o(.revsh_text), (4 bytes).
    Removing stm32f4xx_wwdg.o(.text), (144 bytes).
    Removing stm32f407zg_sk.o(.rev16_text), (4 bytes).
    Removing stm32f407zg_sk.o(.revsh_text), (4 bytes).
    Removing main.o(.rev16_text), (4 bytes).
    Removing main.o(.revsh_text), (4 bytes).
    Removing stm32f4xx_it.o(.rev16_text), (4 bytes).
    Removing stm32f4xx_it.o(.revsh_text), (4 bytes).
    Removing system_stm32f4xx.o(.rev16_text), (4 bytes).
    Removing system_stm32f4xx.o(.revsh_text), (4 bytes).

96 unused section(s) (total 23462 bytes) removed from the image.

==============================================================================

Image Symbol Table

    Local Symbols

    Symbol Name                              Value     Ov Type        Size  Object(Section)

    ../clib/angel/boardlib.s                 0x00000000   Number         0  boardinit1.o ABSOLUTE
    ../clib/angel/boardlib.s                 0x00000000   Number         0  boardinit2.o ABSOLUTE
    ../clib/angel/boardlib.s                 0x00000000   Number         0  boardinit3.o ABSOLUTE
    ../clib/angel/boardlib.s                 0x00000000   Number         0  boardshut.o ABSOLUTE
    ../clib/angel/handlers.s                 0x00000000   Number         0  __scatter_zi.o ABSOLUTE
    ../clib/angel/handlers.s                 0x00000000   Number         0  __scatter_copy.o ABSOLUTE
    ../clib/angel/kernel.s                   0x00000000   Number         0  rtexit.o ABSOLUTE
    ../clib/angel/kernel.s                   0x00000000   Number         0  rtentry4.o ABSOLUTE
    ../clib/angel/kernel.s                   0x00000000   Number         0  rtexit2.o ABSOLUTE
    ../clib/angel/kernel.s                   0x00000000   Number         0  rtentry.o ABSOLUTE
    ../clib/angel/kernel.s                   0x00000000   Number         0  rtentry2.o ABSOLUTE
    ../clib/angel/rt.s                       0x00000000   Number         0  rt_raise.o ABSOLUTE
    ../clib/angel/scatter.s                  0x00000000   Number         0  __scatter.o ABSOLUTE
    ../clib/angel/startup.s                  0x00000000   Number         0  __main.o ABSOLUTE
    ../clib/angel/sys.s                      0x00000000   Number         0  indicate_semi.o ABSOLUTE
    ../clib/angel/sys.s                      0x00000000   Number         0  use_no_semi.o ABSOLUTE
    ../clib/angel/sys.s                      0x00000000   Number         0  libspace.o ABSOLUTE
    ../clib/angel/sys.s                      0x00000000   Number         0  sys_stackheap_outer.o ABSOLUTE
    ../clib/angel/sysapp.c                   0x00000000   Number         0  sys_command.o ABSOLUTE
    ../clib/angel/sysapp.c                   0x00000000   Number         0  sys_wrch.o ABSOLUTE
    ../clib/angel/sysapp.c                   0x00000000   Number         0  sys_exit.o ABSOLUTE
    ../clib/armsys.c                         0x00000000   Number         0  no_argv.o ABSOLUTE
    ../clib/armsys.c                         0x00000000   Number         0  _get_argv_nomalloc.o ABSOLUTE
    ../clib/armsys.c                         0x00000000   Number         0  argv_veneer.o ABSOLUTE
    ../clib/armsys.c                         0x00000000   Number         0  argv_veneer.o ABSOLUTE
    ../clib/heapalloc.c                      0x00000000   Number         0  hrguard.o ABSOLUTE
    ../clib/heapaux.c                        0x00000000   Number         0  heapauxi.o ABSOLUTE
    ../clib/libinit.s                        0x00000000   Number         0  libshutdown.o ABSOLUTE
    ../clib/libinit.s                        0x00000000   Number         0  libinit.o ABSOLUTE
    ../clib/libinit.s                        0x00000000   Number         0  libinit2.o ABSOLUTE
    ../clib/libinit.s                        0x00000000   Number         0  libshutdown2.o ABSOLUTE
    ../clib/memcpset.s                       0x00000000   Number         0  rt_memcpy_v6.o ABSOLUTE
    ../clib/memcpset.s                       0x00000000   Number         0  aeabi_memset.o ABSOLUTE
    ../clib/memcpset.s                       0x00000000   Number         0  rt_memclr_w.o ABSOLUTE
    ../clib/memcpset.s                       0x00000000   Number         0  rt_memcpy_w.o ABSOLUTE
    ../clib/memcpset.s                       0x00000000   Number         0  rt_memclr.o ABSOLUTE
    ../clib/signal.c                         0x00000000   Number         0  defsig_rtred_inner.o ABSOLUTE
    ../clib/signal.c                         0x00000000   Number         0  defsig_rtmem_inner.o ABSOLUTE
    ../clib/signal.c                         0x00000000   Number         0  defsig_fpe_inner.o ABSOLUTE
    ../clib/signal.c                         0x00000000   Number         0  defsig_rtmem_formal.o ABSOLUTE
    ../clib/signal.c                         0x00000000   Number         0  defsig_exit.o ABSOLUTE
    ../clib/signal.c                         0x00000000   Number         0  defsig_abrt_inner.o ABSOLUTE
    ../clib/signal.c                         0x00000000   Number         0  defsig_rtmem_outer.o ABSOLUTE
    ../clib/signal.c                         0x00000000   Number         0  defsig_general.o ABSOLUTE
    ../clib/signal.c                         0x00000000   Number         0  __raise.o ABSOLUTE
    ../clib/signal.c                         0x00000000   Number         0  defsig_other.o ABSOLUTE
    ../clib/signal.c                         0x00000000   Number         0  defsig_segv_inner.o ABSOLUTE
    ../clib/signal.c                         0x00000000   Number         0  defsig_cppl_inner.o ABSOLUTE
    ../clib/signal.c                         0x00000000   Number         0  defsig_pvfn_inner.o ABSOLUTE
    ../clib/signal.c                         0x00000000   Number         0  defsig_stak_inner.o ABSOLUTE
    ../clib/signal.s                         0x00000000   Number         0  defsig.o ABSOLUTE
    ../clib/stdlib.c                         0x00000000   Number         0  exit.o ABSOLUTE
    ../fplib/fpinit.s                        0x00000000   Number         0  fpinit.o ABSOLUTE
    ..\..\Kernel\CPU\KEIL\ARM_CM4F\FitCPU.c  0x00000000   Number         0  fitcpu.o ABSOLUTE
    ..\..\Kernel\OS\OSList.c                 0x00000000   Number         0  oslist.o ABSOLUTE
    ..\..\Kernel\OS\OSMemory.c               0x00000000   Number         0  osmemory.o ABSOLUTE
    ..\..\Kernel\OS\OSMsgQ.c                 0x00000000   Number         0  osmsgq.o ABSOLUTE
    ..\..\Kernel\OS\OSMutex.c                0x00000000   Number         0  osmutex.o ABSOLUTE
    ..\..\Kernel\OS\OSQueue.c                0x00000000   Number         0  osqueue.o ABSOLUTE
    ..\..\Kernel\OS\OSSemaphore.c            0x00000000   Number         0  ossemaphore.o ABSOLUTE
    ..\..\Kernel\OS\OSTask.c                 0x00000000   Number         0  ostask.o ABSOLUTE
    ..\..\Kernel\OS\OSTimer.c                0x00000000   Number         0  ostimer.o ABSOLUTE
    ..\\..\\Kernel\\CPU\\KEIL\\ARM_CM4F\\FitCPU.c 0x00000000   Number         0  fitcpu.o ABSOLUTE
    board\\stm32f407zg_sk.c                  0x00000000   Number         0  stm32f407zg_sk.o ABSOLUTE
    board\stm32f407zg_sk.c                   0x00000000   Number         0  stm32f407zg_sk.o ABSOLUTE
    core\startup_stm32f40_41xxx.s            0x00000000   Number         0  startup_stm32f40_41xxx.o ABSOLUTE
    dc.s                                     0x00000000   Number         0  dc.o ABSOLUTE
    library\STM32F4xx_StdPeriph_Driver\src\misc.c 0x00000000   Number         0  misc.o ABSOLUTE
    library\STM32F4xx_StdPeriph_Driver\src\stm32f4xx_adc.c 0x00000000   Number         0  stm32f4xx_adc.o ABSOLUTE
    library\STM32F4xx_StdPeriph_Driver\src\stm32f4xx_can.c 0x00000000   Number         0  stm32f4xx_can.o ABSOLUTE
    library\STM32F4xx_StdPeriph_Driver\src\stm32f4xx_crc.c 0x00000000   Number         0  stm32f4xx_crc.o ABSOLUTE
    library\STM32F4xx_StdPeriph_Driver\src\stm32f4xx_cryp.c 0x00000000   Number         0  stm32f4xx_cryp.o ABSOLUTE
    library\STM32F4xx_StdPeriph_Driver\src\stm32f4xx_cryp_aes.c 0x00000000   Number         0  stm32f4xx_cryp_aes.o ABSOLUTE
    library\STM32F4xx_StdPeriph_Driver\src\stm32f4xx_cryp_des.c 0x00000000   Number         0  stm32f4xx_cryp_des.o ABSOLUTE
    library\STM32F4xx_StdPeriph_Driver\src\stm32f4xx_cryp_tdes.c 0x00000000   Number         0  stm32f4xx_cryp_tdes.o ABSOLUTE
    library\STM32F4xx_StdPeriph_Driver\src\stm32f4xx_dac.c 0x00000000   Number         0  stm32f4xx_dac.o ABSOLUTE
    library\STM32F4xx_StdPeriph_Driver\src\stm32f4xx_dbgmcu.c 0x00000000   Number         0  stm32f4xx_dbgmcu.o ABSOLUTE
    library\STM32F4xx_StdPeriph_Driver\src\stm32f4xx_dcmi.c 0x00000000   Number         0  stm32f4xx_dcmi.o ABSOLUTE
    library\STM32F4xx_StdPeriph_Driver\src\stm32f4xx_dma.c 0x00000000   Number         0  stm32f4xx_dma.o ABSOLUTE
    library\STM32F4xx_StdPeriph_Driver\src\stm32f4xx_exti.c 0x00000000   Number         0  stm32f4xx_exti.o ABSOLUTE
    library\STM32F4xx_StdPeriph_Driver\src\stm32f4xx_flash.c 0x00000000   Number         0  stm32f4xx_flash.o ABSOLUTE
    library\STM32F4xx_StdPeriph_Driver\src\stm32f4xx_fsmc.c 0x00000000   Number         0  stm32f4xx_fsmc.o ABSOLUTE
    library\STM32F4xx_StdPeriph_Driver\src\stm32f4xx_gpio.c 0x00000000   Number         0  stm32f4xx_gpio.o ABSOLUTE
    library\STM32F4xx_StdPeriph_Driver\src\stm32f4xx_hash.c 0x00000000   Number         0  stm32f4xx_hash.o ABSOLUTE
    library\STM32F4xx_StdPeriph_Driver\src\stm32f4xx_hash_md5.c 0x00000000   Number         0  stm32f4xx_hash_md5.o ABSOLUTE
    library\STM32F4xx_StdPeriph_Driver\src\stm32f4xx_hash_sha1.c 0x00000000   Number         0  stm32f4xx_hash_sha1.o ABSOLUTE
    library\STM32F4xx_StdPeriph_Driver\src\stm32f4xx_i2c.c 0x00000000   Number         0  stm32f4xx_i2c.o ABSOLUTE
    library\STM32F4xx_StdPeriph_Driver\src\stm32f4xx_iwdg.c 0x00000000   Number         0  stm32f4xx_iwdg.o ABSOLUTE
    library\STM32F4xx_StdPeriph_Driver\src\stm32f4xx_pwr.c 0x00000000   Number         0  stm32f4xx_pwr.o ABSOLUTE
    library\STM32F4xx_StdPeriph_Driver\src\stm32f4xx_rcc.c 0x00000000   Number         0  stm32f4xx_rcc.o ABSOLUTE
    library\STM32F4xx_StdPeriph_Driver\src\stm32f4xx_rng.c 0x00000000   Number         0  stm32f4xx_rng.o ABSOLUTE
    library\STM32F4xx_StdPeriph_Driver\src\stm32f4xx_rtc.c 0x00000000   Number         0  stm32f4xx_rtc.o ABSOLUTE
    library\STM32F4xx_StdPeriph_Driver\src\stm32f4xx_sdio.c 0x00000000   Number         0  stm32f4xx_sdio.o ABSOLUTE
    library\STM32F4xx_StdPeriph_Driver\src\stm32f4xx_spi.c 0x00000000   Number         0  stm32f4xx_spi.o ABSOLUTE
    library\STM32F4xx_StdPeriph_Driver\src\stm32f4xx_syscfg.c 0x00000000   Number         0  stm32f4xx_syscfg.o ABSOLUTE
    library\STM32F4xx_StdPeriph_Driver\src\stm32f4xx_tim.c 0x00000000   Number         0  stm32f4xx_tim.o ABSOLUTE
    library\STM32F4xx_StdPeriph_Driver\src\stm32f4xx_usart.c 0x00000000   Number         0  stm32f4xx_usart.o ABSOLUTE
    library\STM32F4xx_StdPeriph_Driver\src\stm32f4xx_wwdg.c 0x00000000   Number         0  stm32f4xx_wwdg.o ABSOLUTE
    library\\STM32F4xx_StdPeriph_Driver\\src\\misc.c 0x00000000   Number         0  misc.o ABSOLUTE
    library\\STM32F4xx_StdPeriph_Driver\\src\\stm32f4xx_adc.c 0x00000000   Number         0  stm32f4xx_adc.o ABSOLUTE
    library\\STM32F4xx_StdPeriph_Driver\\src\\stm32f4xx_can.c 0x00000000   Number         0  stm32f4xx_can.o ABSOLUTE
    library\\STM32F4xx_StdPeriph_Driver\\src\\stm32f4xx_crc.c 0x00000000   Number         0  stm32f4xx_crc.o ABSOLUTE
    library\\STM32F4xx_StdPeriph_Driver\\src\\stm32f4xx_cryp.c 0x00000000   Number         0  stm32f4xx_cryp.o ABSOLUTE
    library\\STM32F4xx_StdPeriph_Driver\\src\\stm32f4xx_cryp_aes.c 0x00000000   Number         0  stm32f4xx_cryp_aes.o ABSOLUTE
    library\\STM32F4xx_StdPeriph_Driver\\src\\stm32f4xx_cryp_des.c 0x00000000   Number         0  stm32f4xx_cryp_des.o ABSOLUTE
    library\\STM32F4xx_StdPeriph_Driver\\src\\stm32f4xx_cryp_tdes.c 0x00000000   Number         0  stm32f4xx_cryp_tdes.o ABSOLUTE
    library\\STM32F4xx_StdPeriph_Driver\\src\\stm32f4xx_dac.c 0x00000000   Number         0  stm32f4xx_dac.o ABSOLUTE
    library\\STM32F4xx_StdPeriph_Driver\\src\\stm32f4xx_dbgmcu.c 0x00000000   Number         0  stm32f4xx_dbgmcu.o ABSOLUTE
    library\\STM32F4xx_StdPeriph_Driver\\src\\stm32f4xx_dcmi.c 0x00000000   Number         0  stm32f4xx_dcmi.o ABSOLUTE
    library\\STM32F4xx_StdPeriph_Driver\\src\\stm32f4xx_dma.c 0x00000000   Number         0  stm32f4xx_dma.o ABSOLUTE
    library\\STM32F4xx_StdPeriph_Driver\\src\\stm32f4xx_exti.c 0x00000000   Number         0  stm32f4xx_exti.o ABSOLUTE
    library\\STM32F4xx_StdPeriph_Driver\\src\\stm32f4xx_flash.c 0x00000000   Number         0  stm32f4xx_flash.o ABSOLUTE
    library\\STM32F4xx_StdPeriph_Driver\\src\\stm32f4xx_fsmc.c 0x00000000   Number         0  stm32f4xx_fsmc.o ABSOLUTE
    library\\STM32F4xx_StdPeriph_Driver\\src\\stm32f4xx_gpio.c 0x00000000   Number         0  stm32f4xx_gpio.o ABSOLUTE
    library\\STM32F4xx_StdPeriph_Driver\\src\\stm32f4xx_hash.c 0x00000000   Number         0  stm32f4xx_hash.o ABSOLUTE
    library\\STM32F4xx_StdPeriph_Driver\\src\\stm32f4xx_hash_md5.c 0x00000000   Number         0  stm32f4xx_hash_md5.o ABSOLUTE
    library\\STM32F4xx_StdPeriph_Driver\\src\\stm32f4xx_hash_sha1.c 0x00000000   Number         0  stm32f4xx_hash_sha1.o ABSOLUTE
    library\\STM32F4xx_StdPeriph_Driver\\src\\stm32f4xx_i2c.c 0x00000000   Number         0  stm32f4xx_i2c.o ABSOLUTE
    library\\STM32F4xx_StdPeriph_Driver\\src\\stm32f4xx_iwdg.c 0x00000000   Number         0  stm32f4xx_iwdg.o ABSOLUTE
    library\\STM32F4xx_StdPeriph_Driver\\src\\stm32f4xx_pwr.c 0x00000000   Number         0  stm32f4xx_pwr.o ABSOLUTE
    library\\STM32F4xx_StdPeriph_Driver\\src\\stm32f4xx_rcc.c 0x00000000   Number         0  stm32f4xx_rcc.o ABSOLUTE
    library\\STM32F4xx_StdPeriph_Driver\\src\\stm32f4xx_rng.c 0x00000000   Number         0  stm32f4xx_rng.o ABSOLUTE
    library\\STM32F4xx_StdPeriph_Driver\\src\\stm32f4xx_rtc.c 0x00000000   Number         0  stm32f4xx_rtc.o ABSOLUTE
    library\\STM32F4xx_StdPeriph_Driver\\src\\stm32f4xx_sdio.c 0x00000000   Number         0  stm32f4xx_sdio.o ABSOLUTE
    library\\STM32F4xx_StdPeriph_Driver\\src\\stm32f4xx_spi.c 0x00000000   Number         0  stm32f4xx_spi.o ABSOLUTE
    library\\STM32F4xx_StdPeriph_Driver\\src\\stm32f4xx_syscfg.c 0x00000000   Number         0  stm32f4xx_syscfg.o ABSOLUTE
    library\\STM32F4xx_StdPeriph_Driver\\src\\stm32f4xx_tim.c 0x00000000   Number         0  stm32f4xx_tim.o ABSOLUTE
    library\\STM32F4xx_StdPeriph_Driver\\src\\stm32f4xx_usart.c 0x00000000   Number         0  stm32f4xx_usart.o ABSOLUTE
    library\\STM32F4xx_StdPeriph_Driver\\src\\stm32f4xx_wwdg.c 0x00000000   Number         0  stm32f4xx_wwdg.o ABSOLUTE
    user\\main.c                             0x00000000   Number         0  main.o ABSOLUTE
    user\\stm32f4xx_it.c                     0x00000000   Number         0  stm32f4xx_it.o ABSOLUTE
    user\\system_stm32f4xx.c                 0x00000000   Number         0  system_stm32f4xx.o ABSOLUTE
    user\main.c                              0x00000000   Number         0  main.o ABSOLUTE
    user\stm32f4xx_it.c                      0x00000000   Number         0  stm32f4xx_it.o ABSOLUTE
    user\system_stm32f4xx.c                  0x00000000   Number         0  system_stm32f4xx.o ABSOLUTE
    RESET                                    0x08000000   Section      392  startup_stm32f40_41xxx.o(RESET)
    !!!main                                  0x08000188   Section        8  __main.o(!!!main)
    !!!scatter                               0x08000190   Section       52  __scatter.o(!!!scatter)
    !!handler_copy                           0x080001c4   Section       26  __scatter_copy.o(!!handler_copy)
    !!handler_zi                             0x080001e0   Section       28  __scatter_zi.o(!!handler_zi)
    .ARM.Collect$$libinit$$00000000          0x080001fc   Section        2  libinit.o(.ARM.Collect$$libinit$$00000000)
    .ARM.Collect$$libinit$$00000001          0x080001fe   Section        4  libinit2.o(.ARM.Collect$$libinit$$00000001)
    .ARM.Collect$$libinit$$00000008          0x08000202   Section        0  libinit2.o(.ARM.Collect$$libinit$$00000008)
    .ARM.Collect$$libinit$$0000000A          0x08000202   Section        0  libinit2.o(.ARM.Collect$$libinit$$0000000A)
    .ARM.Collect$$libinit$$0000000C          0x08000202   Section        0  libinit2.o(.ARM.Collect$$libinit$$0000000C)
    .ARM.Collect$$libinit$$0000000F          0x08000202   Section        0  libinit2.o(.ARM.Collect$$libinit$$0000000F)
    .ARM.Collect$$libinit$$00000011          0x08000202   Section        0  libinit2.o(.ARM.Collect$$libinit$$00000011)
    .ARM.Collect$$libinit$$00000013          0x08000202   Section        0  libinit2.o(.ARM.Collect$$libinit$$00000013)
    .ARM.Collect$$libinit$$00000015          0x08000202   Section        0  libinit2.o(.ARM.Collect$$libinit$$00000015)
    .ARM.Collect$$libinit$$00000017          0x08000202   Section        0  libinit2.o(.ARM.Collect$$libinit$$00000017)
    .ARM.Collect$$libinit$$00000019          0x08000202   Section        0  libinit2.o(.ARM.Collect$$libinit$$00000019)
    .ARM.Collect$$libinit$$0000001B          0x08000202   Section        0  libinit2.o(.ARM.Collect$$libinit$$0000001B)
    .ARM.Collect$$libinit$$0000001D          0x08000202   Section        0  libinit2.o(.ARM.Collect$$libinit$$0000001D)
    .ARM.Collect$$libinit$$0000001F          0x08000202   Section        0  libinit2.o(.ARM.Collect$$libinit$$0000001F)
    .ARM.Collect$$libinit$$00000021          0x08000202   Section        0  libinit2.o(.ARM.Collect$$libinit$$00000021)
    .ARM.Collect$$libinit$$00000023          0x08000202   Section        0  libinit2.o(.ARM.Collect$$libinit$$00000023)
    .ARM.Collect$$libinit$$0000002A          0x08000202   Section        0  libinit2.o(.ARM.Collect$$libinit$$0000002A)
    .ARM.Collect$$libinit$$0000002C          0x08000202   Section        0  libinit2.o(.ARM.Collect$$libinit$$0000002C)
    .ARM.Collect$$libinit$$0000002E          0x08000202   Section        0  libinit2.o(.ARM.Collect$$libinit$$0000002E)
    .ARM.Collect$$libinit$$00000030          0x08000202   Section        0  libinit2.o(.ARM.Collect$$libinit$$00000030)
    .ARM.Collect$$libinit$$00000031          0x08000202   Section        2  libinit2.o(.ARM.Collect$$libinit$$00000031)
    .ARM.Collect$$libshutdown$$00000000      0x08000204   Section        2  libshutdown.o(.ARM.Collect$$libshutdown$$00000000)
    .ARM.Collect$$libshutdown$$00000003      0x08000206   Section        0  libshutdown2.o(.ARM.Collect$$libshutdown$$00000003)
    .ARM.Collect$$libshutdown$$00000006      0x08000206   Section        0  libshutdown2.o(.ARM.Collect$$libshutdown$$00000006)
    .ARM.Collect$$libshutdown$$00000009      0x08000206   Section        0  libshutdown2.o(.ARM.Collect$$libshutdown$$00000009)
    .ARM.Collect$$libshutdown$$0000000B      0x08000206   Section        0  libshutdown2.o(.ARM.Collect$$libshutdown$$0000000B)
    .ARM.Collect$$libshutdown$$0000000E      0x08000206   Section        0  libshutdown2.o(.ARM.Collect$$libshutdown$$0000000E)
    .ARM.Collect$$libshutdown$$0000000F      0x08000206   Section        2  libshutdown2.o(.ARM.Collect$$libshutdown$$0000000F)
    .ARM.Collect$$rtentry$$00000000          0x08000208   Section        0  rtentry.o(.ARM.Collect$$rtentry$$00000000)
    .ARM.Collect$$rtentry$$00000002          0x08000208   Section        0  rtentry2.o(.ARM.Collect$$rtentry$$00000002)
    .ARM.Collect$$rtentry$$00000004          0x08000208   Section        6  rtentry4.o(.ARM.Collect$$rtentry$$00000004)
    .ARM.Collect$$rtentry$$00000009          0x0800020e   Section        0  rtentry2.o(.ARM.Collect$$rtentry$$00000009)
    .ARM.Collect$$rtentry$$0000000A          0x0800020e   Section        4  rtentry2.o(.ARM.Collect$$rtentry$$0000000A)
    .ARM.Collect$$rtentry$$0000000C          0x08000212   Section        0  rtentry2.o(.ARM.Collect$$rtentry$$0000000C)
    .ARM.Collect$$rtentry$$0000000D          0x08000212   Section        8  rtentry2.o(.ARM.Collect$$rtentry$$0000000D)
    .ARM.Collect$$rtexit$$00000000           0x0800021a   Section        2  rtexit.o(.ARM.Collect$$rtexit$$00000000)
    .ARM.Collect$$rtexit$$00000002           0x0800021c   Section        0  rtexit2.o(.ARM.Collect$$rtexit$$00000002)
    .ARM.Collect$$rtexit$$00000003           0x0800021c   Section        4  rtexit2.o(.ARM.Collect$$rtexit$$00000003)
    .ARM.Collect$$rtexit$$00000004           0x08000220   Section        6  rtexit2.o(.ARM.Collect$$rtexit$$00000004)
    .emb_text                                0x08000228   Section      182  fitcpu.o(.emb_text)
    $v0                                      0x08000228   Number         0  fitcpu.o(.emb_text)
    .text                                    0x080002e0   Section        0  fitcpu.o(.text)
    FitTaskExitError                         0x080002e1   Thumb Code    22  fitcpu.o(.text)
    .text                                    0x080003e4   Section        0  oslist.o(.text)
    .text                                    0x08000480   Section        0  osmemory.o(.text)
    OSMemCombine                             0x08000481   Thumb Code   108  osmemory.o(.text)
    .text                                    0x080007a0   Section        0  osmsgq.o(.text)
    .text                                    0x0800096c   Section        0  osqueue.o(.text)
    OSQUnlock                                0x08000a31   Thumb Code   126  osqueue.o(.text)
    OSQIsFull                                0x08000aaf   Thumb Code    30  osqueue.o(.text)
    OSQCopyDataIn                            0x08000acd   Thumb Code   132  osqueue.o(.text)
    OSQIsEmpty                               0x08000d49   Thumb Code    26  osqueue.o(.text)
    OSQCopyDataOut                           0x08000d63   Thumb Code    42  osqueue.o(.text)
    .text                                    0x08000fdc   Section        0  ossemaphore.o(.text)
    .text                                    0x080010a4   Section        0  ostask.o(.text)
    OSTaskRecordReadyPriority                0x080010a5   Thumb Code    16  ostask.o(.text)
    OSTaskResetReadyPriority                 0x080010b5   Thumb Code    28  ostask.o(.text)
    OSTaskFindHighestReadyPriority           0x080010d1   Thumb Code    16  ostask.o(.text)
    OSTaskGetTCBFromHandle                   0x080010e1   Thumb Code    14  ostask.o(.text)
    OSTaskListsInitialise                    0x080010ef   Thumb Code    70  ostask.o(.text)
    OSTaskResetCurrentTask                   0x08001135   Thumb Code    50  ostask.o(.text)
    OSTaskUpdateUnblockTime                  0x08001167   Thumb Code    42  ostask.o(.text)
    OSTaskSwitchListDelayed                  0x08001191   Thumb Code    34  ostask.o(.text)
    OSTaskAddToReadyList                     0x080011b3   Thumb Code    30  ostask.o(.text)
    OSAllocateTCBAndStack                    0x080011d1   Thumb Code    58  ostask.o(.text)
    OSTaskInitTCB                            0x0800120b   Thumb Code    86  ostask.o(.text)
    OSTaskDeleteFromDeadList                 0x08001545   Thumb Code    86  ostask.o(.text)
    OSTaskAddToDelayedList                   0x0800159b   Thumb Code    58  ostask.o(.text)
    .text                                    0x08001a8c   Section        0  ostimer.o(.text)
    OSTimerMoniteTask                        0x08001a8d   Thumb Code    36  ostimer.o(.text)
    .text                                    0x08001cd0   Section        0  misc.o(.text)
    .text                                    0x08001db0   Section        0  stm32f4xx_exti.o(.text)
    .text                                    0x08001ecc   Section        0  stm32f4xx_gpio.o(.text)
    .text                                    0x08002128   Section        0  stm32f4xx_rcc.o(.text)
    .text                                    0x080026b0   Section        0  stm32f4xx_syscfg.o(.text)
    .text                                    0x0800273c   Section        0  stm32f4xx_usart.o(.text)
    .text                                    0x08002b58   Section       64  startup_stm32f40_41xxx.o(.text)
    $v0                                      0x08002b58   Number         0  startup_stm32f40_41xxx.o(.text)
    .text                                    0x08002b98   Section        0  stm32f407zg_sk.o(.text)
    .text                                    0x08002e30   Section        0  main.o(.text)
    CtrlTask                                 0x08002e31   Thumb Code    20  main.o(.text)
    LedTask                                  0x08002e45   Thumb Code    50  main.o(.text)
    SetupHardware                            0x08002e99   Thumb Code    20  main.o(.text)
    .text                                    0x08002f0c   Section        0  stm32f4xx_it.o(.text)
    .text                                    0x08002f20   Section        0  system_stm32f4xx.o(.text)
    SetSysClock                              0x08002f21   Thumb Code   220  system_stm32f4xx.o(.text)
    .text                                    0x08003130   Section      138  rt_memcpy_v6.o(.text)
    .text                                    0x080031ba   Section       16  aeabi_memset.o(.text)
    .text                                    0x080031ca   Section       68  rt_memclr.o(.text)
    .text                                    0x0800320e   Section        0  heapauxi.o(.text)
    .text                                    0x08003214   Section      100  rt_memcpy_w.o(.text)
    .text                                    0x08003278   Section       78  rt_memclr_w.o(.text)
    .text                                    0x080032c6   Section       74  sys_stackheap_outer.o(.text)
    .text                                    0x08003310   Section        0  exit.o(.text)
    .text                                    0x0800331c   Section        8  libspace.o(.text)
    .text                                    0x08003324   Section        0  sys_exit.o(.text)
    .text                                    0x08003330   Section        2  use_no_semi.o(.text)
    .text                                    0x08003332   Section        0  indicate_semi.o(.text)
    x$fpl$fpinit                             0x08003332   Section       10  fpinit.o(x$fpl$fpinit)
    $v0                                      0x08003332   Number         0  fpinit.o(x$fpl$fpinit)
    .constdata                               0x0800333c   Section      192  stm32f407zg_sk.o(.constdata)
    .data                                    0x20000000   Section        4  fitcpu.o(.data)
    uxCriticalNesting                        0x20000000   Data           4  fitcpu.o(.data)
    .data                                    0x20000004   Section       12  osmemory.o(.data)
    gpOSMemBegin                             0x20000004   Data           4  osmemory.o(.data)
    gpOSMemEnd                               0x20000008   Data           4  osmemory.o(.data)
    gpOSMemLFree                             0x2000000c   Data           4  osmemory.o(.data)
    .data                                    0x20000010   Section       56  ostask.o(.data)
    gptOSTaskListDelayed                     0x20000014   Data           4  ostask.o(.data)
    gptOSTaskListOverflowDelayed             0x20000018   Data           4  ostask.o(.data)
    guxTasksDeleted                          0x2000001c   Data           4  ostask.o(.data)
    guxCurrentNumberOfTasks                  0x20000020   Data           4  ostask.o(.data)
    guxTickCount                             0x20000024   Data           4  ostask.o(.data)
    guxTopReadyPriority                      0x20000028   Data           4  ostask.o(.data)
    gxSchedulerRunning                       0x2000002c   Data           4  ostask.o(.data)
    guxPendedTicks                           0x20000030   Data           4  ostask.o(.data)
    gxYieldPending                           0x20000034   Data           4  ostask.o(.data)
    gxNumOfOverflows                         0x20000038   Data           4  ostask.o(.data)
    guxOSTaskNumber                          0x2000003c   Data           4  ostask.o(.data)
    guxNextTaskUnblockTime                   0x20000040   Data           4  ostask.o(.data)
    guxSchedulerSuspended                    0x20000044   Data           4  ostask.o(.data)
    .data                                    0x20000048   Section       16  ostimer.o(.data)
    gtOSTimerList                            0x20000048   Data           4  ostimer.o(.data)
    guxTimerTicks                            0x2000004c   Data           4  ostimer.o(.data)
    gOSTimerMsgQHandle                       0x20000050   Data           4  ostimer.o(.data)
    gOSTimerMoniteTaskHandle                 0x20000054   Data           4  ostimer.o(.data)
    .data                                    0x20000058   Section       16  stm32f4xx_rcc.o(.data)
    APBAHBPrescTable                         0x20000058   Data          16  stm32f4xx_rcc.o(.data)
    .data                                    0x20000068   Section       80  stm32f407zg_sk.o(.data)
    .data                                    0x200000b8   Section       12  main.o(.data)
    .data                                    0x200000c4   Section       20  system_stm32f4xx.o(.data)
    .bss                                     0x200000d8   Section     4120  osmemory.o(.bss)
    .bss                                     0x200010f0   Section      364  ostask.o(.bss)
    gtOSTaskListReadyArray                   0x200010f0   Data         224  ostask.o(.bss)
    gtOSTaskListDelayed1                     0x200011d0   Data          28  ostask.o(.bss)
    gtOSTaskListDelayed2                     0x200011ec   Data          28  ostask.o(.bss)
    gtOSTaskListPendingReady                 0x20001208   Data          28  ostask.o(.bss)
    gtOSTaskListSuspended                    0x20001224   Data          28  ostask.o(.bss)
    gtOSTaskListdead                         0x20001240   Data          28  ostask.o(.bss)
    .bss                                     0x2000125c   Section       96  libspace.o(.bss)
    HEAP                                     0x200012c0   Section     8192  startup_stm32f40_41xxx.o(HEAP)
    Heap_Mem                                 0x200012c0   Data        8192  startup_stm32f40_41xxx.o(HEAP)
    STACK                                    0x200032c0   Section     1024  startup_stm32f40_41xxx.o(STACK)
    Stack_Mem                                0x200032c0   Data        1024  startup_stm32f40_41xxx.o(STACK)
    __initial_sp                             0x200036c0   Data           0  startup_stm32f40_41xxx.o(STACK)

    Global Symbols

    Symbol Name                              Value     Ov Type        Size  Object(Section)

    BuildAttributes$$THM_ISAv4$E$P$D$K$B$S$7EM$VFPi3$EXTD16$VFPS$VFMA$PE$A:L22UL41UL21$X:L11$S22US41US21$IEEE1$IW$USESV6$~STKCKD$USESV7$~SHL$OSPACE$ROPI$EBA8$UX$STANDARDLIB$REQ8$PRES8$EABIv2 0x00000000   Number         0  anon$$obj.o ABSOLUTE
    __ARM_use_no_argv                        0x00000000   Number         0  main.o ABSOLUTE
    __ARM_exceptions_init                     - Undefined Weak Reference
    __alloca_initialize                       - Undefined Weak Reference
    __cpp_initialize__aeabi_                  - Undefined Weak Reference
    __cxa_finalize                            - Undefined Weak Reference
    __rt_locale                               - Undefined Weak Reference
    __sigvec_lookup                           - Undefined Weak Reference
    _atexit_init                              - Undefined Weak Reference
    _call_atexit_fns                          - Undefined Weak Reference
    _clock_init                               - Undefined Weak Reference
    _fp_trap_init                             - Undefined Weak Reference
    _fp_trap_shutdown                         - Undefined Weak Reference
    _get_lc_collate                           - Undefined Weak Reference
    _get_lc_ctype                             - Undefined Weak Reference
    _get_lc_monetary                          - Undefined Weak Reference
    _get_lc_numeric                           - Undefined Weak Reference
    _get_lc_time                              - Undefined Weak Reference
    _getenv_init                              - Undefined Weak Reference
    _handle_redirection                       - Undefined Weak Reference
    _init_alloc                               - Undefined Weak Reference
    _init_user_alloc                          - Undefined Weak Reference
    _initio                                   - Undefined Weak Reference
    _rand_init                                - Undefined Weak Reference
    _signal_finish                            - Undefined Weak Reference
    _signal_init                              - Undefined Weak Reference
    _terminate_alloc                          - Undefined Weak Reference
    _terminate_user_alloc                     - Undefined Weak Reference
    _terminateio                              - Undefined Weak Reference
    __Vectors_Size                           0x00000188   Number         0  startup_stm32f40_41xxx.o ABSOLUTE
    __Vectors                                0x08000000   Data           4  startup_stm32f40_41xxx.o(RESET)
    __Vectors_End                            0x08000188   Data           0  startup_stm32f40_41xxx.o(RESET)
    __main                                   0x08000189   Thumb Code     8  __main.o(!!!main)
    __scatterload                            0x08000191   Thumb Code     0  __scatter.o(!!!scatter)
    __scatterload_rt2                        0x08000191   Thumb Code    44  __scatter.o(!!!scatter)
    __scatterload_rt2_thumb_only             0x08000191   Thumb Code     0  __scatter.o(!!!scatter)
    __scatterload_null                       0x0800019f   Thumb Code     0  __scatter.o(!!!scatter)
    __scatterload_copy                       0x080001c5   Thumb Code    26  __scatter_copy.o(!!handler_copy)
    __scatterload_zeroinit                   0x080001e1   Thumb Code    28  __scatter_zi.o(!!handler_zi)
    __rt_lib_init                            0x080001fd   Thumb Code     0  libinit.o(.ARM.Collect$$libinit$$00000000)
    __rt_lib_init_fp_1                       0x080001ff   Thumb Code     0  libinit2.o(.ARM.Collect$$libinit$$00000001)
    __rt_lib_init_alloca_1                   0x08000203   Thumb Code     0  libinit2.o(.ARM.Collect$$libinit$$0000002C)
    __rt_lib_init_argv_1                     0x08000203   Thumb Code     0  libinit2.o(.ARM.Collect$$libinit$$0000002A)
    __rt_lib_init_atexit_1                   0x08000203   Thumb Code     0  libinit2.o(.ARM.Collect$$libinit$$00000019)
    __rt_lib_init_clock_1                    0x08000203   Thumb Code     0  libinit2.o(.ARM.Collect$$libinit$$0000001F)
    __rt_lib_init_cpp_1                      0x08000203   Thumb Code     0  libinit2.o(.ARM.Collect$$libinit$$00000030)
    __rt_lib_init_exceptions_1               0x08000203   Thumb Code     0  libinit2.o(.ARM.Collect$$libinit$$0000002E)
    __rt_lib_init_fp_trap_1                  0x08000203   Thumb Code     0  libinit2.o(.ARM.Collect$$libinit$$0000001D)
    __rt_lib_init_getenv_1                   0x08000203   Thumb Code     0  libinit2.o(.ARM.Collect$$libinit$$00000021)
    __rt_lib_init_heap_1                     0x08000203   Thumb Code     0  libinit2.o(.ARM.Collect$$libinit$$00000008)
    __rt_lib_init_lc_collate_1               0x08000203   Thumb Code     0  libinit2.o(.ARM.Collect$$libinit$$0000000F)
    __rt_lib_init_lc_ctype_1                 0x08000203   Thumb Code     0  libinit2.o(.ARM.Collect$$libinit$$00000011)
    __rt_lib_init_lc_monetary_1              0x08000203   Thumb Code     0  libinit2.o(.ARM.Collect$$libinit$$00000013)
    __rt_lib_init_lc_numeric_1               0x08000203   Thumb Code     0  libinit2.o(.ARM.Collect$$libinit$$00000015)
    __rt_lib_init_lc_time_1                  0x08000203   Thumb Code     0  libinit2.o(.ARM.Collect$$libinit$$00000017)
    __rt_lib_init_rand_1                     0x08000203   Thumb Code     0  libinit2.o(.ARM.Collect$$libinit$$0000000C)
    __rt_lib_init_return                     0x08000203   Thumb Code     0  libinit2.o(.ARM.Collect$$libinit$$00000031)
    __rt_lib_init_signal_1                   0x08000203   Thumb Code     0  libinit2.o(.ARM.Collect$$libinit$$0000001B)
    __rt_lib_init_stdio_1                    0x08000203   Thumb Code     0  libinit2.o(.ARM.Collect$$libinit$$00000023)
    __rt_lib_init_user_alloc_1               0x08000203   Thumb Code     0  libinit2.o(.ARM.Collect$$libinit$$0000000A)
    __rt_lib_shutdown                        0x08000205   Thumb Code     0  libshutdown.o(.ARM.Collect$$libshutdown$$00000000)
    __rt_lib_shutdown_fp_trap_1              0x08000207   Thumb Code     0  libshutdown2.o(.ARM.Collect$$libshutdown$$00000006)
    __rt_lib_shutdown_heap_1                 0x08000207   Thumb Code     0  libshutdown2.o(.ARM.Collect$$libshutdown$$0000000E)
    __rt_lib_shutdown_return                 0x08000207   Thumb Code     0  libshutdown2.o(.ARM.Collect$$libshutdown$$0000000F)
    __rt_lib_shutdown_signal_1               0x08000207   Thumb Code     0  libshutdown2.o(.ARM.Collect$$libshutdown$$00000009)
    __rt_lib_shutdown_stdio_1                0x08000207   Thumb Code     0  libshutdown2.o(.ARM.Collect$$libshutdown$$00000003)
    __rt_lib_shutdown_user_alloc_1           0x08000207   Thumb Code     0  libshutdown2.o(.ARM.Collect$$libshutdown$$0000000B)
    __rt_entry                               0x08000209   Thumb Code     0  rtentry.o(.ARM.Collect$$rtentry$$00000000)
    __rt_entry_presh_1                       0x08000209   Thumb Code     0  rtentry2.o(.ARM.Collect$$rtentry$$00000002)
    __rt_entry_sh                            0x08000209   Thumb Code     0  rtentry4.o(.ARM.Collect$$rtentry$$00000004)
    __rt_entry_li                            0x0800020f   Thumb Code     0  rtentry2.o(.ARM.Collect$$rtentry$$0000000A)
    __rt_entry_postsh_1                      0x0800020f   Thumb Code     0  rtentry2.o(.ARM.Collect$$rtentry$$00000009)
    __rt_entry_main                          0x08000213   Thumb Code     0  rtentry2.o(.ARM.Collect$$rtentry$$0000000D)
    __rt_entry_postli_1                      0x08000213   Thumb Code     0  rtentry2.o(.ARM.Collect$$rtentry$$0000000C)
    __rt_exit                                0x0800021b   Thumb Code     0  rtexit.o(.ARM.Collect$$rtexit$$00000000)
    __rt_exit_ls                             0x0800021d   Thumb Code     0  rtexit2.o(.ARM.Collect$$rtexit$$00000003)
    __rt_exit_prels_1                        0x0800021d   Thumb Code     0  rtexit2.o(.ARM.Collect$$rtexit$$00000002)
    __rt_exit_exit                           0x08000221   Thumb Code     0  rtexit2.o(.ARM.Collect$$rtexit$$00000004)
    SVC_Handler                              0x08000229   Thumb Code    28  fitcpu.o(.emb_text)
    __asm___8_FitCPU_c_a92e4f4f__FitStartFirstTask 0x08000249   Thumb Code    28  fitcpu.o(.emb_text)
    __asm___8_FitCPU_c_a92e4f4f__FitEnableVFP 0x08000269   Thumb Code    16  fitcpu.o(.emb_text)
    PendSV_Handler                           0x0800027d   Thumb Code    88  fitcpu.o(.emb_text)
    FitGetIPSR                               0x080002d9   Thumb Code     6  fitcpu.o(.emb_text)
    FitInitializeStack                       0x080002f7   Thumb Code    34  fitcpu.o(.text)
    FitSetupTimerInterrupt                   0x08000319   Thumb Code    14  fitcpu.o(.text)
    FitStartScheduler                        0x08000327   Thumb Code    58  fitcpu.o(.text)
    FitEndScheduler                          0x08000361   Thumb Code     2  fitcpu.o(.text)
    FitEnterCritical                         0x08000363   Thumb Code    30  fitcpu.o(.text)
    FitExitCritical                          0x08000381   Thumb Code    28  fitcpu.o(.text)
    SysTick_Handler                          0x0800039d   Thumb Code    50  fitcpu.o(.text)
    OSListInitialise                         0x080003e5   Thumb Code    32  oslist.o(.text)
    OSListItemInitialise                     0x08000405   Thumb Code     6  oslist.o(.text)
    OSListInsertItemToEnd                    0x0800040b   Thumb Code    24  oslist.o(.text)
    OSListInsertItem                         0x08000423   Thumb Code    52  oslist.o(.text)
    OSListRemoveItem                         0x08000457   Thumb Code    40  oslist.o(.text)
    OSMemInit                                0x080004ed   Thumb Code    68  osmemory.o(.text)
    OSMemFree                                0x08000531   Thumb Code    64  osmemory.o(.text)
    OSMemTrim                                0x08000571   Thumb Code   252  osmemory.o(.text)
    OSMemMalloc                              0x0800066d   Thumb Code   258  osmemory.o(.text)
    OSMemCalloc                              0x0800076f   Thumb Code    34  osmemory.o(.text)
    OSMsgQCreate                             0x080007a1   Thumb Code    18  osmsgq.o(.text)
    OSMsgQDelete                             0x080007b3   Thumb Code    20  osmsgq.o(.text)
    OSMsgQSendToHead                         0x080007c7   Thumb Code    22  osmsgq.o(.text)
    OSMsgQSendToTail                         0x080007dd   Thumb Code    22  osmsgq.o(.text)
    OSMsgQSend                               0x080007f3   Thumb Code    22  osmsgq.o(.text)
    OSMsgQOverwrite                          0x08000809   Thumb Code    20  osmsgq.o(.text)
    OSMsgQPeek                               0x0800081d   Thumb Code    22  osmsgq.o(.text)
    OSMsgQReceive                            0x08000833   Thumb Code    22  osmsgq.o(.text)
    OSMsgQReceiveFromISR                     0x08000849   Thumb Code    56  osmsgq.o(.text)
    OSMsgQSendToHeadFromISR                  0x08000881   Thumb Code    58  osmsgq.o(.text)
    OSMsgQSendToTailFromISR                  0x080008bb   Thumb Code    58  osmsgq.o(.text)
    OSMsgQOverwriteFromISR                   0x080008f5   Thumb Code    58  osmsgq.o(.text)
    OSMsgQSendFromISR                        0x0800092f   Thumb Code    58  osmsgq.o(.text)
    OSQReset                                 0x0800096d   Thumb Code   120  osqueue.o(.text)
    OSQCreate                                0x080009e5   Thumb Code    76  osqueue.o(.text)
    OSQSend                                  0x08000b51   Thumb Code   268  osqueue.o(.text)
    OSQSendFromISR                           0x08000c5d   Thumb Code   126  osqueue.o(.text)
    OSQGiveFromISR                           0x08000cdb   Thumb Code   110  osqueue.o(.text)
    OSQReceive                               0x08000d8d   Thumb Code   334  osqueue.o(.text)
    OSQReceiveFromISR                        0x08000edb   Thumb Code   116  osqueue.o(.text)
    OSQPeekFromISR                           0x08000f4f   Thumb Code    74  osqueue.o(.text)
    OSQGetSpaceNum                           0x08000f99   Thumb Code    24  osqueue.o(.text)
    OSQGetItemNum                            0x08000fb1   Thumb Code    18  osqueue.o(.text)
    OSQDelete                                0x08000fc3   Thumb Code    14  osqueue.o(.text)
    OSQGetQueueType                          0x08000fd1   Thumb Code     8  osqueue.o(.text)
    OSSemCreateCount                         0x08000fdd   Thumb Code    26  ossemaphore.o(.text)
    OSSemCreate                              0x08000ff7   Thumb Code    12  ossemaphore.o(.text)
    OSSemDelete                              0x08001003   Thumb Code    12  ossemaphore.o(.text)
    OSSemPend                                0x0800100f   Thumb Code    20  ossemaphore.o(.text)
    OSSemPendFromISR                         0x08001023   Thumb Code    54  ossemaphore.o(.text)
    OSSemPost                                0x08001059   Thumb Code    18  ossemaphore.o(.text)
    OSSemPostFromISR                         0x0800106b   Thumb Code    52  ossemaphore.o(.text)
    OSTaskCreate                             0x08001261   Thumb Code   190  ostask.o(.text)
    OSTaskDelete                             0x0800131f   Thumb Code   120  ostask.o(.text)
    OSTaskIncrementTick                      0x08001397   Thumb Code   162  ostask.o(.text)
    OSTaskResumeAll                          0x08001439   Thumb Code   256  ostask.o(.text)
    OSTaskSuspendAll                         0x08001539   Thumb Code    12  ostask.o(.text)
    OSTaskAddToEventList                     0x080015d5   Thumb Code    76  ostask.o(.text)
    OSTaskAddToEventListRestricted           0x08001621   Thumb Code    82  ostask.o(.text)
    OSTaskDeleteFromEventList                0x08001673   Thumb Code    74  ostask.o(.text)
    OSGetSystemTicksCount                    0x080016bd   Thumb Code     6  ostask.o(.text)
    OSTaskGetCurrentTaskHandle               0x080016c3   Thumb Code     6  ostask.o(.text)
    OSTaskSwitchContext                      0x080016c9   Thumb Code    28  ostask.o(.text)
    OSTaskGetSchedulerState                  0x080016e5   Thumb Code    24  ostask.o(.text)
    OSTaskSleep                              0x080016fd   Thumb Code    76  ostask.o(.text)
    OSTaskSetTimeOutState                    0x08001749   Thumb Code    14  ostask.o(.text)
    OSTaskCheckForTimeOut                    0x08001757   Thumb Code    84  ostask.o(.text)
    OSTaskMissedYield                        0x080017ab   Thumb Code     8  ostask.o(.text)
    OSTaskGetState                           0x080017b3   Thumb Code    86  ostask.o(.text)
    OSTaskGetPriority                        0x08001809   Thumb Code    26  ostask.o(.text)
    OSTaskGetPriorityFromISR                 0x08001823   Thumb Code    54  ostask.o(.text)
    OSTaskSetPriority                        0x08001859   Thumb Code   246  ostask.o(.text)
    OSTaskIncrementMutexHeldCount            0x0800194f   Thumb Code    26  ostask.o(.text)
    OSTaskPriorityInherit                    0x08001969   Thumb Code   106  ostask.o(.text)
    OSTaskPriorityDisinherit                 0x080019d3   Thumb Code    66  ostask.o(.text)
    OSIdleTask                               0x08001a15   Thumb Code    20  ostask.o(.text)
    OSStartScheduler                         0x08001a29   Thumb Code    58  ostask.o(.text)
    OSTimerCreate                            0x08001ab1   Thumb Code   142  ostimer.o(.text)
    OSTimerDeleteFromList                    0x08001b3f   Thumb Code    74  ostimer.o(.text)
    OSTimerDelete                            0x08001b89   Thumb Code    30  ostimer.o(.text)
    OSTimerAddToList                         0x08001ba7   Thumb Code   122  ostimer.o(.text)
    OSTimerIncrementTick                     0x08001c21   Thumb Code    84  ostimer.o(.text)
    OSTimerStart                             0x08001c75   Thumb Code    30  ostimer.o(.text)
    OSTimerStop                              0x08001c93   Thumb Code    30  ostimer.o(.text)
    NVIC_PriorityGroupConfig                 0x08001cd1   Thumb Code    10  misc.o(.text)
    NVIC_Init                                0x08001cdb   Thumb Code   106  misc.o(.text)
    NVIC_SetVectorTable                      0x08001d45   Thumb Code    14  misc.o(.text)
    NVIC_SystemLPConfig                      0x08001d53   Thumb Code    34  misc.o(.text)
    SysTick_CLKSourceConfig                  0x08001d75   Thumb Code    40  misc.o(.text)
    EXTI_DeInit                              0x08001db1   Thumb Code    28  stm32f4xx_exti.o(.text)
    EXTI_Init                                0x08001dcd   Thumb Code   142  stm32f4xx_exti.o(.text)
    EXTI_StructInit                          0x08001e5b   Thumb Code    16  stm32f4xx_exti.o(.text)
    EXTI_GenerateSWInterrupt                 0x08001e6b   Thumb Code    16  stm32f4xx_exti.o(.text)
    EXTI_GetFlagStatus                       0x08001e7b   Thumb Code    22  stm32f4xx_exti.o(.text)
    EXTI_ClearFlag                           0x08001e91   Thumb Code     8  stm32f4xx_exti.o(.text)
    EXTI_GetITStatus                         0x08001e99   Thumb Code    34  stm32f4xx_exti.o(.text)
    EXTI_ClearITPendingBit                   0x08001ebb   Thumb Code     8  stm32f4xx_exti.o(.text)
    GPIO_DeInit                              0x08001ecd   Thumb Code   220  stm32f4xx_gpio.o(.text)
    GPIO_Init                                0x08001fa9   Thumb Code   144  stm32f4xx_gpio.o(.text)
    GPIO_StructInit                          0x08002039   Thumb Code    18  stm32f4xx_gpio.o(.text)
    GPIO_PinLockConfig                       0x0800204b   Thumb Code    34  stm32f4xx_gpio.o(.text)
    GPIO_ReadInputDataBit                    0x0800206d   Thumb Code    18  stm32f4xx_gpio.o(.text)
    GPIO_ReadInputData                       0x0800207f   Thumb Code     8  stm32f4xx_gpio.o(.text)
    GPIO_ReadOutputDataBit                   0x08002087   Thumb Code    18  stm32f4xx_gpio.o(.text)
    GPIO_ReadOutputData                      0x08002099   Thumb Code     8  stm32f4xx_gpio.o(.text)
    GPIO_SetBits                             0x080020a1   Thumb Code     4  stm32f4xx_gpio.o(.text)
    GPIO_ResetBits                           0x080020a5   Thumb Code     4  stm32f4xx_gpio.o(.text)
    GPIO_WriteBit                            0x080020a9   Thumb Code    10  stm32f4xx_gpio.o(.text)
    GPIO_Write                               0x080020b3   Thumb Code     4  stm32f4xx_gpio.o(.text)
    GPIO_ToggleBits                          0x080020b7   Thumb Code     8  stm32f4xx_gpio.o(.text)
    GPIO_PinAFConfig                         0x080020bf   Thumb Code    70  stm32f4xx_gpio.o(.text)
    RCC_DeInit                               0x08002129   Thumb Code    60  stm32f4xx_rcc.o(.text)
    RCC_HSEConfig                            0x08002165   Thumb Code    14  stm32f4xx_rcc.o(.text)
    RCC_GetFlagStatus                        0x08002173   Thumb Code    60  stm32f4xx_rcc.o(.text)
    RCC_WaitForHSEStartUp                    0x080021af   Thumb Code    56  stm32f4xx_rcc.o(.text)
    RCC_AdjustHSICalibrationValue            0x080021e7   Thumb Code    20  stm32f4xx_rcc.o(.text)
    RCC_HSICmd                               0x080021fb   Thumb Code     6  stm32f4xx_rcc.o(.text)
    RCC_LSEConfig                            0x08002201   Thumb Code    46  stm32f4xx_rcc.o(.text)
    RCC_LSICmd                               0x0800222f   Thumb Code     6  stm32f4xx_rcc.o(.text)
    RCC_PLLConfig                            0x08002235   Thumb Code    32  stm32f4xx_rcc.o(.text)
    RCC_PLLCmd                               0x08002255   Thumb Code     6  stm32f4xx_rcc.o(.text)
    RCC_PLLI2SConfig                         0x0800225b   Thumb Code    14  stm32f4xx_rcc.o(.text)
    RCC_PLLI2SCmd                            0x08002269   Thumb Code     6  stm32f4xx_rcc.o(.text)
    RCC_ClockSecuritySystemCmd               0x0800226f   Thumb Code     6  stm32f4xx_rcc.o(.text)
    RCC_MCO1Config                           0x08002275   Thumb Code    28  stm32f4xx_rcc.o(.text)
    RCC_MCO2Config                           0x08002291   Thumb Code    28  stm32f4xx_rcc.o(.text)
    RCC_SYSCLKConfig                         0x080022ad   Thumb Code    20  stm32f4xx_rcc.o(.text)
    RCC_GetSYSCLKSource                      0x080022c1   Thumb Code    12  stm32f4xx_rcc.o(.text)
    RCC_HCLKConfig                           0x080022cd   Thumb Code    20  stm32f4xx_rcc.o(.text)
    RCC_PCLK1Config                          0x080022e1   Thumb Code    20  stm32f4xx_rcc.o(.text)
    RCC_PCLK2Config                          0x080022f5   Thumb Code    22  stm32f4xx_rcc.o(.text)
    RCC_GetClocksFreq                        0x0800230b   Thumb Code   222  stm32f4xx_rcc.o(.text)
    RCC_RTCCLKConfig                         0x080023e9   Thumb Code    54  stm32f4xx_rcc.o(.text)
    RCC_RTCCLKCmd                            0x0800241f   Thumb Code     8  stm32f4xx_rcc.o(.text)
    RCC_BackupResetCmd                       0x08002427   Thumb Code     8  stm32f4xx_rcc.o(.text)
    RCC_I2SCLKConfig                         0x0800242f   Thumb Code     6  stm32f4xx_rcc.o(.text)
    RCC_AHB1PeriphClockCmd                   0x08002435   Thumb Code    34  stm32f4xx_rcc.o(.text)
    RCC_AHB2PeriphClockCmd                   0x08002457   Thumb Code    34  stm32f4xx_rcc.o(.text)
    RCC_AHB3PeriphClockCmd                   0x08002479   Thumb Code    34  stm32f4xx_rcc.o(.text)
    RCC_APB1PeriphClockCmd                   0x0800249b   Thumb Code    34  stm32f4xx_rcc.o(.text)
    RCC_APB2PeriphClockCmd                   0x080024bd   Thumb Code    34  stm32f4xx_rcc.o(.text)
    RCC_AHB1PeriphResetCmd                   0x080024df   Thumb Code    34  stm32f4xx_rcc.o(.text)
    RCC_AHB2PeriphResetCmd                   0x08002501   Thumb Code    72  stm32f4xx_rcc.o(.text)
    RCC_AHB3PeriphResetCmd                   0x08002549   Thumb Code    34  stm32f4xx_rcc.o(.text)
    RCC_APB1PeriphResetCmd                   0x0800256b   Thumb Code    34  stm32f4xx_rcc.o(.text)
    RCC_APB2PeriphResetCmd                   0x0800258d   Thumb Code    34  stm32f4xx_rcc.o(.text)
    RCC_AHB1PeriphClockLPModeCmd             0x080025af   Thumb Code    34  stm32f4xx_rcc.o(.text)
    RCC_AHB2PeriphClockLPModeCmd             0x080025d1   Thumb Code    34  stm32f4xx_rcc.o(.text)
    RCC_AHB3PeriphClockLPModeCmd             0x080025f3   Thumb Code    34  stm32f4xx_rcc.o(.text)
    RCC_APB1PeriphClockLPModeCmd             0x08002615   Thumb Code    34  stm32f4xx_rcc.o(.text)
    RCC_APB2PeriphClockLPModeCmd             0x08002637   Thumb Code    34  stm32f4xx_rcc.o(.text)
    RCC_ITConfig                             0x08002659   Thumb Code    34  stm32f4xx_rcc.o(.text)
    RCC_ClearFlag                            0x0800267b   Thumb Code    18  stm32f4xx_rcc.o(.text)
    RCC_GetITStatus                          0x0800268d   Thumb Code    22  stm32f4xx_rcc.o(.text)
    RCC_ClearITPendingBit                    0x080026a3   Thumb Code     8  stm32f4xx_rcc.o(.text)
    SYSCFG_DeInit                            0x080026b1   Thumb Code    22  stm32f4xx_syscfg.o(.text)
    SYSCFG_MemoryRemapConfig                 0x080026c7   Thumb Code     6  stm32f4xx_syscfg.o(.text)
    SYSCFG_EXTILineConfig                    0x080026cd   Thumb Code    66  stm32f4xx_syscfg.o(.text)
    SYSCFG_ETH_MediaInterfaceConfig          0x0800270f   Thumb Code     6  stm32f4xx_syscfg.o(.text)
    SYSCFG_CompensationCellCmd               0x08002715   Thumb Code     6  stm32f4xx_syscfg.o(.text)
    SYSCFG_GetCompensationCellStatus         0x0800271b   Thumb Code    22  stm32f4xx_syscfg.o(.text)
    USART_DeInit                             0x0800273d   Thumb Code   156  stm32f4xx_usart.o(.text)
    USART_Init                               0x080027d9   Thumb Code   204  stm32f4xx_usart.o(.text)
    USART_StructInit                         0x080028a5   Thumb Code    24  stm32f4xx_usart.o(.text)
    USART_ClockInit                          0x080028bd   Thumb Code    32  stm32f4xx_usart.o(.text)
    USART_ClockStructInit                    0x080028dd   Thumb Code    12  stm32f4xx_usart.o(.text)
    USART_Cmd                                0x080028e9   Thumb Code    24  stm32f4xx_usart.o(.text)
    USART_SetPrescaler                       0x08002901   Thumb Code    16  stm32f4xx_usart.o(.text)
    USART_OverSampling8Cmd                   0x08002911   Thumb Code    22  stm32f4xx_usart.o(.text)
    USART_OneBitMethodCmd                    0x08002927   Thumb Code    24  stm32f4xx_usart.o(.text)
    USART_SendData                           0x0800293f   Thumb Code     8  stm32f4xx_usart.o(.text)
    USART_ReceiveData                        0x08002947   Thumb Code    10  stm32f4xx_usart.o(.text)
    USART_SetAddress                         0x08002951   Thumb Code    18  stm32f4xx_usart.o(.text)
    USART_ReceiverWakeUpCmd                  0x08002963   Thumb Code    24  stm32f4xx_usart.o(.text)
    USART_WakeUpConfig                       0x0800297b   Thumb Code    18  stm32f4xx_usart.o(.text)
    USART_LINBreakDetectLengthConfig         0x0800298d   Thumb Code    18  stm32f4xx_usart.o(.text)
    USART_LINCmd                             0x0800299f   Thumb Code    24  stm32f4xx_usart.o(.text)
    USART_SendBreak                          0x080029b7   Thumb Code    10  stm32f4xx_usart.o(.text)
    USART_HalfDuplexCmd                      0x080029c1   Thumb Code    24  stm32f4xx_usart.o(.text)
    USART_SetGuardTime                       0x080029d9   Thumb Code    16  stm32f4xx_usart.o(.text)
    USART_SmartCardCmd                       0x080029e9   Thumb Code    24  stm32f4xx_usart.o(.text)
    USART_SmartCardNACKCmd                   0x08002a01   Thumb Code    24  stm32f4xx_usart.o(.text)
    USART_IrDAConfig                         0x08002a19   Thumb Code    18  stm32f4xx_usart.o(.text)
    USART_IrDACmd                            0x08002a2b   Thumb Code    24  stm32f4xx_usart.o(.text)
    USART_DMACmd                             0x08002a43   Thumb Code    18  stm32f4xx_usart.o(.text)
    USART_ITConfig                           0x08002a55   Thumb Code    74  stm32f4xx_usart.o(.text)
    USART_GetFlagStatus                      0x08002a9f   Thumb Code    26  stm32f4xx_usart.o(.text)
    USART_ClearFlag                          0x08002ab9   Thumb Code    18  stm32f4xx_usart.o(.text)
    USART_GetITStatus                        0x08002acb   Thumb Code   110  stm32f4xx_usart.o(.text)
    USART_ClearITPendingBit                  0x08002b39   Thumb Code    30  stm32f4xx_usart.o(.text)
    Reset_Handler                            0x08002b59   Thumb Code     8  startup_stm32f40_41xxx.o(.text)
    ADC_IRQHandler                           0x08002b73   Thumb Code     0  startup_stm32f40_41xxx.o(.text)
    CAN1_RX0_IRQHandler                      0x08002b73   Thumb Code     0  startup_stm32f40_41xxx.o(.text)
    CAN1_RX1_IRQHandler                      0x08002b73   Thumb Code     0  startup_stm32f40_41xxx.o(.text)
    CAN1_SCE_IRQHandler                      0x08002b73   Thumb Code     0  startup_stm32f40_41xxx.o(.text)
    CAN1_TX_IRQHandler                       0x08002b73   Thumb Code     0  startup_stm32f40_41xxx.o(.text)
    CAN2_RX0_IRQHandler                      0x08002b73   Thumb Code     0  startup_stm32f40_41xxx.o(.text)
    CAN2_RX1_IRQHandler                      0x08002b73   Thumb Code     0  startup_stm32f40_41xxx.o(.text)
    CAN2_SCE_IRQHandler                      0x08002b73   Thumb Code     0  startup_stm32f40_41xxx.o(.text)
    CAN2_TX_IRQHandler                       0x08002b73   Thumb Code     0  startup_stm32f40_41xxx.o(.text)
    CRYP_IRQHandler                          0x08002b73   Thumb Code     0  startup_stm32f40_41xxx.o(.text)
    DCMI_IRQHandler                          0x08002b73   Thumb Code     0  startup_stm32f40_41xxx.o(.text)
    DMA1_Stream0_IRQHandler                  0x08002b73   Thumb Code     0  startup_stm32f40_41xxx.o(.text)
    DMA1_Stream1_IRQHandler                  0x08002b73   Thumb Code     0  startup_stm32f40_41xxx.o(.text)
    DMA1_Stream2_IRQHandler                  0x08002b73   Thumb Code     0  startup_stm32f40_41xxx.o(.text)
    DMA1_Stream3_IRQHandler                  0x08002b73   Thumb Code     0  startup_stm32f40_41xxx.o(.text)
    DMA1_Stream4_IRQHandler                  0x08002b73   Thumb Code     0  startup_stm32f40_41xxx.o(.text)
    DMA1_Stream5_IRQHandler                  0x08002b73   Thumb Code     0  startup_stm32f40_41xxx.o(.text)
    DMA1_Stream6_IRQHandler                  0x08002b73   Thumb Code     0  startup_stm32f40_41xxx.o(.text)
    DMA1_Stream7_IRQHandler                  0x08002b73   Thumb Code     0  startup_stm32f40_41xxx.o(.text)
    DMA2_Stream0_IRQHandler                  0x08002b73   Thumb Code     0  startup_stm32f40_41xxx.o(.text)
    DMA2_Stream1_IRQHandler                  0x08002b73   Thumb Code     0  startup_stm32f40_41xxx.o(.text)
    DMA2_Stream2_IRQHandler                  0x08002b73   Thumb Code     0  startup_stm32f40_41xxx.o(.text)
    DMA2_Stream3_IRQHandler                  0x08002b73   Thumb Code     0  startup_stm32f40_41xxx.o(.text)
    DMA2_Stream4_IRQHandler                  0x08002b73   Thumb Code     0  startup_stm32f40_41xxx.o(.text)
    DMA2_Stream5_IRQHandler                  0x08002b73   Thumb Code     0  startup_stm32f40_41xxx.o(.text)
    DMA2_Stream6_IRQHandler                  0x08002b73   Thumb Code     0  startup_stm32f40_41xxx.o(.text)
    DMA2_Stream7_IRQHandler                  0x08002b73   Thumb Code     0  startup_stm32f40_41xxx.o(.text)
    ETH_IRQHandler                           0x08002b73   Thumb Code     0  startup_stm32f40_41xxx.o(.text)
    ETH_WKUP_IRQHandler                      0x08002b73   Thumb Code     0  startup_stm32f40_41xxx.o(.text)
    EXTI0_IRQHandler                         0x08002b73   Thumb Code     0  startup_stm32f40_41xxx.o(.text)
    EXTI15_10_IRQHandler                     0x08002b73   Thumb Code     0  startup_stm32f40_41xxx.o(.text)
    EXTI1_IRQHandler                         0x08002b73   Thumb Code     0  startup_stm32f40_41xxx.o(.text)
    EXTI2_IRQHandler                         0x08002b73   Thumb Code     0  startup_stm32f40_41xxx.o(.text)
    EXTI3_IRQHandler                         0x08002b73   Thumb Code     0  startup_stm32f40_41xxx.o(.text)
    EXTI4_IRQHandler                         0x08002b73   Thumb Code     0  startup_stm32f40_41xxx.o(.text)
    EXTI9_5_IRQHandler                       0x08002b73   Thumb Code     0  startup_stm32f40_41xxx.o(.text)
    FLASH_IRQHandler                         0x08002b73   Thumb Code     0  startup_stm32f40_41xxx.o(.text)
    FPU_IRQHandler                           0x08002b73   Thumb Code     0  startup_stm32f40_41xxx.o(.text)
    FSMC_IRQHandler                          0x08002b73   Thumb Code     0  startup_stm32f40_41xxx.o(.text)
    HASH_RNG_IRQHandler                      0x08002b73   Thumb Code     0  startup_stm32f40_41xxx.o(.text)
    I2C1_ER_IRQHandler                       0x08002b73   Thumb Code     0  startup_stm32f40_41xxx.o(.text)
    I2C1_EV_IRQHandler                       0x08002b73   Thumb Code     0  startup_stm32f40_41xxx.o(.text)
    I2C2_ER_IRQHandler                       0x08002b73   Thumb Code     0  startup_stm32f40_41xxx.o(.text)
    I2C2_EV_IRQHandler                       0x08002b73   Thumb Code     0  startup_stm32f40_41xxx.o(.text)
    I2C3_ER_IRQHandler                       0x08002b73   Thumb Code     0  startup_stm32f40_41xxx.o(.text)
    I2C3_EV_IRQHandler                       0x08002b73   Thumb Code     0  startup_stm32f40_41xxx.o(.text)
    OTG_FS_IRQHandler                        0x08002b73   Thumb Code     0  startup_stm32f40_41xxx.o(.text)
    OTG_FS_WKUP_IRQHandler                   0x08002b73   Thumb Code     0  startup_stm32f40_41xxx.o(.text)
    OTG_HS_EP1_IN_IRQHandler                 0x08002b73   Thumb Code     0  startup_stm32f40_41xxx.o(.text)
    OTG_HS_EP1_OUT_IRQHandler                0x08002b73   Thumb Code     0  startup_stm32f40_41xxx.o(.text)
    OTG_HS_IRQHandler                        0x08002b73   Thumb Code     0  startup_stm32f40_41xxx.o(.text)
    OTG_HS_WKUP_IRQHandler                   0x08002b73   Thumb Code     0  startup_stm32f40_41xxx.o(.text)
    PVD_IRQHandler                           0x08002b73   Thumb Code     0  startup_stm32f40_41xxx.o(.text)
    RCC_IRQHandler                           0x08002b73   Thumb Code     0  startup_stm32f40_41xxx.o(.text)
    RTC_Alarm_IRQHandler                     0x08002b73   Thumb Code     0  startup_stm32f40_41xxx.o(.text)
    RTC_WKUP_IRQHandler                      0x08002b73   Thumb Code     0  startup_stm32f40_41xxx.o(.text)
    SDIO_IRQHandler                          0x08002b73   Thumb Code     0  startup_stm32f40_41xxx.o(.text)
    SPI1_IRQHandler                          0x08002b73   Thumb Code     0  startup_stm32f40_41xxx.o(.text)
    SPI2_IRQHandler                          0x08002b73   Thumb Code     0  startup_stm32f40_41xxx.o(.text)
    SPI3_IRQHandler                          0x08002b73   Thumb Code     0  startup_stm32f40_41xxx.o(.text)
    TAMP_STAMP_IRQHandler                    0x08002b73   Thumb Code     0  startup_stm32f40_41xxx.o(.text)
    TIM1_BRK_TIM9_IRQHandler                 0x08002b73   Thumb Code     0  startup_stm32f40_41xxx.o(.text)
    TIM1_CC_IRQHandler                       0x08002b73   Thumb Code     0  startup_stm32f40_41xxx.o(.text)
    TIM1_TRG_COM_TIM11_IRQHandler            0x08002b73   Thumb Code     0  startup_stm32f40_41xxx.o(.text)
    TIM1_UP_TIM10_IRQHandler                 0x08002b73   Thumb Code     0  startup_stm32f40_41xxx.o(.text)
    TIM2_IRQHandler                          0x08002b73   Thumb Code     0  startup_stm32f40_41xxx.o(.text)
    TIM3_IRQHandler                          0x08002b73   Thumb Code     0  startup_stm32f40_41xxx.o(.text)
    TIM4_IRQHandler                          0x08002b73   Thumb Code     0  startup_stm32f40_41xxx.o(.text)
    TIM5_IRQHandler                          0x08002b73   Thumb Code     0  startup_stm32f40_41xxx.o(.text)
    TIM6_DAC_IRQHandler                      0x08002b73   Thumb Code     0  startup_stm32f40_41xxx.o(.text)
    TIM7_IRQHandler                          0x08002b73   Thumb Code     0  startup_stm32f40_41xxx.o(.text)
    TIM8_BRK_TIM12_IRQHandler                0x08002b73   Thumb Code     0  startup_stm32f40_41xxx.o(.text)
    TIM8_CC_IRQHandler                       0x08002b73   Thumb Code     0  startup_stm32f40_41xxx.o(.text)
    TIM8_TRG_COM_TIM14_IRQHandler            0x08002b73   Thumb Code     0  startup_stm32f40_41xxx.o(.text)
    TIM8_UP_TIM13_IRQHandler                 0x08002b73   Thumb Code     0  startup_stm32f40_41xxx.o(.text)
    UART4_IRQHandler                         0x08002b73   Thumb Code     0  startup_stm32f40_41xxx.o(.text)
    UART5_IRQHandler                         0x08002b73   Thumb Code     0  startup_stm32f40_41xxx.o(.text)
    USART1_IRQHandler                        0x08002b73   Thumb Code     0  startup_stm32f40_41xxx.o(.text)
    USART2_IRQHandler                        0x08002b73   Thumb Code     0  startup_stm32f40_41xxx.o(.text)
    USART3_IRQHandler                        0x08002b73   Thumb Code     0  startup_stm32f40_41xxx.o(.text)
    USART6_IRQHandler                        0x08002b73   Thumb Code     0  startup_stm32f40_41xxx.o(.text)
    WWDG_IRQHandler                          0x08002b73   Thumb Code     0  startup_stm32f40_41xxx.o(.text)
    __user_initial_stackheap                 0x08002b75   Thumb Code     0  startup_stm32f40_41xxx.o(.text)
    STM_EVAL_GPIOReset                       0x08002b99   Thumb Code    58  stm32f407zg_sk.o(.text)
    STM_EVAL_LEDInit                         0x08002bd3   Thumb Code    62  stm32f407zg_sk.o(.text)
    STM_EVAL_LEDOn                           0x08002c11   Thumb Code    16  stm32f407zg_sk.o(.text)
    STM_EVAL_LEDOff                          0x08002c21   Thumb Code    16  stm32f407zg_sk.o(.text)
    STM_EVAL_LEDToggle                       0x08002c31   Thumb Code    26  stm32f407zg_sk.o(.text)
    STM_EVAL_PBInit                          0x08002c4b   Thumb Code   156  stm32f407zg_sk.o(.text)
    STM_EVAL_PBGetState                      0x08002ce7   Thumb Code    22  stm32f407zg_sk.o(.text)
    STM_EVAL_COMInit                         0x08002cfd   Thumb Code   182  stm32f407zg_sk.o(.text)
    ParTestInitialise                        0x08002e77   Thumb Code    34  main.o(.text)
    main                                     0x08002ead   Thumb Code    62  main.o(.text)
    NMI_Handler                              0x08002f0d   Thumb Code     2  stm32f4xx_it.o(.text)
    HardFault_Handler                        0x08002f0f   Thumb Code     4  stm32f4xx_it.o(.text)
    MemManage_Handler                        0x08002f13   Thumb Code     4  stm32f4xx_it.o(.text)
    BusFault_Handler                         0x08002f17   Thumb Code     4  stm32f4xx_it.o(.text)
    UsageFault_Handler                       0x08002f1b   Thumb Code     4  stm32f4xx_it.o(.text)
    DebugMon_Handler                         0x08002f1f   Thumb Code     2  stm32f4xx_it.o(.text)
    SystemInit                               0x08002ffd   Thumb Code    88  system_stm32f4xx.o(.text)
    SystemCoreClockUpdate                    0x08003055   Thumb Code   174  system_stm32f4xx.o(.text)
    __aeabi_memcpy                           0x08003131   Thumb Code     0  rt_memcpy_v6.o(.text)
    __rt_memcpy                              0x08003131   Thumb Code   138  rt_memcpy_v6.o(.text)
    _memcpy_lastbytes                        0x08003197   Thumb Code     0  rt_memcpy_v6.o(.text)
    __aeabi_memset                           0x080031bb   Thumb Code    16  aeabi_memset.o(.text)
    __aeabi_memclr                           0x080031cb   Thumb Code     0  rt_memclr.o(.text)
    __rt_memclr                              0x080031cb   Thumb Code    68  rt_memclr.o(.text)
    _memset                                  0x080031cf   Thumb Code     0  rt_memclr.o(.text)
    __use_two_region_memory                  0x0800320f   Thumb Code     2  heapauxi.o(.text)
    __rt_heap_escrow$2region                 0x08003211   Thumb Code     2  heapauxi.o(.text)
    __rt_heap_expand$2region                 0x08003213   Thumb Code     2  heapauxi.o(.text)
    __aeabi_memcpy4                          0x08003215   Thumb Code     0  rt_memcpy_w.o(.text)
    __aeabi_memcpy8                          0x08003215   Thumb Code     0  rt_memcpy_w.o(.text)
    __rt_memcpy_w                            0x08003215   Thumb Code   100  rt_memcpy_w.o(.text)
    _memcpy_lastbytes_aligned                0x0800325d   Thumb Code     0  rt_memcpy_w.o(.text)
    __aeabi_memclr4                          0x08003279   Thumb Code     0  rt_memclr_w.o(.text)
    __aeabi_memclr8                          0x08003279   Thumb Code     0  rt_memclr_w.o(.text)
    __rt_memclr_w                            0x08003279   Thumb Code    78  rt_memclr_w.o(.text)
    _memset_w                                0x0800327d   Thumb Code     0  rt_memclr_w.o(.text)
    __user_setup_stackheap                   0x080032c7   Thumb Code    74  sys_stackheap_outer.o(.text)
    exit                                     0x08003311   Thumb Code    12  exit.o(.text)
    __user_libspace                          0x0800331d   Thumb Code     8  libspace.o(.text)
    __user_perproc_libspace                  0x0800331d   Thumb Code     0  libspace.o(.text)
    __user_perthread_libspace                0x0800331d   Thumb Code     0  libspace.o(.text)
    _sys_exit                                0x08003325   Thumb Code     8  sys_exit.o(.text)
    __I$use$semihosting                      0x08003331   Thumb Code     0  use_no_semi.o(.text)
    __use_no_semihosting_swi                 0x08003331   Thumb Code     2  use_no_semi.o(.text)
    __semihosting_library_function           0x08003333   Thumb Code     0  indicate_semi.o(.text)
    _fp_init                                 0x08003333   Thumb Code    10  fpinit.o(x$fpl$fpinit)
    __fplib_config_fpu_vfp                   0x0800333b   Thumb Code     0  fpinit.o(x$fpl$fpinit)
    __fplib_config_pureend_doubles           0x0800333b   Thumb Code     0  fpinit.o(x$fpl$fpinit)
    GPIO_PIN                                 0x0800333c   Data          10  stm32f407zg_sk.o(.constdata)
    GPIO_CLK                                 0x08003348   Data          20  stm32f407zg_sk.o(.constdata)
    BUTTON_PIN                               0x0800335c   Data          16  stm32f407zg_sk.o(.constdata)
    BUTTON_CLK                               0x0800336c   Data          32  stm32f407zg_sk.o(.constdata)
    BUTTON_EXTI_LINE                         0x0800338c   Data          16  stm32f407zg_sk.o(.constdata)
    BUTTON_PORT_SOURCE                       0x0800339c   Data          16  stm32f407zg_sk.o(.constdata)
    BUTTON_PIN_SOURCE                        0x080033ac   Data          16  stm32f407zg_sk.o(.constdata)
    BUTTON_IRQn                              0x080033bc   Data          16  stm32f407zg_sk.o(.constdata)
    COM_USART_CLK                            0x080033cc   Data           8  stm32f407zg_sk.o(.constdata)
    COM_TX_PORT_CLK                          0x080033d4   Data           8  stm32f407zg_sk.o(.constdata)
    COM_RX_PORT_CLK                          0x080033dc   Data           8  stm32f407zg_sk.o(.constdata)
    COM_TX_PIN                               0x080033e4   Data           4  stm32f407zg_sk.o(.constdata)
    COM_RX_PIN                               0x080033e8   Data           4  stm32f407zg_sk.o(.constdata)
    COM_TX_PIN_SOURCE                        0x080033ec   Data           4  stm32f407zg_sk.o(.constdata)
    COM_RX_PIN_SOURCE                        0x080033f0   Data           4  stm32f407zg_sk.o(.constdata)
    COM_TX_AF                                0x080033f4   Data           4  stm32f407zg_sk.o(.constdata)
    COM_RX_AF                                0x080033f8   Data           4  stm32f407zg_sk.o(.constdata)
    Region$$Table$$Base                      0x080033fc   Number         0  anon$$obj.o(Region$$Table)
    Region$$Table$$Limit                     0x0800341c   Number         0  anon$$obj.o(Region$$Table)
    gptCurrentTCB                            0x20000010   Data           4  ostask.o(.data)
    GPIO_PORT                                0x20000068   Data          20  stm32f407zg_sk.o(.data)
    BUTTON_PORT                              0x2000007c   Data          32  stm32f407zg_sk.o(.data)
    COM_USART                                0x2000009c   Data           8  stm32f407zg_sk.o(.data)
    COM_TX_PORT                              0x200000a4   Data           8  stm32f407zg_sk.o(.data)
    COM_RX_PORT                              0x200000ac   Data           8  stm32f407zg_sk.o(.data)
    NVIC_InitStructure                       0x200000b4   Data           4  stm32f407zg_sk.o(.data)
    LedTaskHandle                            0x200000b8   Data           4  main.o(.data)
    CtrlTaskHandle                           0x200000bc   Data           4  main.o(.data)
    LedSemHandle                             0x200000c0   Data           4  main.o(.data)
    SystemCoreClock                          0x200000c4   Data           4  system_stm32f4xx.o(.data)
    AHBPrescTable                            0x200000c8   Data          16  system_stm32f4xx.o(.data)
    OSRamHeap                                0x200000d8   Data        4120  osmemory.o(.bss)
    __libspace_start                         0x2000125c   Data          96  libspace.o(.bss)
    __temporary_stack_top$libspace           0x200012bc   Data           0  libspace.o(.bss)



==============================================================================

Memory Map of the image

  Image Entry point : 0x08000189

  Load Region LR_IROM1 (Base: 0x08000000, Size: 0x000034f4, Max: 0x00100000, ABSOLUTE)

    Execution Region ER_IROM1 (Base: 0x08000000, Size: 0x0000341c, Max: 0x00100000, ABSOLUTE)

    Base Addr    Size         Type   Attr      Idx    E Section Name        Object

    0x08000000   0x00000188   Data   RO          916    RESET               startup_stm32f40_41xxx.o
    0x08000188   0x00000008   Code   RO         1059  * !!!main             c_w.l(__main.o)
    0x08000190   0x00000034   Code   RO         1217    !!!scatter          c_w.l(__scatter.o)
    0x080001c4   0x0000001a   Code   RO         1219    !!handler_copy      c_w.l(__scatter_copy.o)
    0x080001de   0x00000002   PAD
    0x080001e0   0x0000001c   Code   RO         1221    !!handler_zi        c_w.l(__scatter_zi.o)
    0x080001fc   0x00000002   Code   RO         1090    .ARM.Collect$$libinit$$00000000  c_w.l(libinit.o)
    0x080001fe   0x00000004   Code   RO         1096    .ARM.Collect$$libinit$$00000001  c_w.l(libinit2.o)
    0x08000202   0x00000000   Code   RO         1100    .ARM.Collect$$libinit$$00000008  c_w.l(libinit2.o)
    0x08000202   0x00000000   Code   RO         1102    .ARM.Collect$$libinit$$0000000A  c_w.l(libinit2.o)
    0x08000202   0x00000000   Code   RO         1104    .ARM.Collect$$libinit$$0000000C  c_w.l(libinit2.o)
    0x08000202   0x00000000   Code   RO         1107    .ARM.Collect$$libinit$$0000000F  c_w.l(libinit2.o)
    0x08000202   0x00000000   Code   RO         1109    .ARM.Collect$$libinit$$00000011  c_w.l(libinit2.o)
    0x08000202   0x00000000   Code   RO         1111    .ARM.Collect$$libinit$$00000013  c_w.l(libinit2.o)
    0x08000202   0x00000000   Code   RO         1113    .ARM.Collect$$libinit$$00000015  c_w.l(libinit2.o)
    0x08000202   0x00000000   Code   RO         1115    .ARM.Collect$$libinit$$00000017  c_w.l(libinit2.o)
    0x08000202   0x00000000   Code   RO         1117    .ARM.Collect$$libinit$$00000019  c_w.l(libinit2.o)
    0x08000202   0x00000000   Code   RO         1119    .ARM.Collect$$libinit$$0000001B  c_w.l(libinit2.o)
    0x08000202   0x00000000   Code   RO         1121    .ARM.Collect$$libinit$$0000001D  c_w.l(libinit2.o)
    0x08000202   0x00000000   Code   RO         1123    .ARM.Collect$$libinit$$0000001F  c_w.l(libinit2.o)
    0x08000202   0x00000000   Code   RO         1125    .ARM.Collect$$libinit$$00000021  c_w.l(libinit2.o)
    0x08000202   0x00000000   Code   RO         1127    .ARM.Collect$$libinit$$00000023  c_w.l(libinit2.o)
    0x08000202   0x00000000   Code   RO         1131    .ARM.Collect$$libinit$$0000002A  c_w.l(libinit2.o)
    0x08000202   0x00000000   Code   RO         1133    .ARM.Collect$$libinit$$0000002C  c_w.l(libinit2.o)
    0x08000202   0x00000000   Code   RO         1135    .ARM.Collect$$libinit$$0000002E  c_w.l(libinit2.o)
    0x08000202   0x00000000   Code   RO         1137    .ARM.Collect$$libinit$$00000030  c_w.l(libinit2.o)
    0x08000202   0x00000002   Code   RO         1138    .ARM.Collect$$libinit$$00000031  c_w.l(libinit2.o)
    0x08000204   0x00000002   Code   RO         1158    .ARM.Collect$$libshutdown$$00000000  c_w.l(libshutdown.o)
    0x08000206   0x00000000   Code   RO         1172    .ARM.Collect$$libshutdown$$00000003  c_w.l(libshutdown2.o)
    0x08000206   0x00000000   Code   RO         1175    .ARM.Collect$$libshutdown$$00000006  c_w.l(libshutdown2.o)
    0x08000206   0x00000000   Code   RO         1178    .ARM.Collect$$libshutdown$$00000009  c_w.l(libshutdown2.o)
    0x08000206   0x00000000   Code   RO         1180    .ARM.Collect$$libshutdown$$0000000B  c_w.l(libshutdown2.o)
    0x08000206   0x00000000   Code   RO         1183    .ARM.Collect$$libshutdown$$0000000E  c_w.l(libshutdown2.o)
    0x08000206   0x00000002   Code   RO         1184    .ARM.Collect$$libshutdown$$0000000F  c_w.l(libshutdown2.o)
    0x08000208   0x00000000   Code   RO         1061    .ARM.Collect$$rtentry$$00000000  c_w.l(rtentry.o)
    0x08000208   0x00000000   Code   RO         1067    .ARM.Collect$$rtentry$$00000002  c_w.l(rtentry2.o)
    0x08000208   0x00000006   Code   RO         1079    .ARM.Collect$$rtentry$$00000004  c_w.l(rtentry4.o)
    0x0800020e   0x00000000   Code   RO         1069    .ARM.Collect$$rtentry$$00000009  c_w.l(rtentry2.o)
    0x0800020e   0x00000004   Code   RO         1070    .ARM.Collect$$rtentry$$0000000A  c_w.l(rtentry2.o)
    0x08000212   0x00000000   Code   RO         1072    .ARM.Collect$$rtentry$$0000000C  c_w.l(rtentry2.o)
    0x08000212   0x00000008   Code   RO         1073    .ARM.Collect$$rtentry$$0000000D  c_w.l(rtentry2.o)
    0x0800021a   0x00000002   Code   RO         1094    .ARM.Collect$$rtexit$$00000000  c_w.l(rtexit.o)
    0x0800021c   0x00000000   Code   RO         1140    .ARM.Collect$$rtexit$$00000002  c_w.l(rtexit2.o)
    0x0800021c   0x00000004   Code   RO         1141    .ARM.Collect$$rtexit$$00000003  c_w.l(rtexit2.o)
    0x08000220   0x00000006   Code   RO         1142    .ARM.Collect$$rtexit$$00000004  c_w.l(rtexit2.o)
    0x08000226   0x00000002   PAD
    0x08000228   0x000000b6   Code   RO            1    .emb_text           fitcpu.o
    0x080002de   0x00000002   PAD
    0x080002e0   0x00000104   Code   RO            2    .text               fitcpu.o
    0x080003e4   0x0000009a   Code   RO           64    .text               oslist.o
    0x0800047e   0x00000002   PAD
    0x08000480   0x00000320   Code   RO           76    .text               osmemory.o
    0x080007a0   0x000001cc   Code   RO           98    .text               osmsgq.o
    0x0800096c   0x00000670   Code   RO          122    .text               osqueue.o
    0x08000fdc   0x000000c8   Code   RO          149    .text               ossemaphore.o
    0x080010a4   0x000009e8   Code   RO          161    .text               ostask.o
    0x08001a8c   0x00000244   Code   RO          177    .text               ostimer.o
    0x08001cd0   0x000000e0   Code   RO          193    .text               misc.o
    0x08001db0   0x0000011c   Code   RO          534    .text               stm32f4xx_exti.o
    0x08001ecc   0x0000025c   Code   RO          594    .text               stm32f4xx_gpio.o
    0x08002128   0x00000588   Code   RO          734    .text               stm32f4xx_rcc.o
    0x080026b0   0x0000008c   Code   RO          836    .text               stm32f4xx_syscfg.o
    0x0800273c   0x0000041a   Code   RO          876    .text               stm32f4xx_usart.o
    0x08002b56   0x00000002   PAD
    0x08002b58   0x00000040   Code   RO          917    .text               startup_stm32f40_41xxx.o
    0x08002b98   0x00000298   Code   RO          923    .text               stm32f407zg_sk.o
    0x08002e30   0x000000dc   Code   RO          950    .text               main.o
    0x08002f0c   0x00000014   Code   RO          976    .text               stm32f4xx_it.o
    0x08002f20   0x00000210   Code   RO         1025    .text               system_stm32f4xx.o
    0x08003130   0x0000008a   Code   RO         1051    .text               c_w.l(rt_memcpy_v6.o)
    0x080031ba   0x00000010   Code   RO         1053    .text               c_w.l(aeabi_memset.o)
    0x080031ca   0x00000044   Code   RO         1055    .text               c_w.l(rt_memclr.o)
    0x0800320e   0x00000006   Code   RO         1057    .text               c_w.l(heapauxi.o)
    0x08003214   0x00000064   Code   RO         1062    .text               c_w.l(rt_memcpy_w.o)
    0x08003278   0x0000004e   Code   RO         1064    .text               c_w.l(rt_memclr_w.o)
    0x080032c6   0x0000004a   Code   RO         1081    .text               c_w.l(sys_stackheap_outer.o)
    0x08003310   0x0000000c   Code   RO         1083    .text               c_w.l(exit.o)
    0x0800331c   0x00000008   Code   RO         1091    .text               c_w.l(libspace.o)
    0x08003324   0x0000000c   Code   RO         1150    .text               c_w.l(sys_exit.o)
    0x08003330   0x00000002   Code   RO         1161    .text               c_w.l(use_no_semi.o)
    0x08003332   0x00000000   Code   RO         1163    .text               c_w.l(indicate_semi.o)
    0x08003332   0x0000000a   Code   RO         1148    x$fpl$fpinit        fz_wm.l(fpinit.o)
    0x0800333c   0x000000c0   Data   RO          924    .constdata          stm32f407zg_sk.o
    0x080033fc   0x00000020   Data   RO         1215    Region$$Table       anon$$obj.o


    Execution Region RW_IRAM1 (Base: 0x20000000, Size: 0x000036c0, Max: 0x00020000, ABSOLUTE)

    Base Addr    Size         Type   Attr      Idx    E Section Name        Object

    0x20000000   0x00000004   Data   RW            3    .data               fitcpu.o
    0x20000004   0x0000000c   Data   RW           78    .data               osmemory.o
    0x20000010   0x00000038   Data   RW          163    .data               ostask.o
    0x20000048   0x00000010   Data   RW          178    .data               ostimer.o
    0x20000058   0x00000010   Data   RW          735    .data               stm32f4xx_rcc.o
    0x20000068   0x00000050   Data   RW          925    .data               stm32f407zg_sk.o
    0x200000b8   0x0000000c   Data   RW          951    .data               main.o
    0x200000c4   0x00000014   Data   RW         1026    .data               system_stm32f4xx.o
    0x200000d8   0x00001018   Zero   RW           77    .bss                osmemory.o
    0x200010f0   0x0000016c   Zero   RW          162    .bss                ostask.o
    0x2000125c   0x00000060   Zero   RW         1092    .bss                c_w.l(libspace.o)
    0x200012bc   0x00000004   PAD
    0x200012c0   0x00002000   Zero   RW          915    HEAP                startup_stm32f40_41xxx.o
    0x200032c0   0x00000400   Zero   RW          914    STACK               startup_stm32f40_41xxx.o


==============================================================================

Image component sizes


      Code (inc. data)   RO Data    RW Data    ZI Data      Debug   Object Name

       442         38          0          4          0      18731   fitcpu.o
       220         34          0         12          0       1301   main.o
       224         20          0          0          0     238705   misc.o
       154          0          0          0          0       1936   oslist.o
       800         16          0         12       4120       3688   osmemory.o
       460          4          0          0          0       4316   osmsgq.o
      1648          8          0          0          0      12186   osqueue.o
       200          6          0          0          0       2221   ossemaphore.o
      2536        198          0         56        364      11375   ostask.o
       580         32          0         16          0       3431   ostimer.o
        64         26        392          0       9216        844   startup_stm32f40_41xxx.o
       664        126        192         80          0      11396   stm32f407zg_sk.o
       284         10          0          0          0       2455   stm32f4xx_exti.o
       604         36          0          0          0       4221   stm32f4xx_gpio.o
        20          0          0          0          0        967   stm32f4xx_it.o
      1416         48          0         16          0      11147   stm32f4xx_rcc.o
       140         12          0          0          0       1747   stm32f4xx_syscfg.o
      1050         26          0          0          0       7928   stm32f4xx_usart.o
       528         46          0         20          0       1839   system_stm32f4xx.o

    ----------------------------------------------------------------------
     12040        686        616        216      13700     340434   Object Totals
         0          0         32          0          0          0   (incl. Generated)
         6          0          0          0          0          0   (incl. Padding)

    ----------------------------------------------------------------------

      Code (inc. data)   RO Data    RW Data    ZI Data      Debug   Library Member Name

         8          0          0          0          0         68   __main.o
        52          8          0          0          0          0   __scatter.o
        26          0          0          0          0          0   __scatter_copy.o
        28          0          0          0          0          0   __scatter_zi.o
        16          0          0          0          0         68   aeabi_memset.o
        12          0          0          0          0         72   exit.o
         6          0          0          0          0        152   heapauxi.o
         0          0          0          0          0          0   indicate_semi.o
         2          0          0          0          0          0   libinit.o
         6          0          0          0          0          0   libinit2.o
         2          0          0          0          0          0   libshutdown.o
         2          0          0          0          0          0   libshutdown2.o
         8          4          0          0         96         68   libspace.o
        68          0          0          0          0         68   rt_memclr.o
        78          0          0          0          0         80   rt_memclr_w.o
       138          0          0          0          0         68   rt_memcpy_v6.o
       100          0          0          0          0         80   rt_memcpy_w.o
         0          0          0          0          0          0   rtentry.o
        12          0          0          0          0          0   rtentry2.o
         6          0          0          0          0          0   rtentry4.o
         2          0          0          0          0          0   rtexit.o
        10          0          0          0          0          0   rtexit2.o
        12          4          0          0          0         68   sys_exit.o
        74          0          0          0          0         80   sys_stackheap_outer.o
         2          0          0          0          0         68   use_no_semi.o
        10          0          0          0          0        116   fpinit.o

    ----------------------------------------------------------------------
       684         16          0          0        100       1056   Library Totals
         4          0          0          0          4          0   (incl. Padding)

    ----------------------------------------------------------------------

      Code (inc. data)   RO Data    RW Data    ZI Data      Debug   Library Name

       670         16          0          0         96        940   c_w.l
        10          0          0          0          0        116   fz_wm.l

    ----------------------------------------------------------------------
       684         16          0          0        100       1056   Library Totals

    ----------------------------------------------------------------------

==============================================================================


      Code (inc. data)   RO Data    RW Data    ZI Data      Debug   

     12724        702        616        216      13800     337274   Grand Totals
     12724        702        616        216      13800     337274   ELF Image Totals
     12724        702        616        216          0          0   ROM Totals

==============================================================================

    Total RO  Size (Code + RO Data)                13340 (  13.03kB)
    Total RW  Size (RW Data + ZI Data)             14016 (  13.69kB)
    Total ROM Size (Code + RO Data + RW Data)      13556 (  13.24kB)

==============================================================================

